Socket connected
Sent: b'{"command": "login", "arguments": {"userId": 13755569, "password": "Nad115el", "appName": ""}}'
Received: {'status': True, 'streamSessionId': 'e41f13fffecd98b0-000028e4-0140fd54-c1d6140f1b4cea6e-fb688044'}
{'status': True, 'streamSessionId': 'e41f13fffecd98b0-000028e4-0140fd54-c1d6140f1b4cea6e-fb688044'}
Socket connected
Sent: b'{"command": "getTickPrices", "symbol": "EURUSD", "streamSessionId": "e41f13fffecd98b0-000028e4-0140fd54-c1d6140f1b4cea6e-fb688044"}'
Received: {'command': 'tickPrices', 'data': {'symbol': 'EURUSD', 'ask': 0.99759, 'bid': 0.99751, 'high': 0.99783, 'low': 0.99422, 'askVolume': 350000, 'bidVolume': 400000, 'timestamp': 1662101812401, 'level': 0, 'quoteId': 5, 'spreadTable': 0.8, 'spreadRaw': 8e-05}}
Stream received: {'command': 'tickPrices', 'data': {'symbol': 'EURUSD', 'ask': 0.99759, 'bid': 0.99751, 'high': 0.99783, 'low': 0.99422, 'askVolume': 350000, 'bidVolume': 400000, 'timestamp': 1662101812401, 'level': 0, 'quoteId': 5, 'spreadTable': 0.8, 'spreadRaw': 8e-05}}
Received: {'command': 'tickPrices', 'data': {'symbol': 'EURUSD', 'ask': 0.9976, 'bid': 0.9975, 'high': 0.99783, 'low': 0.99422, 'askVolume': 1000000, 'bidVolume': 1200000, 'timestamp': 1662101812401, 'level': 1, 'quoteId': 5, 'spreadTable': 1.0, 'spreadRaw': 0.0001}}
Stream received: {'command': 'tickPrices', 'data': {'symbol': 'EURUSD', 'ask': 0.9976, 'bid': 0.9975, 'high': 0.99783, 'low': 0.99422, 'askVolume': 1000000, 'bidVolume': 1200000, 'timestamp': 1662101812401, 'level': 1, 'quoteId': 5, 'spreadTable': 1.0, 'spreadRaw': 0.0001}}
Received: {'command': 'tickPrices', 'data': {'symbol': 'EURUSD', 'ask': 0.99762, 'bid': 0.99748, 'high': 0.99783, 'low': 0.99422, 'askVolume': 800000, 'bidVolume': 1000000, 'timestamp': 1662101812401, 'level': 2, 'quoteId': 5, 'spreadTable': 1.4, 'spreadRaw': 0.00014}}
Stream received: {'command': 'tickPrices', 'data': {'symbol': 'EURUSD', 'ask': 0.99762, 'bid': 0.99748, 'high': 0.99783, 'low': 0.99422, 'askVolume': 800000, 'bidVolume': 1000000, 'timestamp': 1662101812401, 'level': 2, 'quoteId': 5, 'spreadTable': 1.4, 'spreadRaw': 0.00014}}
Received: {'command': 'tickPrices', 'data': {'symbol': 'EURUSD', 'ask': 0.99768, 'bid': 0.99742, 'high': 0.99783, 'low': 0.99422, 'askVolume': 4500000, 'bidVolume': 3500000, 'timestamp': 1662101812401, 'level': 3, 'quoteId': 5, 'spreadTable': 2.6, 'spreadRaw': 0.00026}}
Stream received: {'command': 'tickPrices', 'data': {'symbol': 'EURUSD', 'ask': 0.99768, 'bid': 0.99742, 'high': 0.99783, 'low': 0.99422, 'askVolume': 4500000, 'bidVolume': 3500000, 'timestamp': 1662101812401, 'level': 3, 'quoteId': 5, 'spreadTable': 2.6, 'spreadRaw': 0.00026}}
Received: {'command': 'tickPrices', 'data': {'symbol': 'EURUSD', 'ask': 0.99776, 'bid': 0.99734, 'high': 0.99783, 'low': 0.99422, 'askVolume': 3000000, 'bidVolume': 4000000, 'timestamp': 1662101812401, 'level': 4, 'quoteId': 5, 'spreadTable': 4.2, 'spreadRaw': 0.00042}}
Stream received: {'command': 'tickPrices', 'data': {'symbol': 'EURUSD', 'ask': 0.99776, 'bid': 0.99734, 'high': 0.99783, 'low': 0.99422, 'askVolume': 3000000, 'bidVolume': 4000000, 'timestamp': 1662101812401, 'level': 4, 'quoteId': 5, 'spreadTable': 4.2, 'spreadRaw': 0.00042}}
Received: {'command': 'tickPrices', 'data': {'symbol': 'EURUSD', 'ask': 0.99761, 'bid': 0.99752, 'high': 0.99783, 'low': 0.99422, 'askVolume': 300000, 'bidVolume': 350000, 'timestamp': 1662101813080, 'level': 0, 'quoteId': 5, 'spreadTable': 0.9, 'spreadRaw': 9e-05}}
Stream received: {'command': 'tickPrices', 'data': {'symbol': 'EURUSD', 'ask': 0.99761, 'bid': 0.99752, 'high': 0.99783, 'low': 0.99422, 'askVolume': 300000, 'bidVolume': 350000, 'timestamp': 1662101813080, 'level': 0, 'quoteId': 5, 'spreadTable': 0.9, 'spreadRaw': 9e-05}}
Received: {'command': 'tickPrices', 'data': {'symbol': 'EURUSD', 'ask': 0.99764, 'bid': 0.99749, 'high': 0.99783, 'low': 0.99422, 'askVolume': 1000000, 'bidVolume': 1000000, 'timestamp': 1662101813080, 'level': 1, 'quoteId': 5, 'spreadTable': 1.5, 'spreadRaw': 0.00015}}
Stream received: {'command': 'tickPrices', 'data': {'symbol': 'EURUSD', 'ask': 0.99764, 'bid': 0.99749, 'high': 0.99783, 'low': 0.99422, 'askVolume': 1000000, 'bidVolume': 1000000, 'timestamp': 1662101813080, 'level': 1, 'quoteId': 5, 'spreadTable': 1.5, 'spreadRaw': 0.00015}}
Received: {'command': 'tickPrices', 'data': {'symbol': 'EURUSD', 'ask': 0.99766, 'bid': 0.99747, 'high': 0.99783, 'low': 0.99422, 'askVolume': 900000, 'bidVolume': 1000000, 'timestamp': 1662101813080, 'level': 2, 'quoteId': 5, 'spreadTable': 1.9, 'spreadRaw': 0.00019}}
Stream received: {'command': 'tickPrices', 'data': {'symbol': 'EURUSD', 'ask': 0.99766, 'bid': 0.99747, 'high': 0.99783, 'low': 0.99422, 'askVolume': 900000, 'bidVolume': 1000000, 'timestamp': 1662101813080, 'level': 2, 'quoteId': 5, 'spreadTable': 1.9, 'spreadRaw': 0.00019}}
Received: {'command': 'tickPrices', 'data': {'symbol': 'EURUSD', 'ask': 0.99772, 'bid': 0.99741, 'high': 0.99783, 'low': 0.99422, 'askVolume': 3000000, 'bidVolume': 5000000, 'timestamp': 1662101813080, 'level': 3, 'quoteId': 5, 'spreadTable': 3.1, 'spreadRaw': 0.00031}}
Stream received: {'command': 'tickPrices', 'data': {'symbol': 'EURUSD', 'ask': 0.99772, 'bid': 0.99741, 'high': 0.99783, 'low': 0.99422, 'askVolume': 3000000, 'bidVolume': 5000000, 'timestamp': 1662101813080, 'level': 3, 'quoteId': 5, 'spreadTable': 3.1, 'spreadRaw': 0.00031}}
Received: {'command': 'tickPrices', 'data': {'symbol': 'EURUSD', 'ask': 0.99782, 'bid': 0.99731, 'high': 0.99783, 'low': 0.99422, 'askVolume': 5000000, 'bidVolume': 5000000, 'timestamp': 1662101813080, 'level': 4, 'quoteId': 5, 'spreadTable': 5.1, 'spreadRaw': 0.00051}}
Stream received: {'command': 'tickPrices', 'data': {'symbol': 'EURUSD', 'ask': 0.99782, 'bid': 0.99731, 'high': 0.99783, 'low': 0.99422, 'askVolume': 5000000, 'bidVolume': 5000000, 'timestamp': 1662101813080, 'level': 4, 'quoteId': 5, 'spreadTable': 5.1, 'spreadRaw': 0.00051}}
Received: {'command': 'tickPrices', 'data': {'symbol': 'EURUSD', 'ask': 0.99762, 'bid': 0.99752, 'high': 0.99783, 'low': 0.99422, 'askVolume': 400000, 'bidVolume': 400000, 'timestamp': 1662101813432, 'level': 0, 'quoteId': 5, 'spreadTable': 1.0, 'spreadRaw': 0.0001}}
Stream received: {'command': 'tickPrices', 'data': {'symbol': 'EURUSD', 'ask': 0.99762, 'bid': 0.99752, 'high': 0.99783, 'low': 0.99422, 'askVolume': 400000, 'bidVolume': 400000, 'timestamp': 1662101813432, 'level': 0, 'quoteId': 5, 'spreadTable': 1.0, 'spreadRaw': 0.0001}}
Received: {'command': 'tickPrices', 'data': {'symbol': 'EURUSD', 'ask': 0.99764, 'bid': 0.9975, 'high': 0.99783, 'low': 0.99422, 'askVolume': 1200000, 'bidVolume': 800000, 'timestamp': 1662101813432, 'level': 1, 'quoteId': 5, 'spreadTable': 1.4, 'spreadRaw': 0.00014}}
Stream received: {'command': 'tickPrices', 'data': {'symbol': 'EURUSD', 'ask': 0.99764, 'bid': 0.9975, 'high': 0.99783, 'low': 0.99422, 'askVolume': 1200000, 'bidVolume': 800000, 'timestamp': 1662101813432, 'level': 1, 'quoteId': 5, 'spreadTable': 1.4, 'spreadRaw': 0.00014}}
Received: {'command': 'tickPrices', 'data': {'symbol': 'EURUSD', 'ask': 0.99766, 'bid': 0.99748, 'high': 0.99783, 'low': 0.99422, 'askVolume': 1200000, 'bidVolume': 900000, 'timestamp': 1662101813432, 'level': 2, 'quoteId': 5, 'spreadTable': 1.8, 'spreadRaw': 0.00018}}
Stream received: {'command': 'tickPrices', 'data': {'symbol': 'EURUSD', 'ask': 0.99766, 'bid': 0.99748, 'high': 0.99783, 'low': 0.99422, 'askVolume': 1200000, 'bidVolume': 900000, 'timestamp': 1662101813432, 'level': 2, 'quoteId': 5, 'spreadTable': 1.8, 'spreadRaw': 0.00018}}
Received: {'command': 'tickPrices', 'data': {'symbol': 'EURUSD', 'ask': 0.99774, 'bid': 0.9974, 'high': 0.99783, 'low': 0.99422, 'askVolume': 3000000, 'bidVolume': 3000000, 'timestamp': 1662101813432, 'level': 3, 'quoteId': 5, 'spreadTable': 3.4, 'spreadRaw': 0.00034}}
Stream received: {'command': 'tickPrices', 'data': {'symbol': 'EURUSD', 'ask': 0.99774, 'bid': 0.9974, 'high': 0.99783, 'low': 0.99422, 'askVolume': 3000000, 'bidVolume': 3000000, 'timestamp': 1662101813432, 'level': 3, 'quoteId': 5, 'spreadTable': 3.4, 'spreadRaw': 0.00034}}
Closing socket
Socket connected
Sent: b'{"command": "login", "arguments": {"userId": 13755569, "password": "Nad115el", "appName": ""}}'
Received: {'status': True, 'streamSessionId': 'e41f13fffecd98b0-000028e4-014107e4-dd365a31f171bd03-41868961'}
{'status': True, 'streamSessionId': 'e41f13fffecd98b0-000028e4-014107e4-dd365a31f171bd03-41868961'}
Socket connected
Sent: b'{"command": "getTickPrices", "symbol": "EURUSD", "streamSessionId": "e41f13fffecd98b0-000028e4-014107e4-dd365a31f171bd03-41868961"}'
Received: {'command': 'tickPrices', 'data': {'symbol': 'EURUSD', 'ask': 0.99746, 'bid': 0.99736, 'high': 0.99783, 'low': 0.99422, 'askVolume': 350000, 'bidVolume': 450000, 'timestamp': 1662102125888, 'level': 0, 'quoteId': 5, 'spreadTable': 1.0, 'spreadRaw': 0.0001}}
Stream received: {'command': 'tickPrices', 'data': {'symbol': 'EURUSD', 'ask': 0.99746, 'bid': 0.99736, 'high': 0.99783, 'low': 0.99422, 'askVolume': 350000, 'bidVolume': 450000, 'timestamp': 1662102125888, 'level': 0, 'quoteId': 5, 'spreadTable': 1.0, 'spreadRaw': 0.0001}}
Received: {'command': 'tickPrices', 'data': {'symbol': 'EURUSD', 'ask': 0.99748, 'bid': 0.99734, 'high': 0.99783, 'low': 0.99422, 'askVolume': 1000000, 'bidVolume': 900000, 'timestamp': 1662102125888, 'level': 1, 'quoteId': 5, 'spreadTable': 1.4, 'spreadRaw': 0.00014}}
Stream received: {'command': 'tickPrices', 'data': {'symbol': 'EURUSD', 'ask': 0.99748, 'bid': 0.99734, 'high': 0.99783, 'low': 0.99422, 'askVolume': 1000000, 'bidVolume': 900000, 'timestamp': 1662102125888, 'level': 1, 'quoteId': 5, 'spreadTable': 1.4, 'spreadRaw': 0.00014}}
Received: {'command': 'tickPrices', 'data': {'symbol': 'EURUSD', 'ask': 0.9975, 'bid': 0.99732, 'high': 0.99783, 'low': 0.99422, 'askVolume': 900000, 'bidVolume': 1000000, 'timestamp': 1662102125888, 'level': 2, 'quoteId': 5, 'spreadTable': 1.8, 'spreadRaw': 0.00018}}
Stream received: {'command': 'tickPrices', 'data': {'symbol': 'EURUSD', 'ask': 0.9975, 'bid': 0.99732, 'high': 0.99783, 'low': 0.99422, 'askVolume': 900000, 'bidVolume': 1000000, 'timestamp': 1662102125888, 'level': 2, 'quoteId': 5, 'spreadTable': 1.8, 'spreadRaw': 0.00018}}
Received: {'command': 'tickPrices', 'data': {'symbol': 'EURUSD', 'ask': 0.99756, 'bid': 0.99726, 'high': 0.99783, 'low': 0.99422, 'askVolume': 4500000, 'bidVolume': 4500000, 'timestamp': 1662102125888, 'level': 3, 'quoteId': 5, 'spreadTable': 3.0, 'spreadRaw': 0.0003}}
Stream received: {'command': 'tickPrices', 'data': {'symbol': 'EURUSD', 'ask': 0.99756, 'bid': 0.99726, 'high': 0.99783, 'low': 0.99422, 'askVolume': 4500000, 'bidVolume': 4500000, 'timestamp': 1662102125888, 'level': 3, 'quoteId': 5, 'spreadTable': 3.0, 'spreadRaw': 0.0003}}
Received: {'command': 'tickPrices', 'data': {'symbol': 'EURUSD', 'ask': 0.99766, 'bid': 0.99716, 'high': 0.99783, 'low': 0.99422, 'askVolume': 3000000, 'bidVolume': 4000000, 'timestamp': 1662102125888, 'level': 4, 'quoteId': 5, 'spreadTable': 5.0, 'spreadRaw': 0.0005}}
Stream received: {'command': 'tickPrices', 'data': {'symbol': 'EURUSD', 'ask': 0.99766, 'bid': 0.99716, 'high': 0.99783, 'low': 0.99422, 'askVolume': 3000000, 'bidVolume': 4000000, 'timestamp': 1662102125888, 'level': 4, 'quoteId': 5, 'spreadTable': 5.0, 'spreadRaw': 0.0005}}
Received: {'command': 'tickPrices', 'data': {'symbol': 'EURUSD', 'ask': 0.99742, 'bid': 0.99734, 'high': 0.99783, 'low': 0.99422, 'askVolume': 350000, 'bidVolume': 450000, 'timestamp': 1662102126105, 'level': 0, 'quoteId': 5, 'spreadTable': 0.8, 'spreadRaw': 8e-05}}
Stream received: {'command': 'tickPrices', 'data': {'symbol': 'EURUSD', 'ask': 0.99742, 'bid': 0.99734, 'high': 0.99783, 'low': 0.99422, 'askVolume': 350000, 'bidVolume': 450000, 'timestamp': 1662102126105, 'level': 0, 'quoteId': 5, 'spreadTable': 0.8, 'spreadRaw': 8e-05}}
Received: {'command': 'tickPrices', 'data': {'symbol': 'EURUSD', 'ask': 0.99744, 'bid': 0.99732, 'high': 0.99783, 'low': 0.99422, 'askVolume': 800000, 'bidVolume': 900000, 'timestamp': 1662102126105, 'level': 1, 'quoteId': 5, 'spreadTable': 1.2, 'spreadRaw': 0.00012}}
Stream received: {'command': 'tickPrices', 'data': {'symbol': 'EURUSD', 'ask': 0.99744, 'bid': 0.99732, 'high': 0.99783, 'low': 0.99422, 'askVolume': 800000, 'bidVolume': 900000, 'timestamp': 1662102126105, 'level': 1, 'quoteId': 5, 'spreadTable': 1.2, 'spreadRaw': 0.00012}}
Received: {'command': 'tickPrices', 'data': {'symbol': 'EURUSD', 'ask': 0.99746, 'bid': 0.9973, 'high': 0.99783, 'low': 0.99422, 'askVolume': 800000, 'bidVolume': 900000, 'timestamp': 1662102126105, 'level': 2, 'quoteId': 5, 'spreadTable': 1.6, 'spreadRaw': 0.00016}}
Stream received: {'command': 'tickPrices', 'data': {'symbol': 'EURUSD', 'ask': 0.99746, 'bid': 0.9973, 'high': 0.99783, 'low': 0.99422, 'askVolume': 800000, 'bidVolume': 900000, 'timestamp': 1662102126105, 'level': 2, 'quoteId': 5, 'spreadTable': 1.6, 'spreadRaw': 0.00016}}
Received: {'command': 'tickPrices', 'data': {'symbol': 'EURUSD', 'ask': 0.99752, 'bid': 0.99724, 'high': 0.99783, 'low': 0.99422, 'askVolume': 3500000, 'bidVolume': 3500000, 'timestamp': 1662102126105, 'level': 3, 'quoteId': 5, 'spreadTable': 2.8, 'spreadRaw': 0.00028}}
Stream received: {'command': 'tickPrices', 'data': {'symbol': 'EURUSD', 'ask': 0.99752, 'bid': 0.99724, 'high': 0.99783, 'low': 0.99422, 'askVolume': 3500000, 'bidVolume': 3500000, 'timestamp': 1662102126105, 'level': 3, 'quoteId': 5, 'spreadTable': 2.8, 'spreadRaw': 0.00028}}
Received: {'command': 'tickPrices', 'data': {'symbol': 'EURUSD', 'ask': 0.99761, 'bid': 0.99715, 'high': 0.99783, 'low': 0.99422, 'askVolume': 3000000, 'bidVolume': 4000000, 'timestamp': 1662102126105, 'level': 4, 'quoteId': 5, 'spreadTable': 4.6, 'spreadRaw': 0.00046}}
Stream received: {'command': 'tickPrices', 'data': {'symbol': 'EURUSD', 'ask': 0.99761, 'bid': 0.99715, 'high': 0.99783, 'low': 0.99422, 'askVolume': 3000000, 'bidVolume': 4000000, 'timestamp': 1662102126105, 'level': 4, 'quoteId': 5, 'spreadTable': 4.6, 'spreadRaw': 0.00046}}
Received: {'command': 'tickPrices', 'data': {'symbol': 'EURUSD', 'ask': 0.99743, 'bid': 0.99734, 'high': 0.99783, 'low': 0.99422, 'askVolume': 350000, 'bidVolume': 450000, 'timestamp': 1662102126736, 'level': 0, 'quoteId': 5, 'spreadTable': 0.9, 'spreadRaw': 9e-05}}
Stream received: {'command': 'tickPrices', 'data': {'symbol': 'EURUSD', 'ask': 0.99743, 'bid': 0.99734, 'high': 0.99783, 'low': 0.99422, 'askVolume': 350000, 'bidVolume': 450000, 'timestamp': 1662102126736, 'level': 0, 'quoteId': 5, 'spreadTable': 0.9, 'spreadRaw': 9e-05}}
Received: {'command': 'tickPrices', 'data': {'symbol': 'EURUSD', 'ask': 0.99746, 'bid': 0.99731, 'high': 0.99783, 'low': 0.99422, 'askVolume': 1000000, 'bidVolume': 1000000, 'timestamp': 1662102126736, 'level': 1, 'quoteId': 5, 'spreadTable': 1.5, 'spreadRaw': 0.00015}}
Stream received: {'command': 'tickPrices', 'data': {'symbol': 'EURUSD', 'ask': 0.99746, 'bid': 0.99731, 'high': 0.99783, 'low': 0.99422, 'askVolume': 1000000, 'bidVolume': 1000000, 'timestamp': 1662102126736, 'level': 1, 'quoteId': 5, 'spreadTable': 1.5, 'spreadRaw': 0.00015}}
Received: {'command': 'tickPrices', 'data': {'symbol': 'EURUSD', 'ask': 0.99749, 'bid': 0.99728, 'high': 0.99783, 'low': 0.99422, 'askVolume': 1000000, 'bidVolume': 1100000, 'timestamp': 1662102126736, 'level': 2, 'quoteId': 5, 'spreadTable': 2.1, 'spreadRaw': 0.00021}}
Stream received: {'command': 'tickPrices', 'data': {'symbol': 'EURUSD', 'ask': 0.99749, 'bid': 0.99728, 'high': 0.99783, 'low': 0.99422, 'askVolume': 1000000, 'bidVolume': 1100000, 'timestamp': 1662102126736, 'level': 2, 'quoteId': 5, 'spreadTable': 2.1, 'spreadRaw': 0.00021}}
Received: {'command': 'tickPrices', 'data': {'symbol': 'EURUSD', 'ask': 0.99757, 'bid': 0.9972, 'high': 0.99783, 'low': 0.99422, 'askVolume': 4000000, 'bidVolume': 4500000, 'timestamp': 1662102126736, 'level': 3, 'quoteId': 5, 'spreadTable': 3.7, 'spreadRaw': 0.00037}}
Stream received: {'command': 'tickPrices', 'data': {'symbol': 'EURUSD', 'ask': 0.99757, 'bid': 0.9972, 'high': 0.99783, 'low': 0.99422, 'askVolume': 4000000, 'bidVolume': 4500000, 'timestamp': 1662102126736, 'level': 3, 'quoteId': 5, 'spreadTable': 3.7, 'spreadRaw': 0.00037}}
Received: {'command': 'tickPrices', 'data': {'symbol': 'EURUSD', 'ask': 0.99767, 'bid': 0.9971, 'high': 0.99783, 'low': 0.99422, 'askVolume': 5000000, 'bidVolume': 5000000, 'timestamp': 1662102126736, 'level': 4, 'quoteId': 5, 'spreadTable': 5.7, 'spreadRaw': 0.00057}}
Stream received: {'command': 'tickPrices', 'data': {'symbol': 'EURUSD', 'ask': 0.99767, 'bid': 0.9971, 'high': 0.99783, 'low': 0.99422, 'askVolume': 5000000, 'bidVolume': 5000000, 'timestamp': 1662102126736, 'level': 4, 'quoteId': 5, 'spreadTable': 5.7, 'spreadRaw': 0.00057}}
Received: {'command': 'tickPrices', 'data': {'symbol': 'EURUSD', 'ask': 0.99743, 'bid': 0.99735, 'high': 0.99783, 'low': 0.99422, 'askVolume': 450000, 'bidVolume': 500000, 'timestamp': 1662102127000, 'level': 0, 'quoteId': 5, 'spreadTable': 0.8, 'spreadRaw': 8e-05}}
Stream received: {'command': 'tickPrices', 'data': {'symbol': 'EURUSD', 'ask': 0.99743, 'bid': 0.99735, 'high': 0.99783, 'low': 0.99422, 'askVolume': 450000, 'bidVolume': 500000, 'timestamp': 1662102127000, 'level': 0, 'quoteId': 5, 'spreadTable': 0.8, 'spreadRaw': 8e-05}}
Received: {'command': 'tickPrices', 'data': {'symbol': 'EURUSD', 'ask': 0.99744, 'bid': 0.99734, 'high': 0.99783, 'low': 0.99422, 'askVolume': 800000, 'bidVolume': 1000000, 'timestamp': 1662102127000, 'level': 1, 'quoteId': 5, 'spreadTable': 1.0, 'spreadRaw': 0.0001}}
Stream received: {'command': 'tickPrices', 'data': {'symbol': 'EURUSD', 'ask': 0.99744, 'bid': 0.99734, 'high': 0.99783, 'low': 0.99422, 'askVolume': 800000, 'bidVolume': 1000000, 'timestamp': 1662102127000, 'level': 1, 'quoteId': 5, 'spreadTable': 1.0, 'spreadRaw': 0.0001}}
Received: {'command': 'tickPrices', 'data': {'symbol': 'EURUSD', 'ask': 0.99747, 'bid': 0.99731, 'high': 0.99783, 'low': 0.99422, 'askVolume': 900000, 'bidVolume': 1200000, 'timestamp': 1662102127000, 'level': 2, 'quoteId': 5, 'spreadTable': 1.6, 'spreadRaw': 0.00016}}
Stream received: {'command': 'tickPrices', 'data': {'symbol': 'EURUSD', 'ask': 0.99747, 'bid': 0.99731, 'high': 0.99783, 'low': 0.99422, 'askVolume': 900000, 'bidVolume': 1200000, 'timestamp': 1662102127000, 'level': 2, 'quoteId': 5, 'spreadTable': 1.6, 'spreadRaw': 0.00016}}
Received: {'command': 'tickPrices', 'data': {'symbol': 'EURUSD', 'ask': 0.99753, 'bid': 0.99725, 'high': 0.99783, 'low': 0.99422, 'askVolume': 4500000, 'bidVolume': 4500000, 'timestamp': 1662102127000, 'level': 3, 'quoteId': 5, 'spreadTable': 2.8, 'spreadRaw': 0.00028}}
Stream received: {'command': 'tickPrices', 'data': {'symbol': 'EURUSD', 'ask': 0.99753, 'bid': 0.99725, 'high': 0.99783, 'low': 0.99422, 'askVolume': 4500000, 'bidVolume': 4500000, 'timestamp': 1662102127000, 'level': 3, 'quoteId': 5, 'spreadTable': 2.8, 'spreadRaw': 0.00028}}
Received: {'command': 'tickPrices', 'data': {'symbol': 'EURUSD', 'ask': 0.99762, 'bid': 0.99716, 'high': 0.99783, 'low': 0.99422, 'askVolume': 5000000, 'bidVolume': 5000000, 'timestamp': 1662102127000, 'level': 4, 'quoteId': 5, 'spreadTable': 4.6, 'spreadRaw': 0.00046}}
Stream received: {'command': 'tickPrices', 'data': {'symbol': 'EURUSD', 'ask': 0.99762, 'bid': 0.99716, 'high': 0.99783, 'low': 0.99422, 'askVolume': 5000000, 'bidVolume': 5000000, 'timestamp': 1662102127000, 'level': 4, 'quoteId': 5, 'spreadTable': 4.6, 'spreadRaw': 0.00046}}
Received: {'command': 'tickPrices', 'data': {'symbol': 'EURUSD', 'ask': 0.99746, 'bid': 0.99735, 'high': 0.99783, 'low': 0.99422, 'askVolume': 500000, 'bidVolume': 350000, 'timestamp': 1662102127510, 'level': 0, 'quoteId': 5, 'spreadTable': 1.1, 'spreadRaw': 0.00011}}
Stream received: {'command': 'tickPrices', 'data': {'symbol': 'EURUSD', 'ask': 0.99746, 'bid': 0.99735, 'high': 0.99783, 'low': 0.99422, 'askVolume': 500000, 'bidVolume': 350000, 'timestamp': 1662102127510, 'level': 0, 'quoteId': 5, 'spreadTable': 1.1, 'spreadRaw': 0.00011}}
Received: {'command': 'tickPrices', 'data': {'symbol': 'EURUSD', 'ask': 0.99747, 'bid': 0.99734, 'high': 0.99783, 'low': 0.99422, 'askVolume': 1000000, 'bidVolume': 900000, 'timestamp': 1662102127510, 'level': 1, 'quoteId': 5, 'spreadTable': 1.3, 'spreadRaw': 0.00013}}
Stream received: {'command': 'tickPrices', 'data': {'symbol': 'EURUSD', 'ask': 0.99747, 'bid': 0.99734, 'high': 0.99783, 'low': 0.99422, 'askVolume': 1000000, 'bidVolume': 900000, 'timestamp': 1662102127510, 'level': 1, 'quoteId': 5, 'spreadTable': 1.3, 'spreadRaw': 0.00013}}
Received: {'command': 'tickPrices', 'data': {'symbol': 'EURUSD', 'ask': 0.9975, 'bid': 0.99731, 'high': 0.99783, 'low': 0.99422, 'askVolume': 1200000, 'bidVolume': 1000000, 'timestamp': 1662102127510, 'level': 2, 'quoteId': 5, 'spreadTable': 1.9, 'spreadRaw': 0.00019}}
Stream received: {'command': 'tickPrices', 'data': {'symbol': 'EURUSD', 'ask': 0.9975, 'bid': 0.99731, 'high': 0.99783, 'low': 0.99422, 'askVolume': 1200000, 'bidVolume': 1000000, 'timestamp': 1662102127510, 'level': 2, 'quoteId': 5, 'spreadTable': 1.9, 'spreadRaw': 0.00019}}
Received: {'command': 'tickPrices', 'data': {'symbol': 'EURUSD', 'ask': 0.99757, 'bid': 0.99724, 'high': 0.99783, 'low': 0.99422, 'askVolume': 3500000, 'bidVolume': 3500000, 'timestamp': 1662102127510, 'level': 3, 'quoteId': 5, 'spreadTable': 3.3, 'spreadRaw': 0.00033}}
Stream received: {'command': 'tickPrices', 'data': {'symbol': 'EURUSD', 'ask': 0.99757, 'bid': 0.99724, 'high': 0.99783, 'low': 0.99422, 'askVolume': 3500000, 'bidVolume': 3500000, 'timestamp': 1662102127510, 'level': 3, 'quoteId': 5, 'spreadTable': 3.3, 'spreadRaw': 0.00033}}
Received: {'command': 'tickPrices', 'data': {'symbol': 'EURUSD', 'ask': 0.99767, 'bid': 0.99714, 'high': 0.99783, 'low': 0.99422, 'askVolume': 3500000, 'bidVolume': 4000000, 'timestamp': 1662102127510, 'level': 4, 'quoteId': 5, 'spreadTable': 5.3, 'spreadRaw': 0.00053}}
Stream received: {'command': 'tickPrices', 'data': {'symbol': 'EURUSD', 'ask': 0.99767, 'bid': 0.99714, 'high': 0.99783, 'low': 0.99422, 'askVolume': 3500000, 'bidVolume': 4000000, 'timestamp': 1662102127510, 'level': 4, 'quoteId': 5, 'spreadTable': 5.3, 'spreadRaw': 0.00053}}
Received: {'command': 'tickPrices', 'data': {'symbol': 'EURUSD', 'ask': 0.99746, 'bid': 0.99735, 'high': 0.99783, 'low': 0.99422, 'askVolume': 497000, 'bidVolume': 350000, 'timestamp': 1662102127772, 'level': 0, 'quoteId': 5, 'spreadTable': 1.1, 'spreadRaw': 0.00011}}
Stream received: {'command': 'tickPrices', 'data': {'symbol': 'EURUSD', 'ask': 0.99746, 'bid': 0.99735, 'high': 0.99783, 'low': 0.99422, 'askVolume': 497000, 'bidVolume': 350000, 'timestamp': 1662102127772, 'level': 0, 'quoteId': 5, 'spreadTable': 1.1, 'spreadRaw': 0.00011}}
Received: {'command': 'tickPrices', 'data': {'symbol': 'EURUSD', 'ask': 0.99747, 'bid': 0.99734, 'high': 0.99783, 'low': 0.99422, 'askVolume': 1000000, 'bidVolume': 900000, 'timestamp': 1662102127772, 'level': 1, 'quoteId': 5, 'spreadTable': 1.3, 'spreadRaw': 0.00013}}
Stream received: {'command': 'tickPrices', 'data': {'symbol': 'EURUSD', 'ask': 0.99747, 'bid': 0.99734, 'high': 0.99783, 'low': 0.99422, 'askVolume': 1000000, 'bidVolume': 900000, 'timestamp': 1662102127772, 'level': 1, 'quoteId': 5, 'spreadTable': 1.3, 'spreadRaw': 0.00013}}
Received: {'command': 'tickPrices', 'data': {'symbol': 'EURUSD', 'ask': 0.9975, 'bid': 0.99731, 'high': 0.99783, 'low': 0.99422, 'askVolume': 1200000, 'bidVolume': 1000000, 'timestamp': 1662102127772, 'level': 2, 'quoteId': 5, 'spreadTable': 1.9, 'spreadRaw': 0.00019}}
Stream received: {'command': 'tickPrices', 'data': {'symbol': 'EURUSD', 'ask': 0.9975, 'bid': 0.99731, 'high': 0.99783, 'low': 0.99422, 'askVolume': 1200000, 'bidVolume': 1000000, 'timestamp': 1662102127772, 'level': 2, 'quoteId': 5, 'spreadTable': 1.9, 'spreadRaw': 0.00019}}
Received: {'command': 'tickPrices', 'data': {'symbol': 'EURUSD', 'ask': 0.99757, 'bid': 0.99724, 'high': 0.99783, 'low': 0.99422, 'askVolume': 3500000, 'bidVolume': 3500000, 'timestamp': 1662102127772, 'level': 3, 'quoteId': 5, 'spreadTable': 3.3, 'spreadRaw': 0.00033}}
Stream received: {'command': 'tickPrices', 'data': {'symbol': 'EURUSD', 'ask': 0.99757, 'bid': 0.99724, 'high': 0.99783, 'low': 0.99422, 'askVolume': 3500000, 'bidVolume': 3500000, 'timestamp': 1662102127772, 'level': 3, 'quoteId': 5, 'spreadTable': 3.3, 'spreadRaw': 0.00033}}
Received: {'command': 'tickPrices', 'data': {'symbol': 'EURUSD', 'ask': 0.99767, 'bid': 0.99714, 'high': 0.99783, 'low': 0.99422, 'askVolume': 3500000, 'bidVolume': 4000000, 'timestamp': 1662102127772, 'level': 4, 'quoteId': 5, 'spreadTable': 5.3, 'spreadRaw': 0.00053}}
Stream received: {'command': 'tickPrices', 'data': {'symbol': 'EURUSD', 'ask': 0.99767, 'bid': 0.99714, 'high': 0.99783, 'low': 0.99422, 'askVolume': 3500000, 'bidVolume': 4000000, 'timestamp': 1662102127772, 'level': 4, 'quoteId': 5, 'spreadTable': 5.3, 'spreadRaw': 0.00053}}
Received: {'command': 'tickPrices', 'data': {'symbol': 'EURUSD', 'ask': 0.99746, 'bid': 0.99737, 'high': 0.99783, 'low': 0.99422, 'askVolume': 450000, 'bidVolume': 400000, 'timestamp': 1662102128222, 'level': 0, 'quoteId': 5, 'spreadTable': 0.9, 'spreadRaw': 9e-05}}
Stream received: {'command': 'tickPrices', 'data': {'symbol': 'EURUSD', 'ask': 0.99746, 'bid': 0.99737, 'high': 0.99783, 'low': 0.99422, 'askVolume': 450000, 'bidVolume': 400000, 'timestamp': 1662102128222, 'level': 0, 'quoteId': 5, 'spreadTable': 0.9, 'spreadRaw': 9e-05}}
Received: {'command': 'tickPrices', 'data': {'symbol': 'EURUSD', 'ask': 0.99749, 'bid': 0.99734, 'high': 0.99783, 'low': 0.99422, 'askVolume': 1000000, 'bidVolume': 800000, 'timestamp': 1662102128222, 'level': 1, 'quoteId': 5, 'spreadTable': 1.5, 'spreadRaw': 0.00015}}
Stream received: {'command': 'tickPrices', 'data': {'symbol': 'EURUSD', 'ask': 0.99749, 'bid': 0.99734, 'high': 0.99783, 'low': 0.99422, 'askVolume': 1000000, 'bidVolume': 800000, 'timestamp': 1662102128222, 'level': 1, 'quoteId': 5, 'spreadTable': 1.5, 'spreadRaw': 0.00015}}
Received: {'command': 'tickPrices', 'data': {'symbol': 'EURUSD', 'ask': 0.99752, 'bid': 0.99731, 'high': 0.99783, 'low': 0.99422, 'askVolume': 900000, 'bidVolume': 1200000, 'timestamp': 1662102128222, 'level': 2, 'quoteId': 5, 'spreadTable': 2.1, 'spreadRaw': 0.00021}}
Stream received: {'command': 'tickPrices', 'data': {'symbol': 'EURUSD', 'ask': 0.99752, 'bid': 0.99731, 'high': 0.99783, 'low': 0.99422, 'askVolume': 900000, 'bidVolume': 1200000, 'timestamp': 1662102128222, 'level': 2, 'quoteId': 5, 'spreadTable': 2.1, 'spreadRaw': 0.00021}}
Received: {'command': 'tickPrices', 'data': {'symbol': 'EURUSD', 'ask': 0.99759, 'bid': 0.99724, 'high': 0.99783, 'low': 0.99422, 'askVolume': 3000000, 'bidVolume': 3500000, 'timestamp': 1662102128222, 'level': 3, 'quoteId': 5, 'spreadTable': 3.5, 'spreadRaw': 0.00035}}
Stream received: {'command': 'tickPrices', 'data': {'symbol': 'EURUSD', 'ask': 0.99759, 'bid': 0.99724, 'high': 0.99783, 'low': 0.99422, 'askVolume': 3000000, 'bidVolume': 3500000, 'timestamp': 1662102128222, 'level': 3, 'quoteId': 5, 'spreadTable': 3.5, 'spreadRaw': 0.00035}}
Received: {'command': 'tickPrices', 'data': {'symbol': 'EURUSD', 'ask': 0.99768, 'bid': 0.99715, 'high': 0.99783, 'low': 0.99422, 'askVolume': 5000000, 'bidVolume': 3000000, 'timestamp': 1662102128222, 'level': 4, 'quoteId': 5, 'spreadTable': 5.3, 'spreadRaw': 0.00053}}
Stream received: {'command': 'tickPrices', 'data': {'symbol': 'EURUSD', 'ask': 0.99768, 'bid': 0.99715, 'high': 0.99783, 'low': 0.99422, 'askVolume': 5000000, 'bidVolume': 3000000, 'timestamp': 1662102128222, 'level': 4, 'quoteId': 5, 'spreadTable': 5.3, 'spreadRaw': 0.00053}}
Received: {'command': 'tickPrices', 'data': {'symbol': 'EURUSD', 'ask': 0.99746, 'bid': 0.99735, 'high': 0.99783, 'low': 0.99422, 'askVolume': 450000, 'bidVolume': 350000, 'timestamp': 1662102129322, 'level': 0, 'quoteId': 5, 'spreadTable': 1.1, 'spreadRaw': 0.00011}}
Stream received: {'command': 'tickPrices', 'data': {'symbol': 'EURUSD', 'ask': 0.99746, 'bid': 0.99735, 'high': 0.99783, 'low': 0.99422, 'askVolume': 450000, 'bidVolume': 350000, 'timestamp': 1662102129322, 'level': 0, 'quoteId': 5, 'spreadTable': 1.1, 'spreadRaw': 0.00011}}
Received: {'command': 'tickPrices', 'data': {'symbol': 'EURUSD', 'ask': 0.99748, 'bid': 0.99733, 'high': 0.99783, 'low': 0.99422, 'askVolume': 1000000, 'bidVolume': 1000000, 'timestamp': 1662102129322, 'level': 1, 'quoteId': 5, 'spreadTable': 1.5, 'spreadRaw': 0.00015}}
Stream received: {'command': 'tickPrices', 'data': {'symbol': 'EURUSD', 'ask': 0.99748, 'bid': 0.99733, 'high': 0.99783, 'low': 0.99422, 'askVolume': 1000000, 'bidVolume': 1000000, 'timestamp': 1662102129322, 'level': 1, 'quoteId': 5, 'spreadTable': 1.5, 'spreadRaw': 0.00015}}
Received: {'command': 'tickPrices', 'data': {'symbol': 'EURUSD', 'ask': 0.99751, 'bid': 0.9973, 'high': 0.99783, 'low': 0.99422, 'askVolume': 1000000, 'bidVolume': 900000, 'timestamp': 1662102129322, 'level': 2, 'quoteId': 5, 'spreadTable': 2.1, 'spreadRaw': 0.00021}}
Stream received: {'command': 'tickPrices', 'data': {'symbol': 'EURUSD', 'ask': 0.99751, 'bid': 0.9973, 'high': 0.99783, 'low': 0.99422, 'askVolume': 1000000, 'bidVolume': 900000, 'timestamp': 1662102129322, 'level': 2, 'quoteId': 5, 'spreadTable': 2.1, 'spreadRaw': 0.00021}}
Received: {'command': 'tickPrices', 'data': {'symbol': 'EURUSD', 'ask': 0.99758, 'bid': 0.99723, 'high': 0.99783, 'low': 0.99422, 'askVolume': 3500000, 'bidVolume': 4500000, 'timestamp': 1662102129322, 'level': 3, 'quoteId': 5, 'spreadTable': 3.5, 'spreadRaw': 0.00035}}
Stream received: {'command': 'tickPrices', 'data': {'symbol': 'EURUSD', 'ask': 0.99758, 'bid': 0.99723, 'high': 0.99783, 'low': 0.99422, 'askVolume': 3500000, 'bidVolume': 4500000, 'timestamp': 1662102129322, 'level': 3, 'quoteId': 5, 'spreadTable': 3.5, 'spreadRaw': 0.00035}}
Received: {'command': 'tickPrices', 'data': {'symbol': 'EURUSD', 'ask': 0.99767, 'bid': 0.99714, 'high': 0.99783, 'low': 0.99422, 'askVolume': 3000000, 'bidVolume': 4000000, 'timestamp': 1662102129322, 'level': 4, 'quoteId': 5, 'spreadTable': 5.3, 'spreadRaw': 0.00053}}
Stream received: {'command': 'tickPrices', 'data': {'symbol': 'EURUSD', 'ask': 0.99767, 'bid': 0.99714, 'high': 0.99783, 'low': 0.99422, 'askVolume': 3000000, 'bidVolume': 4000000, 'timestamp': 1662102129322, 'level': 4, 'quoteId': 5, 'spreadTable': 5.3, 'spreadRaw': 0.00053}}
Closing socket
Socket connected
Sent: b'{"command": "login", "arguments": {"userId": 13755569, "password": "Nad115el", "appName": ""}}'
Received: {'status': True, 'streamSessionId': 'e41f13fffecd98b0-000028e4-014116aa-e8d610874c77ca53-e3da074c'}
{'status': True, 'streamSessionId': 'e41f13fffecd98b0-000028e4-014116aa-e8d610874c77ca53-e3da074c'}
Socket connected
Sent: b'{"command": "getTickPrices", "symbol": "EURUSD", "streamSessionId": "e41f13fffecd98b0-000028e4-014116aa-e8d610874c77ca53-e3da074c"}'
Received: {'command': 'tickPrices', 'data': {'symbol': 'EURUSD', 'ask': 0.99781, 'bid': 0.99772, 'high': 0.99793, 'low': 0.99422, 'askVolume': 500000, 'bidVolume': 350000, 'timestamp': 1662102525312, 'level': 0, 'quoteId': 5, 'spreadTable': 0.9, 'spreadRaw': 9e-05}}
Stream received: {'command': 'tickPrices', 'data': {'symbol': 'EURUSD', 'ask': 0.99781, 'bid': 0.99772, 'high': 0.99793, 'low': 0.99422, 'askVolume': 500000, 'bidVolume': 350000, 'timestamp': 1662102525312, 'level': 0, 'quoteId': 5, 'spreadTable': 0.9, 'spreadRaw': 9e-05}}
Received: {'command': 'tickPrices', 'data': {'symbol': 'EURUSD', 'ask': 0.99783, 'bid': 0.9977, 'high': 0.99793, 'low': 0.99422, 'askVolume': 1000000, 'bidVolume': 1000000, 'timestamp': 1662102525312, 'level': 1, 'quoteId': 5, 'spreadTable': 1.3, 'spreadRaw': 0.00013}}
Stream received: {'command': 'tickPrices', 'data': {'symbol': 'EURUSD', 'ask': 0.99783, 'bid': 0.9977, 'high': 0.99793, 'low': 0.99422, 'askVolume': 1000000, 'bidVolume': 1000000, 'timestamp': 1662102525312, 'level': 1, 'quoteId': 5, 'spreadTable': 1.3, 'spreadRaw': 0.00013}}
Received: {'command': 'tickPrices', 'data': {'symbol': 'EURUSD', 'ask': 0.99786, 'bid': 0.99767, 'high': 0.99793, 'low': 0.99422, 'askVolume': 1200000, 'bidVolume': 1000000, 'timestamp': 1662102525312, 'level': 2, 'quoteId': 5, 'spreadTable': 1.9, 'spreadRaw': 0.00019}}
Stream received: {'command': 'tickPrices', 'data': {'symbol': 'EURUSD', 'ask': 0.99786, 'bid': 0.99767, 'high': 0.99793, 'low': 0.99422, 'askVolume': 1200000, 'bidVolume': 1000000, 'timestamp': 1662102525312, 'level': 2, 'quoteId': 5, 'spreadTable': 1.9, 'spreadRaw': 0.00019}}
Received: {'command': 'tickPrices', 'data': {'symbol': 'EURUSD', 'ask': 0.99793, 'bid': 0.9976, 'high': 0.99793, 'low': 0.99422, 'askVolume': 3500000, 'bidVolume': 4000000, 'timestamp': 1662102525312, 'level': 3, 'quoteId': 5, 'spreadTable': 3.3, 'spreadRaw': 0.00033}}
Stream received: {'command': 'tickPrices', 'data': {'symbol': 'EURUSD', 'ask': 0.99793, 'bid': 0.9976, 'high': 0.99793, 'low': 0.99422, 'askVolume': 3500000, 'bidVolume': 4000000, 'timestamp': 1662102525312, 'level': 3, 'quoteId': 5, 'spreadTable': 3.3, 'spreadRaw': 0.00033}}
Received: {'command': 'tickPrices', 'data': {'symbol': 'EURUSD', 'ask': 0.99801, 'bid': 0.99752, 'high': 0.99793, 'low': 0.99422, 'askVolume': 3000000, 'bidVolume': 4000000, 'timestamp': 1662102525312, 'level': 4, 'quoteId': 5, 'spreadTable': 4.9, 'spreadRaw': 0.00049}}
Stream received: {'command': 'tickPrices', 'data': {'symbol': 'EURUSD', 'ask': 0.99801, 'bid': 0.99752, 'high': 0.99793, 'low': 0.99422, 'askVolume': 3000000, 'bidVolume': 4000000, 'timestamp': 1662102525312, 'level': 4, 'quoteId': 5, 'spreadTable': 4.9, 'spreadRaw': 0.00049}}
Received: {'command': 'tickPrices', 'data': {'symbol': 'EURUSD', 'ask': 0.99781, 'bid': 0.99772, 'high': 0.99793, 'low': 0.99422, 'askVolume': 500000, 'bidVolume': 350000, 'timestamp': 1662102530046, 'level': 0, 'quoteId': 5, 'spreadTable': 0.9, 'spreadRaw': 9e-05}}
Stream received: {'command': 'tickPrices', 'data': {'symbol': 'EURUSD', 'ask': 0.99781, 'bid': 0.99772, 'high': 0.99793, 'low': 0.99422, 'askVolume': 500000, 'bidVolume': 350000, 'timestamp': 1662102530046, 'level': 0, 'quoteId': 5, 'spreadTable': 0.9, 'spreadRaw': 9e-05}}
Received: {'command': 'tickPrices', 'data': {'symbol': 'EURUSD', 'ask': 0.99784, 'bid': 0.99769, 'high': 0.99793, 'low': 0.99422, 'askVolume': 1200000, 'bidVolume': 1000000, 'timestamp': 1662102530046, 'level': 1, 'quoteId': 5, 'spreadTable': 1.5, 'spreadRaw': 0.00015}}
Stream received: {'command': 'tickPrices', 'data': {'symbol': 'EURUSD', 'ask': 0.99784, 'bid': 0.99769, 'high': 0.99793, 'low': 0.99422, 'askVolume': 1200000, 'bidVolume': 1000000, 'timestamp': 1662102530046, 'level': 1, 'quoteId': 5, 'spreadTable': 1.5, 'spreadRaw': 0.00015}}
Received: {'command': 'tickPrices', 'data': {'symbol': 'EURUSD', 'ask': 0.99787, 'bid': 0.99766, 'high': 0.99793, 'low': 0.99422, 'askVolume': 1100000, 'bidVolume': 1000000, 'timestamp': 1662102530046, 'level': 2, 'quoteId': 5, 'spreadTable': 2.1, 'spreadRaw': 0.00021}}
Stream received: {'command': 'tickPrices', 'data': {'symbol': 'EURUSD', 'ask': 0.99787, 'bid': 0.99766, 'high': 0.99793, 'low': 0.99422, 'askVolume': 1100000, 'bidVolume': 1000000, 'timestamp': 1662102530046, 'level': 2, 'quoteId': 5, 'spreadTable': 2.1, 'spreadRaw': 0.00021}}
Received: {'command': 'tickPrices', 'data': {'symbol': 'EURUSD', 'ask': 0.99794, 'bid': 0.99759, 'high': 0.99793, 'low': 0.99422, 'askVolume': 3500000, 'bidVolume': 4000000, 'timestamp': 1662102530046, 'level': 3, 'quoteId': 5, 'spreadTable': 3.5, 'spreadRaw': 0.00035}}
Stream received: {'command': 'tickPrices', 'data': {'symbol': 'EURUSD', 'ask': 0.99794, 'bid': 0.99759, 'high': 0.99793, 'low': 0.99422, 'askVolume': 3500000, 'bidVolume': 4000000, 'timestamp': 1662102530046, 'level': 3, 'quoteId': 5, 'spreadTable': 3.5, 'spreadRaw': 0.00035}}
Received: {'command': 'tickPrices', 'data': {'symbol': 'EURUSD', 'ask': 0.99804, 'bid': 0.99749, 'high': 0.99793, 'low': 0.99422, 'askVolume': 4000000, 'bidVolume': 4500000, 'timestamp': 1662102530046, 'level': 4, 'quoteId': 5, 'spreadTable': 5.5, 'spreadRaw': 0.00055}}
Stream received: {'command': 'tickPrices', 'data': {'symbol': 'EURUSD', 'ask': 0.99804, 'bid': 0.99749, 'high': 0.99793, 'low': 0.99422, 'askVolume': 4000000, 'bidVolume': 4500000, 'timestamp': 1662102530046, 'level': 4, 'quoteId': 5, 'spreadTable': 5.5, 'spreadRaw': 0.00055}}
Received: {'command': 'tickPrices', 'data': {'symbol': 'EURUSD', 'ask': 0.99775, 'bid': 0.99766, 'high': 0.99793, 'low': 0.99422, 'askVolume': 450000, 'bidVolume': 300000, 'timestamp': 1662102530332, 'level': 0, 'quoteId': 5, 'spreadTable': 0.9, 'spreadRaw': 9e-05}}
Stream received: {'command': 'tickPrices', 'data': {'symbol': 'EURUSD', 'ask': 0.99775, 'bid': 0.99766, 'high': 0.99793, 'low': 0.99422, 'askVolume': 450000, 'bidVolume': 300000, 'timestamp': 1662102530332, 'level': 0, 'quoteId': 5, 'spreadTable': 0.9, 'spreadRaw': 9e-05}}
Received: {'command': 'tickPrices', 'data': {'symbol': 'EURUSD', 'ask': 0.99777, 'bid': 0.99764, 'high': 0.99793, 'low': 0.99422, 'askVolume': 1000000, 'bidVolume': 1000000, 'timestamp': 1662102530332, 'level': 1, 'quoteId': 5, 'spreadTable': 1.3, 'spreadRaw': 0.00013}}
Stream received: {'command': 'tickPrices', 'data': {'symbol': 'EURUSD', 'ask': 0.99777, 'bid': 0.99764, 'high': 0.99793, 'low': 0.99422, 'askVolume': 1000000, 'bidVolume': 1000000, 'timestamp': 1662102530332, 'level': 1, 'quoteId': 5, 'spreadTable': 1.3, 'spreadRaw': 0.00013}}
Received: {'command': 'tickPrices', 'data': {'symbol': 'EURUSD', 'ask': 0.99779, 'bid': 0.99762, 'high': 0.99793, 'low': 0.99422, 'askVolume': 900000, 'bidVolume': 1000000, 'timestamp': 1662102530332, 'level': 2, 'quoteId': 5, 'spreadTable': 1.7, 'spreadRaw': 0.00017}}
Stream received: {'command': 'tickPrices', 'data': {'symbol': 'EURUSD', 'ask': 0.99779, 'bid': 0.99762, 'high': 0.99793, 'low': 0.99422, 'askVolume': 900000, 'bidVolume': 1000000, 'timestamp': 1662102530332, 'level': 2, 'quoteId': 5, 'spreadTable': 1.7, 'spreadRaw': 0.00017}}
Received: {'command': 'tickPrices', 'data': {'symbol': 'EURUSD', 'ask': 0.99787, 'bid': 0.99754, 'high': 0.99793, 'low': 0.99422, 'askVolume': 5000000, 'bidVolume': 3500000, 'timestamp': 1662102530332, 'level': 3, 'quoteId': 5, 'spreadTable': 3.3, 'spreadRaw': 0.00033}}
Stream received: {'command': 'tickPrices', 'data': {'symbol': 'EURUSD', 'ask': 0.99787, 'bid': 0.99754, 'high': 0.99793, 'low': 0.99422, 'askVolume': 5000000, 'bidVolume': 3500000, 'timestamp': 1662102530332, 'level': 3, 'quoteId': 5, 'spreadTable': 3.3, 'spreadRaw': 0.00033}}
Received: {'command': 'tickPrices', 'data': {'symbol': 'EURUSD', 'ask': 0.99797, 'bid': 0.99744, 'high': 0.99793, 'low': 0.99422, 'askVolume': 4500000, 'bidVolume': 4500000, 'timestamp': 1662102530332, 'level': 4, 'quoteId': 5, 'spreadTable': 5.3, 'spreadRaw': 0.00053}}
Stream received: {'command': 'tickPrices', 'data': {'symbol': 'EURUSD', 'ask': 0.99797, 'bid': 0.99744, 'high': 0.99793, 'low': 0.99422, 'askVolume': 4500000, 'bidVolume': 4500000, 'timestamp': 1662102530332, 'level': 4, 'quoteId': 5, 'spreadTable': 5.3, 'spreadRaw': 0.00053}}
Received: {'command': 'tickPrices', 'data': {'symbol': 'EURUSD', 'ask': 0.99774, 'bid': 0.99765, 'high': 0.99793, 'low': 0.99422, 'askVolume': 500000, 'bidVolume': 300000, 'timestamp': 1662102530596, 'level': 0, 'quoteId': 5, 'spreadTable': 0.9, 'spreadRaw': 9e-05}}
Stream received: {'command': 'tickPrices', 'data': {'symbol': 'EURUSD', 'ask': 0.99774, 'bid': 0.99765, 'high': 0.99793, 'low': 0.99422, 'askVolume': 500000, 'bidVolume': 300000, 'timestamp': 1662102530596, 'level': 0, 'quoteId': 5, 'spreadTable': 0.9, 'spreadRaw': 9e-05}}
Received: {'command': 'tickPrices', 'data': {'symbol': 'EURUSD', 'ask': 0.99776, 'bid': 0.99763, 'high': 0.99793, 'low': 0.99422, 'askVolume': 1000000, 'bidVolume': 1000000, 'timestamp': 1662102530596, 'level': 1, 'quoteId': 5, 'spreadTable': 1.3, 'spreadRaw': 0.00013}}
Stream received: {'command': 'tickPrices', 'data': {'symbol': 'EURUSD', 'ask': 0.99776, 'bid': 0.99763, 'high': 0.99793, 'low': 0.99422, 'askVolume': 1000000, 'bidVolume': 1000000, 'timestamp': 1662102530596, 'level': 1, 'quoteId': 5, 'spreadTable': 1.3, 'spreadRaw': 0.00013}}
Closing socket
Socket connected
Sent: b'{"command": "login", "arguments": {"userId": 13755569, "password": "Nad115el", "appName": ""}}'
Received: {'status': True, 'streamSessionId': 'e41f13fffecd98b0-000028e4-01411946-b98931494478da12-823b80ad'}
{'status': True, 'streamSessionId': 'e41f13fffecd98b0-000028e4-01411946-b98931494478da12-823b80ad'}
Socket connected
Sent: b'{"command": "getTickPrices", "symbol": "EURUSD", "streamSessionId": "e41f13fffecd98b0-000028e4-01411946-b98931494478da12-823b80ad"}'
Received: {'command': 'tickPrices', 'data': {'symbol': 'EURUSD', 'ask': 0.99742, 'bid': 0.99732, 'high': 0.99793, 'low': 0.99422, 'askVolume': 450000, 'bidVolume': 300000, 'timestamp': 1662102597956, 'level': 0, 'quoteId': 5, 'spreadTable': 1.0, 'spreadRaw': 0.0001}}
Stream received: {'command': 'tickPrices', 'data': {'symbol': 'EURUSD', 'ask': 0.99742, 'bid': 0.99732, 'high': 0.99793, 'low': 0.99422, 'askVolume': 450000, 'bidVolume': 300000, 'timestamp': 1662102597956, 'level': 0, 'quoteId': 5, 'spreadTable': 1.0, 'spreadRaw': 0.0001}}
Received: {'command': 'tickPrices', 'data': {'symbol': 'EURUSD', 'ask': 0.99745, 'bid': 0.99729, 'high': 0.99793, 'low': 0.99422, 'askVolume': 800000, 'bidVolume': 1000000, 'timestamp': 1662102597956, 'level': 1, 'quoteId': 5, 'spreadTable': 1.6, 'spreadRaw': 0.00016}}
Stream received: {'command': 'tickPrices', 'data': {'symbol': 'EURUSD', 'ask': 0.99745, 'bid': 0.99729, 'high': 0.99793, 'low': 0.99422, 'askVolume': 800000, 'bidVolume': 1000000, 'timestamp': 1662102597956, 'level': 1, 'quoteId': 5, 'spreadTable': 1.6, 'spreadRaw': 0.00016}}
Received: {'command': 'tickPrices', 'data': {'symbol': 'EURUSD', 'ask': 0.99748, 'bid': 0.99726, 'high': 0.99793, 'low': 0.99422, 'askVolume': 900000, 'bidVolume': 800000, 'timestamp': 1662102597956, 'level': 2, 'quoteId': 5, 'spreadTable': 2.2, 'spreadRaw': 0.00022}}
Stream received: {'command': 'tickPrices', 'data': {'symbol': 'EURUSD', 'ask': 0.99748, 'bid': 0.99726, 'high': 0.99793, 'low': 0.99422, 'askVolume': 900000, 'bidVolume': 800000, 'timestamp': 1662102597956, 'level': 2, 'quoteId': 5, 'spreadTable': 2.2, 'spreadRaw': 0.00022}}
Received: {'command': 'tickPrices', 'data': {'symbol': 'EURUSD', 'ask': 0.99756, 'bid': 0.99718, 'high': 0.99793, 'low': 0.99422, 'askVolume': 4000000, 'bidVolume': 5000000, 'timestamp': 1662102597956, 'level': 3, 'quoteId': 5, 'spreadTable': 3.8, 'spreadRaw': 0.00038}}
Stream received: {'command': 'tickPrices', 'data': {'symbol': 'EURUSD', 'ask': 0.99756, 'bid': 0.99718, 'high': 0.99793, 'low': 0.99422, 'askVolume': 4000000, 'bidVolume': 5000000, 'timestamp': 1662102597956, 'level': 3, 'quoteId': 5, 'spreadTable': 3.8, 'spreadRaw': 0.00038}}
Received: {'command': 'tickPrices', 'data': {'symbol': 'EURUSD', 'ask': 0.99764, 'bid': 0.9971, 'high': 0.99793, 'low': 0.99422, 'askVolume': 4000000, 'bidVolume': 5000000, 'timestamp': 1662102597956, 'level': 4, 'quoteId': 5, 'spreadTable': 5.4, 'spreadRaw': 0.00054}}
Stream received: {'command': 'tickPrices', 'data': {'symbol': 'EURUSD', 'ask': 0.99764, 'bid': 0.9971, 'high': 0.99793, 'low': 0.99422, 'askVolume': 4000000, 'bidVolume': 5000000, 'timestamp': 1662102597956, 'level': 4, 'quoteId': 5, 'spreadTable': 5.4, 'spreadRaw': 0.00054}}
Received: {'command': 'tickPrices', 'data': {'symbol': 'EURUSD', 'ask': 0.9974, 'bid': 0.99731, 'high': 0.99793, 'low': 0.99422, 'askVolume': 350000, 'bidVolume': 450000, 'timestamp': 1662102598469, 'level': 0, 'quoteId': 5, 'spreadTable': 0.9, 'spreadRaw': 9e-05}}
Stream received: {'command': 'tickPrices', 'data': {'symbol': 'EURUSD', 'ask': 0.9974, 'bid': 0.99731, 'high': 0.99793, 'low': 0.99422, 'askVolume': 350000, 'bidVolume': 450000, 'timestamp': 1662102598469, 'level': 0, 'quoteId': 5, 'spreadTable': 0.9, 'spreadRaw': 9e-05}}
Received: {'command': 'tickPrices', 'data': {'symbol': 'EURUSD', 'ask': 0.99743, 'bid': 0.99728, 'high': 0.99793, 'low': 0.99422, 'askVolume': 1200000, 'bidVolume': 900000, 'timestamp': 1662102598469, 'level': 1, 'quoteId': 5, 'spreadTable': 1.5, 'spreadRaw': 0.00015}}
Stream received: {'command': 'tickPrices', 'data': {'symbol': 'EURUSD', 'ask': 0.99743, 'bid': 0.99728, 'high': 0.99793, 'low': 0.99422, 'askVolume': 1200000, 'bidVolume': 900000, 'timestamp': 1662102598469, 'level': 1, 'quoteId': 5, 'spreadTable': 1.5, 'spreadRaw': 0.00015}}
Received: {'command': 'tickPrices', 'data': {'symbol': 'EURUSD', 'ask': 0.99745, 'bid': 0.99726, 'high': 0.99793, 'low': 0.99422, 'askVolume': 800000, 'bidVolume': 1100000, 'timestamp': 1662102598469, 'level': 2, 'quoteId': 5, 'spreadTable': 1.9, 'spreadRaw': 0.00019}}
Stream received: {'command': 'tickPrices', 'data': {'symbol': 'EURUSD', 'ask': 0.99745, 'bid': 0.99726, 'high': 0.99793, 'low': 0.99422, 'askVolume': 800000, 'bidVolume': 1100000, 'timestamp': 1662102598469, 'level': 2, 'quoteId': 5, 'spreadTable': 1.9, 'spreadRaw': 0.00019}}
Received: {'command': 'tickPrices', 'data': {'symbol': 'EURUSD', 'ask': 0.99753, 'bid': 0.99718, 'high': 0.99793, 'low': 0.99422, 'askVolume': 4000000, 'bidVolume': 4000000, 'timestamp': 1662102598469, 'level': 3, 'quoteId': 5, 'spreadTable': 3.5, 'spreadRaw': 0.00035}}
Stream received: {'command': 'tickPrices', 'data': {'symbol': 'EURUSD', 'ask': 0.99753, 'bid': 0.99718, 'high': 0.99793, 'low': 0.99422, 'askVolume': 4000000, 'bidVolume': 4000000, 'timestamp': 1662102598469, 'level': 3, 'quoteId': 5, 'spreadTable': 3.5, 'spreadRaw': 0.00035}}
Closing socket
Socket connected
Sent: b'{"command": "login", "arguments": {"userId": 13755569, "password": "Nad115el", "appName": ""}}'
Received: {'status': True, 'streamSessionId': 'e41f13fffecd98b0-000028e4-01411c61-aa5edfcb087a03d4-3d02401d'}
{'status': True, 'streamSessionId': 'e41f13fffecd98b0-000028e4-01411c61-aa5edfcb087a03d4-3d02401d'}
Socket connected
Sent: b'{"command": "getTickPrices", "symbol": "EURUSD", "streamSessionId": "e41f13fffecd98b0-000028e4-01411c61-aa5edfcb087a03d4-3d02401d"}'
Received: {'command': 'tickPrices', 'data': {'symbol': 'EURUSD', 'ask': 0.99752, 'bid': 0.99743, 'high': 0.99793, 'low': 0.99422, 'askVolume': 500000, 'bidVolume': 500000, 'timestamp': 1662102672802, 'level': 0, 'quoteId': 5, 'spreadTable': 0.9, 'spreadRaw': 9e-05}}
Stream received: {'command': 'tickPrices', 'data': {'symbol': 'EURUSD', 'ask': 0.99752, 'bid': 0.99743, 'high': 0.99793, 'low': 0.99422, 'askVolume': 500000, 'bidVolume': 500000, 'timestamp': 1662102672802, 'level': 0, 'quoteId': 5, 'spreadTable': 0.9, 'spreadRaw': 9e-05}}
Received: {'command': 'tickPrices', 'data': {'symbol': 'EURUSD', 'ask': 0.99753, 'bid': 0.99742, 'high': 0.99793, 'low': 0.99422, 'askVolume': 1000000, 'bidVolume': 1000000, 'timestamp': 1662102672802, 'level': 1, 'quoteId': 5, 'spreadTable': 1.1, 'spreadRaw': 0.00011}}
Stream received: {'command': 'tickPrices', 'data': {'symbol': 'EURUSD', 'ask': 0.99753, 'bid': 0.99742, 'high': 0.99793, 'low': 0.99422, 'askVolume': 1000000, 'bidVolume': 1000000, 'timestamp': 1662102672802, 'level': 1, 'quoteId': 5, 'spreadTable': 1.1, 'spreadRaw': 0.00011}}
Received: {'command': 'tickPrices', 'data': {'symbol': 'EURUSD', 'ask': 0.99756, 'bid': 0.99739, 'high': 0.99793, 'low': 0.99422, 'askVolume': 900000, 'bidVolume': 1200000, 'timestamp': 1662102672802, 'level': 2, 'quoteId': 5, 'spreadTable': 1.7, 'spreadRaw': 0.00017}}
Stream received: {'command': 'tickPrices', 'data': {'symbol': 'EURUSD', 'ask': 0.99756, 'bid': 0.99739, 'high': 0.99793, 'low': 0.99422, 'askVolume': 900000, 'bidVolume': 1200000, 'timestamp': 1662102672802, 'level': 2, 'quoteId': 5, 'spreadTable': 1.7, 'spreadRaw': 0.00017}}
Received: {'command': 'tickPrices', 'data': {'symbol': 'EURUSD', 'ask': 0.99763, 'bid': 0.99732, 'high': 0.99793, 'low': 0.99422, 'askVolume': 3500000, 'bidVolume': 3000000, 'timestamp': 1662102672802, 'level': 3, 'quoteId': 5, 'spreadTable': 3.1, 'spreadRaw': 0.00031}}
Stream received: {'command': 'tickPrices', 'data': {'symbol': 'EURUSD', 'ask': 0.99763, 'bid': 0.99732, 'high': 0.99793, 'low': 0.99422, 'askVolume': 3500000, 'bidVolume': 3000000, 'timestamp': 1662102672802, 'level': 3, 'quoteId': 5, 'spreadTable': 3.1, 'spreadRaw': 0.00031}}
Received: {'command': 'tickPrices', 'data': {'symbol': 'EURUSD', 'ask': 0.99771, 'bid': 0.99724, 'high': 0.99793, 'low': 0.99422, 'askVolume': 4000000, 'bidVolume': 4000000, 'timestamp': 1662102672802, 'level': 4, 'quoteId': 5, 'spreadTable': 4.7, 'spreadRaw': 0.00047}}
Stream received: {'command': 'tickPrices', 'data': {'symbol': 'EURUSD', 'ask': 0.99771, 'bid': 0.99724, 'high': 0.99793, 'low': 0.99422, 'askVolume': 4000000, 'bidVolume': 4000000, 'timestamp': 1662102672802, 'level': 4, 'quoteId': 5, 'spreadTable': 4.7, 'spreadRaw': 0.00047}}
Received: {'command': 'tickPrices', 'data': {'symbol': 'EURUSD', 'ask': 0.99752, 'bid': 0.99742, 'high': 0.99793, 'low': 0.99422, 'askVolume': 450000, 'bidVolume': 300000, 'timestamp': 1662102673313, 'level': 0, 'quoteId': 5, 'spreadTable': 1.0, 'spreadRaw': 0.0001}}
Stream received: {'command': 'tickPrices', 'data': {'symbol': 'EURUSD', 'ask': 0.99752, 'bid': 0.99742, 'high': 0.99793, 'low': 0.99422, 'askVolume': 450000, 'bidVolume': 300000, 'timestamp': 1662102673313, 'level': 0, 'quoteId': 5, 'spreadTable': 1.0, 'spreadRaw': 0.0001}}
Received: {'command': 'tickPrices', 'data': {'symbol': 'EURUSD', 'ask': 0.99755, 'bid': 0.99739, 'high': 0.99793, 'low': 0.99422, 'askVolume': 1200000, 'bidVolume': 1000000, 'timestamp': 1662102673313, 'level': 1, 'quoteId': 5, 'spreadTable': 1.6, 'spreadRaw': 0.00016}}
Stream received: {'command': 'tickPrices', 'data': {'symbol': 'EURUSD', 'ask': 0.99755, 'bid': 0.99739, 'high': 0.99793, 'low': 0.99422, 'askVolume': 1200000, 'bidVolume': 1000000, 'timestamp': 1662102673313, 'level': 1, 'quoteId': 5, 'spreadTable': 1.6, 'spreadRaw': 0.00016}}
Received: {'command': 'tickPrices', 'data': {'symbol': 'EURUSD', 'ask': 0.99757, 'bid': 0.99737, 'high': 0.99793, 'low': 0.99422, 'askVolume': 1000000, 'bidVolume': 1000000, 'timestamp': 1662102673313, 'level': 2, 'quoteId': 5, 'spreadTable': 2.0, 'spreadRaw': 0.0002}}
Stream received: {'command': 'tickPrices', 'data': {'symbol': 'EURUSD', 'ask': 0.99757, 'bid': 0.99737, 'high': 0.99793, 'low': 0.99422, 'askVolume': 1000000, 'bidVolume': 1000000, 'timestamp': 1662102673313, 'level': 2, 'quoteId': 5, 'spreadTable': 2.0, 'spreadRaw': 0.0002}}
Received: {'command': 'tickPrices', 'data': {'symbol': 'EURUSD', 'ask': 0.99764, 'bid': 0.9973, 'high': 0.99793, 'low': 0.99422, 'askVolume': 3500000, 'bidVolume': 4000000, 'timestamp': 1662102673313, 'level': 3, 'quoteId': 5, 'spreadTable': 3.4, 'spreadRaw': 0.00034}}
Stream received: {'command': 'tickPrices', 'data': {'symbol': 'EURUSD', 'ask': 0.99764, 'bid': 0.9973, 'high': 0.99793, 'low': 0.99422, 'askVolume': 3500000, 'bidVolume': 4000000, 'timestamp': 1662102673313, 'level': 3, 'quoteId': 5, 'spreadTable': 3.4, 'spreadRaw': 0.00034}}
Received: {'command': 'tickPrices', 'data': {'symbol': 'EURUSD', 'ask': 0.99774, 'bid': 0.9972, 'high': 0.99793, 'low': 0.99422, 'askVolume': 3500000, 'bidVolume': 4000000, 'timestamp': 1662102673313, 'level': 4, 'quoteId': 5, 'spreadTable': 5.4, 'spreadRaw': 0.00054}}
Stream received: {'command': 'tickPrices', 'data': {'symbol': 'EURUSD', 'ask': 0.99774, 'bid': 0.9972, 'high': 0.99793, 'low': 0.99422, 'askVolume': 3500000, 'bidVolume': 4000000, 'timestamp': 1662102673313, 'level': 4, 'quoteId': 5, 'spreadTable': 5.4, 'spreadRaw': 0.00054}}
Received: {'command': 'tickPrices', 'data': {'symbol': 'EURUSD', 'ask': 0.99752, 'bid': 0.99743, 'high': 0.99793, 'low': 0.99422, 'askVolume': 450000, 'bidVolume': 500000, 'timestamp': 1662102673738, 'level': 0, 'quoteId': 5, 'spreadTable': 0.9, 'spreadRaw': 9e-05}}
Stream received: {'command': 'tickPrices', 'data': {'symbol': 'EURUSD', 'ask': 0.99752, 'bid': 0.99743, 'high': 0.99793, 'low': 0.99422, 'askVolume': 450000, 'bidVolume': 500000, 'timestamp': 1662102673738, 'level': 0, 'quoteId': 5, 'spreadTable': 0.9, 'spreadRaw': 9e-05}}
Received: {'command': 'tickPrices', 'data': {'symbol': 'EURUSD', 'ask': 0.99754, 'bid': 0.99741, 'high': 0.99793, 'low': 0.99422, 'askVolume': 800000, 'bidVolume': 900000, 'timestamp': 1662102673738, 'level': 1, 'quoteId': 5, 'spreadTable': 1.3, 'spreadRaw': 0.00013}}
Stream received: {'command': 'tickPrices', 'data': {'symbol': 'EURUSD', 'ask': 0.99754, 'bid': 0.99741, 'high': 0.99793, 'low': 0.99422, 'askVolume': 800000, 'bidVolume': 900000, 'timestamp': 1662102673738, 'level': 1, 'quoteId': 5, 'spreadTable': 1.3, 'spreadRaw': 0.00013}}
Received: {'command': 'tickPrices', 'data': {'symbol': 'EURUSD', 'ask': 0.99757, 'bid': 0.99738, 'high': 0.99793, 'low': 0.99422, 'askVolume': 1000000, 'bidVolume': 1000000, 'timestamp': 1662102673738, 'level': 2, 'quoteId': 5, 'spreadTable': 1.9, 'spreadRaw': 0.00019}}
Stream received: {'command': 'tickPrices', 'data': {'symbol': 'EURUSD', 'ask': 0.99757, 'bid': 0.99738, 'high': 0.99793, 'low': 0.99422, 'askVolume': 1000000, 'bidVolume': 1000000, 'timestamp': 1662102673738, 'level': 2, 'quoteId': 5, 'spreadTable': 1.9, 'spreadRaw': 0.00019}}
Received: {'command': 'tickPrices', 'data': {'symbol': 'EURUSD', 'ask': 0.99765, 'bid': 0.9973, 'high': 0.99793, 'low': 0.99422, 'askVolume': 4500000, 'bidVolume': 3500000, 'timestamp': 1662102673738, 'level': 3, 'quoteId': 5, 'spreadTable': 3.5, 'spreadRaw': 0.00035}}
Stream received: {'command': 'tickPrices', 'data': {'symbol': 'EURUSD', 'ask': 0.99765, 'bid': 0.9973, 'high': 0.99793, 'low': 0.99422, 'askVolume': 4500000, 'bidVolume': 3500000, 'timestamp': 1662102673738, 'level': 3, 'quoteId': 5, 'spreadTable': 3.5, 'spreadRaw': 0.00035}}
Closing socket
Socket connected
Sent: b'{"command": "login", "arguments": {"userId": 13755569, "password": "Nad115el", "appName": ""}}'
Received: {'status': True, 'streamSessionId': 'e41f13fffecd98b0-000028e4-01411fee-b1ec749d5e7b7ba0-67004c7f'}
{'status': True, 'streamSessionId': 'e41f13fffecd98b0-000028e4-01411fee-b1ec749d5e7b7ba0-67004c7f'}
Socket connected
Sent: b'{"command": "getTickPrices", "symbol": "EURUSD", "streamSessionId": "e41f13fffecd98b0-000028e4-01411fee-b1ec749d5e7b7ba0-67004c7f"}'
Received: {'command': 'tickPrices', 'data': {'symbol': 'EURUSD', 'ask': 0.99784, 'bid': 0.99774, 'high': 0.99793, 'low': 0.99422, 'askVolume': 299000, 'bidVolume': 298000, 'timestamp': 1662102767817, 'level': 0, 'quoteId': 5, 'spreadTable': 1.0, 'spreadRaw': 0.0001}}
Stream received: {'command': 'tickPrices', 'data': {'symbol': 'EURUSD', 'ask': 0.99784, 'bid': 0.99774, 'high': 0.99793, 'low': 0.99422, 'askVolume': 299000, 'bidVolume': 298000, 'timestamp': 1662102767817, 'level': 0, 'quoteId': 5, 'spreadTable': 1.0, 'spreadRaw': 0.0001}}
Received: {'command': 'tickPrices', 'data': {'symbol': 'EURUSD', 'ask': 0.99786, 'bid': 0.99772, 'high': 0.99793, 'low': 0.99422, 'askVolume': 1000000, 'bidVolume': 800000, 'timestamp': 1662102767817, 'level': 1, 'quoteId': 5, 'spreadTable': 1.4, 'spreadRaw': 0.00014}}
Stream received: {'command': 'tickPrices', 'data': {'symbol': 'EURUSD', 'ask': 0.99786, 'bid': 0.99772, 'high': 0.99793, 'low': 0.99422, 'askVolume': 1000000, 'bidVolume': 800000, 'timestamp': 1662102767817, 'level': 1, 'quoteId': 5, 'spreadTable': 1.4, 'spreadRaw': 0.00014}}
Received: {'command': 'tickPrices', 'data': {'symbol': 'EURUSD', 'ask': 0.99789, 'bid': 0.99769, 'high': 0.99793, 'low': 0.99422, 'askVolume': 1000000, 'bidVolume': 800000, 'timestamp': 1662102767817, 'level': 2, 'quoteId': 5, 'spreadTable': 2.0, 'spreadRaw': 0.0002}}
Stream received: {'command': 'tickPrices', 'data': {'symbol': 'EURUSD', 'ask': 0.99789, 'bid': 0.99769, 'high': 0.99793, 'low': 0.99422, 'askVolume': 1000000, 'bidVolume': 800000, 'timestamp': 1662102767817, 'level': 2, 'quoteId': 5, 'spreadTable': 2.0, 'spreadRaw': 0.0002}}
Received: {'command': 'tickPrices', 'data': {'symbol': 'EURUSD', 'ask': 0.99796, 'bid': 0.99762, 'high': 0.99793, 'low': 0.99422, 'askVolume': 3000000, 'bidVolume': 4000000, 'timestamp': 1662102767817, 'level': 3, 'quoteId': 5, 'spreadTable': 3.4, 'spreadRaw': 0.00034}}
Stream received: {'command': 'tickPrices', 'data': {'symbol': 'EURUSD', 'ask': 0.99796, 'bid': 0.99762, 'high': 0.99793, 'low': 0.99422, 'askVolume': 3000000, 'bidVolume': 4000000, 'timestamp': 1662102767817, 'level': 3, 'quoteId': 5, 'spreadTable': 3.4, 'spreadRaw': 0.00034}}
Received: {'command': 'tickPrices', 'data': {'symbol': 'EURUSD', 'ask': 0.99805, 'bid': 0.99753, 'high': 0.99793, 'low': 0.99422, 'askVolume': 4500000, 'bidVolume': 3000000, 'timestamp': 1662102767817, 'level': 4, 'quoteId': 5, 'spreadTable': 5.2, 'spreadRaw': 0.00052}}
Stream received: {'command': 'tickPrices', 'data': {'symbol': 'EURUSD', 'ask': 0.99805, 'bid': 0.99753, 'high': 0.99793, 'low': 0.99422, 'askVolume': 4500000, 'bidVolume': 3000000, 'timestamp': 1662102767817, 'level': 4, 'quoteId': 5, 'spreadTable': 5.2, 'spreadRaw': 0.00052}}
Received: {'command': 'tickPrices', 'data': {'symbol': 'EURUSD', 'ask': 0.99782, 'bid': 0.99774, 'high': 0.99793, 'low': 0.99422, 'askVolume': 350000, 'bidVolume': 500000, 'timestamp': 1662102768385, 'level': 0, 'quoteId': 5, 'spreadTable': 0.8, 'spreadRaw': 8e-05}}
Stream received: {'command': 'tickPrices', 'data': {'symbol': 'EURUSD', 'ask': 0.99782, 'bid': 0.99774, 'high': 0.99793, 'low': 0.99422, 'askVolume': 350000, 'bidVolume': 500000, 'timestamp': 1662102768385, 'level': 0, 'quoteId': 5, 'spreadTable': 0.8, 'spreadRaw': 8e-05}}
Received: {'command': 'tickPrices', 'data': {'symbol': 'EURUSD', 'ask': 0.99784, 'bid': 0.99772, 'high': 0.99793, 'low': 0.99422, 'askVolume': 1000000, 'bidVolume': 1200000, 'timestamp': 1662102768385, 'level': 1, 'quoteId': 5, 'spreadTable': 1.2, 'spreadRaw': 0.00012}}
Stream received: {'command': 'tickPrices', 'data': {'symbol': 'EURUSD', 'ask': 0.99784, 'bid': 0.99772, 'high': 0.99793, 'low': 0.99422, 'askVolume': 1000000, 'bidVolume': 1200000, 'timestamp': 1662102768385, 'level': 1, 'quoteId': 5, 'spreadTable': 1.2, 'spreadRaw': 0.00012}}
Received: {'command': 'tickPrices', 'data': {'symbol': 'EURUSD', 'ask': 0.99786, 'bid': 0.9977, 'high': 0.99793, 'low': 0.99422, 'askVolume': 1100000, 'bidVolume': 1000000, 'timestamp': 1662102768385, 'level': 2, 'quoteId': 5, 'spreadTable': 1.6, 'spreadRaw': 0.00016}}
Stream received: {'command': 'tickPrices', 'data': {'symbol': 'EURUSD', 'ask': 0.99786, 'bid': 0.9977, 'high': 0.99793, 'low': 0.99422, 'askVolume': 1100000, 'bidVolume': 1000000, 'timestamp': 1662102768385, 'level': 2, 'quoteId': 5, 'spreadTable': 1.6, 'spreadRaw': 0.00016}}
Received: {'command': 'tickPrices', 'data': {'symbol': 'EURUSD', 'ask': 0.99794, 'bid': 0.99762, 'high': 0.99793, 'low': 0.99422, 'askVolume': 3500000, 'bidVolume': 5000000, 'timestamp': 1662102768385, 'level': 3, 'quoteId': 5, 'spreadTable': 3.2, 'spreadRaw': 0.00032}}
Stream received: {'command': 'tickPrices', 'data': {'symbol': 'EURUSD', 'ask': 0.99794, 'bid': 0.99762, 'high': 0.99793, 'low': 0.99422, 'askVolume': 3500000, 'bidVolume': 5000000, 'timestamp': 1662102768385, 'level': 3, 'quoteId': 5, 'spreadTable': 3.2, 'spreadRaw': 0.00032}}
Received: {'command': 'tickPrices', 'data': {'symbol': 'EURUSD', 'ask': 0.99802, 'bid': 0.99754, 'high': 0.99793, 'low': 0.99422, 'askVolume': 4000000, 'bidVolume': 5000000, 'timestamp': 1662102768385, 'level': 4, 'quoteId': 5, 'spreadTable': 4.8, 'spreadRaw': 0.00048}}
Stream received: {'command': 'tickPrices', 'data': {'symbol': 'EURUSD', 'ask': 0.99802, 'bid': 0.99754, 'high': 0.99793, 'low': 0.99422, 'askVolume': 4000000, 'bidVolume': 5000000, 'timestamp': 1662102768385, 'level': 4, 'quoteId': 5, 'spreadTable': 4.8, 'spreadRaw': 0.00048}}
Received: {'command': 'tickPrices', 'data': {'symbol': 'EURUSD', 'ask': 0.99782, 'bid': 0.99773, 'high': 0.99793, 'low': 0.99422, 'askVolume': 300000, 'bidVolume': 300000, 'timestamp': 1662102768592, 'level': 0, 'quoteId': 5, 'spreadTable': 0.9, 'spreadRaw': 9e-05}}
Stream received: {'command': 'tickPrices', 'data': {'symbol': 'EURUSD', 'ask': 0.99782, 'bid': 0.99773, 'high': 0.99793, 'low': 0.99422, 'askVolume': 300000, 'bidVolume': 300000, 'timestamp': 1662102768592, 'level': 0, 'quoteId': 5, 'spreadTable': 0.9, 'spreadRaw': 9e-05}}
Received: {'command': 'tickPrices', 'data': {'symbol': 'EURUSD', 'ask': 0.99784, 'bid': 0.99771, 'high': 0.99793, 'low': 0.99422, 'askVolume': 700000, 'bidVolume': 1000000, 'timestamp': 1662102768592, 'level': 1, 'quoteId': 5, 'spreadTable': 1.3, 'spreadRaw': 0.00013}}
Stream received: {'command': 'tickPrices', 'data': {'symbol': 'EURUSD', 'ask': 0.99784, 'bid': 0.99771, 'high': 0.99793, 'low': 0.99422, 'askVolume': 700000, 'bidVolume': 1000000, 'timestamp': 1662102768592, 'level': 1, 'quoteId': 5, 'spreadTable': 1.3, 'spreadRaw': 0.00013}}
Received: {'command': 'tickPrices', 'data': {'symbol': 'EURUSD', 'ask': 0.99786, 'bid': 0.99769, 'high': 0.99793, 'low': 0.99422, 'askVolume': 1200000, 'bidVolume': 1000000, 'timestamp': 1662102768592, 'level': 2, 'quoteId': 5, 'spreadTable': 1.7, 'spreadRaw': 0.00017}}
Stream received: {'command': 'tickPrices', 'data': {'symbol': 'EURUSD', 'ask': 0.99786, 'bid': 0.99769, 'high': 0.99793, 'low': 0.99422, 'askVolume': 1200000, 'bidVolume': 1000000, 'timestamp': 1662102768592, 'level': 2, 'quoteId': 5, 'spreadTable': 1.7, 'spreadRaw': 0.00017}}
Received: {'command': 'tickPrices', 'data': {'symbol': 'EURUSD', 'ask': 0.99793, 'bid': 0.99762, 'high': 0.99793, 'low': 0.99422, 'askVolume': 3000000, 'bidVolume': 4500000, 'timestamp': 1662102768592, 'level': 3, 'quoteId': 5, 'spreadTable': 3.1, 'spreadRaw': 0.00031}}
Stream received: {'command': 'tickPrices', 'data': {'symbol': 'EURUSD', 'ask': 0.99793, 'bid': 0.99762, 'high': 0.99793, 'low': 0.99422, 'askVolume': 3000000, 'bidVolume': 4500000, 'timestamp': 1662102768592, 'level': 3, 'quoteId': 5, 'spreadTable': 3.1, 'spreadRaw': 0.00031}}
Received: {'command': 'tickPrices', 'data': {'symbol': 'EURUSD', 'ask': 0.99801, 'bid': 0.99754, 'high': 0.99793, 'low': 0.99422, 'askVolume': 3000000, 'bidVolume': 4500000, 'timestamp': 1662102768592, 'level': 4, 'quoteId': 5, 'spreadTable': 4.7, 'spreadRaw': 0.00047}}
Stream received: {'command': 'tickPrices', 'data': {'symbol': 'EURUSD', 'ask': 0.99801, 'bid': 0.99754, 'high': 0.99793, 'low': 0.99422, 'askVolume': 3000000, 'bidVolume': 4500000, 'timestamp': 1662102768592, 'level': 4, 'quoteId': 5, 'spreadTable': 4.7, 'spreadRaw': 0.00047}}
Received: {'command': 'tickPrices', 'data': {'symbol': 'EURUSD', 'ask': 0.99782, 'bid': 0.99773, 'high': 0.99793, 'low': 0.99422, 'askVolume': 350000, 'bidVolume': 400000, 'timestamp': 1662102769042, 'level': 0, 'quoteId': 5, 'spreadTable': 0.9, 'spreadRaw': 9e-05}}
Stream received: {'command': 'tickPrices', 'data': {'symbol': 'EURUSD', 'ask': 0.99782, 'bid': 0.99773, 'high': 0.99793, 'low': 0.99422, 'askVolume': 350000, 'bidVolume': 400000, 'timestamp': 1662102769042, 'level': 0, 'quoteId': 5, 'spreadTable': 0.9, 'spreadRaw': 9e-05}}
Received: {'command': 'tickPrices', 'data': {'symbol': 'EURUSD', 'ask': 0.99785, 'bid': 0.9977, 'high': 0.99793, 'low': 0.99422, 'askVolume': 700000, 'bidVolume': 1000000, 'timestamp': 1662102769042, 'level': 1, 'quoteId': 5, 'spreadTable': 1.5, 'spreadRaw': 0.00015}}
Stream received: {'command': 'tickPrices', 'data': {'symbol': 'EURUSD', 'ask': 0.99785, 'bid': 0.9977, 'high': 0.99793, 'low': 0.99422, 'askVolume': 700000, 'bidVolume': 1000000, 'timestamp': 1662102769042, 'level': 1, 'quoteId': 5, 'spreadTable': 1.5, 'spreadRaw': 0.00015}}
Received: {'command': 'tickPrices', 'data': {'symbol': 'EURUSD', 'ask': 0.99787, 'bid': 0.99768, 'high': 0.99793, 'low': 0.99422, 'askVolume': 900000, 'bidVolume': 1000000, 'timestamp': 1662102769042, 'level': 2, 'quoteId': 5, 'spreadTable': 1.9, 'spreadRaw': 0.00019}}
Stream received: {'command': 'tickPrices', 'data': {'symbol': 'EURUSD', 'ask': 0.99787, 'bid': 0.99768, 'high': 0.99793, 'low': 0.99422, 'askVolume': 900000, 'bidVolume': 1000000, 'timestamp': 1662102769042, 'level': 2, 'quoteId': 5, 'spreadTable': 1.9, 'spreadRaw': 0.00019}}
Received: {'command': 'tickPrices', 'data': {'symbol': 'EURUSD', 'ask': 0.99793, 'bid': 0.99762, 'high': 0.99793, 'low': 0.99422, 'askVolume': 4000000, 'bidVolume': 4000000, 'timestamp': 1662102769042, 'level': 3, 'quoteId': 5, 'spreadTable': 3.1, 'spreadRaw': 0.00031}}
Stream received: {'command': 'tickPrices', 'data': {'symbol': 'EURUSD', 'ask': 0.99793, 'bid': 0.99762, 'high': 0.99793, 'low': 0.99422, 'askVolume': 4000000, 'bidVolume': 4000000, 'timestamp': 1662102769042, 'level': 3, 'quoteId': 5, 'spreadTable': 3.1, 'spreadRaw': 0.00031}}
Received: {'command': 'tickPrices', 'data': {'symbol': 'EURUSD', 'ask': 0.99802, 'bid': 0.99753, 'high': 0.99793, 'low': 0.99422, 'askVolume': 4000000, 'bidVolume': 3000000, 'timestamp': 1662102769042, 'level': 4, 'quoteId': 5, 'spreadTable': 4.9, 'spreadRaw': 0.00049}}
Stream received: {'command': 'tickPrices', 'data': {'symbol': 'EURUSD', 'ask': 0.99802, 'bid': 0.99753, 'high': 0.99793, 'low': 0.99422, 'askVolume': 4000000, 'bidVolume': 3000000, 'timestamp': 1662102769042, 'level': 4, 'quoteId': 5, 'spreadTable': 4.9, 'spreadRaw': 0.00049}}
Received: {'command': 'tickPrices', 'data': {'symbol': 'EURUSD', 'ask': 0.99783, 'bid': 0.99773, 'high': 0.99793, 'low': 0.99422, 'askVolume': 300000, 'bidVolume': 350000, 'timestamp': 1662102769387, 'level': 0, 'quoteId': 5, 'spreadTable': 1.0, 'spreadRaw': 0.0001}}
Stream received: {'command': 'tickPrices', 'data': {'symbol': 'EURUSD', 'ask': 0.99783, 'bid': 0.99773, 'high': 0.99793, 'low': 0.99422, 'askVolume': 300000, 'bidVolume': 350000, 'timestamp': 1662102769387, 'level': 0, 'quoteId': 5, 'spreadTable': 1.0, 'spreadRaw': 0.0001}}
Received: {'command': 'tickPrices', 'data': {'symbol': 'EURUSD', 'ask': 0.99784, 'bid': 0.99772, 'high': 0.99793, 'low': 0.99422, 'askVolume': 1000000, 'bidVolume': 1000000, 'timestamp': 1662102769387, 'level': 1, 'quoteId': 5, 'spreadTable': 1.2, 'spreadRaw': 0.00012}}
Stream received: {'command': 'tickPrices', 'data': {'symbol': 'EURUSD', 'ask': 0.99784, 'bid': 0.99772, 'high': 0.99793, 'low': 0.99422, 'askVolume': 1000000, 'bidVolume': 1000000, 'timestamp': 1662102769387, 'level': 1, 'quoteId': 5, 'spreadTable': 1.2, 'spreadRaw': 0.00012}}
Received: {'command': 'tickPrices', 'data': {'symbol': 'EURUSD', 'ask': 0.99786, 'bid': 0.9977, 'high': 0.99793, 'low': 0.99422, 'askVolume': 1000000, 'bidVolume': 1200000, 'timestamp': 1662102769387, 'level': 2, 'quoteId': 5, 'spreadTable': 1.6, 'spreadRaw': 0.00016}}
Stream received: {'command': 'tickPrices', 'data': {'symbol': 'EURUSD', 'ask': 0.99786, 'bid': 0.9977, 'high': 0.99793, 'low': 0.99422, 'askVolume': 1000000, 'bidVolume': 1200000, 'timestamp': 1662102769387, 'level': 2, 'quoteId': 5, 'spreadTable': 1.6, 'spreadRaw': 0.00016}}
Received: {'command': 'tickPrices', 'data': {'symbol': 'EURUSD', 'ask': 0.99792, 'bid': 0.99764, 'high': 0.99793, 'low': 0.99422, 'askVolume': 3500000, 'bidVolume': 4500000, 'timestamp': 1662102769387, 'level': 3, 'quoteId': 5, 'spreadTable': 2.8, 'spreadRaw': 0.00028}}
Stream received: {'command': 'tickPrices', 'data': {'symbol': 'EURUSD', 'ask': 0.99792, 'bid': 0.99764, 'high': 0.99793, 'low': 0.99422, 'askVolume': 3500000, 'bidVolume': 4500000, 'timestamp': 1662102769387, 'level': 3, 'quoteId': 5, 'spreadTable': 2.8, 'spreadRaw': 0.00028}}
Received: {'command': 'tickPrices', 'data': {'symbol': 'EURUSD', 'ask': 0.99801, 'bid': 0.99755, 'high': 0.99793, 'low': 0.99422, 'askVolume': 4500000, 'bidVolume': 4500000, 'timestamp': 1662102769387, 'level': 4, 'quoteId': 5, 'spreadTable': 4.6, 'spreadRaw': 0.00046}}
Stream received: {'command': 'tickPrices', 'data': {'symbol': 'EURUSD', 'ask': 0.99801, 'bid': 0.99755, 'high': 0.99793, 'low': 0.99422, 'askVolume': 4500000, 'bidVolume': 4500000, 'timestamp': 1662102769387, 'level': 4, 'quoteId': 5, 'spreadTable': 4.6, 'spreadRaw': 0.00046}}
Received: {'command': 'tickPrices', 'data': {'symbol': 'EURUSD', 'ask': 0.99784, 'bid': 0.99773, 'high': 0.99793, 'low': 0.99422, 'askVolume': 400000, 'bidVolume': 350000, 'timestamp': 1662102771817, 'level': 0, 'quoteId': 5, 'spreadTable': 1.1, 'spreadRaw': 0.00011}}
Stream received: {'command': 'tickPrices', 'data': {'symbol': 'EURUSD', 'ask': 0.99784, 'bid': 0.99773, 'high': 0.99793, 'low': 0.99422, 'askVolume': 400000, 'bidVolume': 350000, 'timestamp': 1662102771817, 'level': 0, 'quoteId': 5, 'spreadTable': 1.1, 'spreadRaw': 0.00011}}
Received: {'command': 'tickPrices', 'data': {'symbol': 'EURUSD', 'ask': 0.99787, 'bid': 0.9977, 'high': 0.99793, 'low': 0.99422, 'askVolume': 1000000, 'bidVolume': 700000, 'timestamp': 1662102771817, 'level': 1, 'quoteId': 5, 'spreadTable': 1.7, 'spreadRaw': 0.00017}}
Stream received: {'command': 'tickPrices', 'data': {'symbol': 'EURUSD', 'ask': 0.99787, 'bid': 0.9977, 'high': 0.99793, 'low': 0.99422, 'askVolume': 1000000, 'bidVolume': 700000, 'timestamp': 1662102771817, 'level': 1, 'quoteId': 5, 'spreadTable': 1.7, 'spreadRaw': 0.00017}}
Received: {'command': 'tickPrices', 'data': {'symbol': 'EURUSD', 'ask': 0.99789, 'bid': 0.99768, 'high': 0.99793, 'low': 0.99422, 'askVolume': 1200000, 'bidVolume': 1200000, 'timestamp': 1662102771817, 'level': 2, 'quoteId': 5, 'spreadTable': 2.1, 'spreadRaw': 0.00021}}
Stream received: {'command': 'tickPrices', 'data': {'symbol': 'EURUSD', 'ask': 0.99789, 'bid': 0.99768, 'high': 0.99793, 'low': 0.99422, 'askVolume': 1200000, 'bidVolume': 1200000, 'timestamp': 1662102771817, 'level': 2, 'quoteId': 5, 'spreadTable': 2.1, 'spreadRaw': 0.00021}}
Received: {'command': 'tickPrices', 'data': {'symbol': 'EURUSD', 'ask': 0.99795, 'bid': 0.99762, 'high': 0.99793, 'low': 0.99422, 'askVolume': 4000000, 'bidVolume': 4000000, 'timestamp': 1662102771817, 'level': 3, 'quoteId': 5, 'spreadTable': 3.3, 'spreadRaw': 0.00033}}
Stream received: {'command': 'tickPrices', 'data': {'symbol': 'EURUSD', 'ask': 0.99795, 'bid': 0.99762, 'high': 0.99793, 'low': 0.99422, 'askVolume': 4000000, 'bidVolume': 4000000, 'timestamp': 1662102771817, 'level': 3, 'quoteId': 5, 'spreadTable': 3.3, 'spreadRaw': 0.00033}}
Received: {'command': 'tickPrices', 'data': {'symbol': 'EURUSD', 'ask': 0.99803, 'bid': 0.99754, 'high': 0.99793, 'low': 0.99422, 'askVolume': 4000000, 'bidVolume': 4500000, 'timestamp': 1662102771817, 'level': 4, 'quoteId': 5, 'spreadTable': 4.9, 'spreadRaw': 0.00049}}
Stream received: {'command': 'tickPrices', 'data': {'symbol': 'EURUSD', 'ask': 0.99803, 'bid': 0.99754, 'high': 0.99793, 'low': 0.99422, 'askVolume': 4000000, 'bidVolume': 4500000, 'timestamp': 1662102771817, 'level': 4, 'quoteId': 5, 'spreadTable': 4.9, 'spreadRaw': 0.00049}}
Received: {'command': 'tickPrices', 'data': {'symbol': 'EURUSD', 'ask': 0.99784, 'bid': 0.99773, 'high': 0.99793, 'low': 0.99422, 'askVolume': 399000, 'bidVolume': 350000, 'timestamp': 1662102772023, 'level': 0, 'quoteId': 5, 'spreadTable': 1.1, 'spreadRaw': 0.00011}}
Stream received: {'command': 'tickPrices', 'data': {'symbol': 'EURUSD', 'ask': 0.99784, 'bid': 0.99773, 'high': 0.99793, 'low': 0.99422, 'askVolume': 399000, 'bidVolume': 350000, 'timestamp': 1662102772023, 'level': 0, 'quoteId': 5, 'spreadTable': 1.1, 'spreadRaw': 0.00011}}
Received: {'command': 'tickPrices', 'data': {'symbol': 'EURUSD', 'ask': 0.99787, 'bid': 0.9977, 'high': 0.99793, 'low': 0.99422, 'askVolume': 1000000, 'bidVolume': 700000, 'timestamp': 1662102772023, 'level': 1, 'quoteId': 5, 'spreadTable': 1.7, 'spreadRaw': 0.00017}}
Stream received: {'command': 'tickPrices', 'data': {'symbol': 'EURUSD', 'ask': 0.99787, 'bid': 0.9977, 'high': 0.99793, 'low': 0.99422, 'askVolume': 1000000, 'bidVolume': 700000, 'timestamp': 1662102772023, 'level': 1, 'quoteId': 5, 'spreadTable': 1.7, 'spreadRaw': 0.00017}}
Received: {'command': 'tickPrices', 'data': {'symbol': 'EURUSD', 'ask': 0.99789, 'bid': 0.99768, 'high': 0.99793, 'low': 0.99422, 'askVolume': 1200000, 'bidVolume': 1200000, 'timestamp': 1662102772023, 'level': 2, 'quoteId': 5, 'spreadTable': 2.1, 'spreadRaw': 0.00021}}
Stream received: {'command': 'tickPrices', 'data': {'symbol': 'EURUSD', 'ask': 0.99789, 'bid': 0.99768, 'high': 0.99793, 'low': 0.99422, 'askVolume': 1200000, 'bidVolume': 1200000, 'timestamp': 1662102772023, 'level': 2, 'quoteId': 5, 'spreadTable': 2.1, 'spreadRaw': 0.00021}}
Received: {'command': 'tickPrices', 'data': {'symbol': 'EURUSD', 'ask': 0.99795, 'bid': 0.99762, 'high': 0.99793, 'low': 0.99422, 'askVolume': 4000000, 'bidVolume': 4000000, 'timestamp': 1662102772023, 'level': 3, 'quoteId': 5, 'spreadTable': 3.3, 'spreadRaw': 0.00033}}
Stream received: {'command': 'tickPrices', 'data': {'symbol': 'EURUSD', 'ask': 0.99795, 'bid': 0.99762, 'high': 0.99793, 'low': 0.99422, 'askVolume': 4000000, 'bidVolume': 4000000, 'timestamp': 1662102772023, 'level': 3, 'quoteId': 5, 'spreadTable': 3.3, 'spreadRaw': 0.00033}}
Received: {'command': 'tickPrices', 'data': {'symbol': 'EURUSD', 'ask': 0.99803, 'bid': 0.99754, 'high': 0.99793, 'low': 0.99422, 'askVolume': 4000000, 'bidVolume': 4500000, 'timestamp': 1662102772023, 'level': 4, 'quoteId': 5, 'spreadTable': 4.9, 'spreadRaw': 0.00049}}
Stream received: {'command': 'tickPrices', 'data': {'symbol': 'EURUSD', 'ask': 0.99803, 'bid': 0.99754, 'high': 0.99793, 'low': 0.99422, 'askVolume': 4000000, 'bidVolume': 4500000, 'timestamp': 1662102772023, 'level': 4, 'quoteId': 5, 'spreadTable': 4.9, 'spreadRaw': 0.00049}}
Received: {'command': 'tickPrices', 'data': {'symbol': 'EURUSD', 'ask': 0.99783, 'bid': 0.99772, 'high': 0.99793, 'low': 0.99422, 'askVolume': 350000, 'bidVolume': 300000, 'timestamp': 1662102772399, 'level': 0, 'quoteId': 5, 'spreadTable': 1.1, 'spreadRaw': 0.00011}}
Stream received: {'command': 'tickPrices', 'data': {'symbol': 'EURUSD', 'ask': 0.99783, 'bid': 0.99772, 'high': 0.99793, 'low': 0.99422, 'askVolume': 350000, 'bidVolume': 300000, 'timestamp': 1662102772399, 'level': 0, 'quoteId': 5, 'spreadTable': 1.1, 'spreadRaw': 0.00011}}
Received: {'command': 'tickPrices', 'data': {'symbol': 'EURUSD', 'ask': 0.99785, 'bid': 0.9977, 'high': 0.99793, 'low': 0.99422, 'askVolume': 1000000, 'bidVolume': 900000, 'timestamp': 1662102772399, 'level': 1, 'quoteId': 5, 'spreadTable': 1.5, 'spreadRaw': 0.00015}}
Stream received: {'command': 'tickPrices', 'data': {'symbol': 'EURUSD', 'ask': 0.99785, 'bid': 0.9977, 'high': 0.99793, 'low': 0.99422, 'askVolume': 1000000, 'bidVolume': 900000, 'timestamp': 1662102772399, 'level': 1, 'quoteId': 5, 'spreadTable': 1.5, 'spreadRaw': 0.00015}}
Received: {'command': 'tickPrices', 'data': {'symbol': 'EURUSD', 'ask': 0.99787, 'bid': 0.99768, 'high': 0.99793, 'low': 0.99422, 'askVolume': 1000000, 'bidVolume': 1000000, 'timestamp': 1662102772399, 'level': 2, 'quoteId': 5, 'spreadTable': 1.9, 'spreadRaw': 0.00019}}
Stream received: {'command': 'tickPrices', 'data': {'symbol': 'EURUSD', 'ask': 0.99787, 'bid': 0.99768, 'high': 0.99793, 'low': 0.99422, 'askVolume': 1000000, 'bidVolume': 1000000, 'timestamp': 1662102772399, 'level': 2, 'quoteId': 5, 'spreadTable': 1.9, 'spreadRaw': 0.00019}}
Received: {'command': 'tickPrices', 'data': {'symbol': 'EURUSD', 'ask': 0.99794, 'bid': 0.99761, 'high': 0.99793, 'low': 0.99422, 'askVolume': 4000000, 'bidVolume': 3500000, 'timestamp': 1662102772399, 'level': 3, 'quoteId': 5, 'spreadTable': 3.3, 'spreadRaw': 0.00033}}
Stream received: {'command': 'tickPrices', 'data': {'symbol': 'EURUSD', 'ask': 0.99794, 'bid': 0.99761, 'high': 0.99793, 'low': 0.99422, 'askVolume': 4000000, 'bidVolume': 3500000, 'timestamp': 1662102772399, 'level': 3, 'quoteId': 5, 'spreadTable': 3.3, 'spreadRaw': 0.00033}}
Closing socket
Socket connected
Sent: b'{"command": "login", "arguments": {"userId": 13755569, "password": "Nad115el", "appName": ""}}'
Received: {'status': True, 'streamSessionId': 'e41f13fffecd98b0-000028e4-01412381-06f83062c67cf5b3-58f37de7'}
{'status': True, 'streamSessionId': 'e41f13fffecd98b0-000028e4-01412381-06f83062c67cf5b3-58f37de7'}
Socket connected
Sent: b'{"command": "getTickPrices", "symbol": "EURUSD", "streamSessionId": "e41f13fffecd98b0-000028e4-01412381-06f83062c67cf5b3-58f37de7"}'
Received: {'command': 'tickPrices', 'data': {'symbol': 'EURUSD', 'ask': 0.99777, 'bid': 0.99768, 'high': 0.99793, 'low': 0.99422, 'askVolume': 400000, 'bidVolume': 300000, 'timestamp': 1662102861098, 'level': 0, 'quoteId': 5, 'spreadTable': 0.9, 'spreadRaw': 9e-05}}
Stream received: {'command': 'tickPrices', 'data': {'symbol': 'EURUSD', 'ask': 0.99777, 'bid': 0.99768, 'high': 0.99793, 'low': 0.99422, 'askVolume': 400000, 'bidVolume': 300000, 'timestamp': 1662102861098, 'level': 0, 'quoteId': 5, 'spreadTable': 0.9, 'spreadRaw': 9e-05}}
Received: {'command': 'tickPrices', 'data': {'symbol': 'EURUSD', 'ask': 0.99779, 'bid': 0.99766, 'high': 0.99793, 'low': 0.99422, 'askVolume': 900000, 'bidVolume': 1200000, 'timestamp': 1662102861098, 'level': 1, 'quoteId': 5, 'spreadTable': 1.3, 'spreadRaw': 0.00013}}
Stream received: {'command': 'tickPrices', 'data': {'symbol': 'EURUSD', 'ask': 0.99779, 'bid': 0.99766, 'high': 0.99793, 'low': 0.99422, 'askVolume': 900000, 'bidVolume': 1200000, 'timestamp': 1662102861098, 'level': 1, 'quoteId': 5, 'spreadTable': 1.3, 'spreadRaw': 0.00013}}
Received: {'command': 'tickPrices', 'data': {'symbol': 'EURUSD', 'ask': 0.99782, 'bid': 0.99763, 'high': 0.99793, 'low': 0.99422, 'askVolume': 1000000, 'bidVolume': 900000, 'timestamp': 1662102861098, 'level': 2, 'quoteId': 5, 'spreadTable': 1.9, 'spreadRaw': 0.00019}}
Stream received: {'command': 'tickPrices', 'data': {'symbol': 'EURUSD', 'ask': 0.99782, 'bid': 0.99763, 'high': 0.99793, 'low': 0.99422, 'askVolume': 1000000, 'bidVolume': 900000, 'timestamp': 1662102861098, 'level': 2, 'quoteId': 5, 'spreadTable': 1.9, 'spreadRaw': 0.00019}}
Received: {'command': 'tickPrices', 'data': {'symbol': 'EURUSD', 'ask': 0.99789, 'bid': 0.99756, 'high': 0.99793, 'low': 0.99422, 'askVolume': 5000000, 'bidVolume': 4500000, 'timestamp': 1662102861098, 'level': 3, 'quoteId': 5, 'spreadTable': 3.3, 'spreadRaw': 0.00033}}
Stream received: {'command': 'tickPrices', 'data': {'symbol': 'EURUSD', 'ask': 0.99789, 'bid': 0.99756, 'high': 0.99793, 'low': 0.99422, 'askVolume': 5000000, 'bidVolume': 4500000, 'timestamp': 1662102861098, 'level': 3, 'quoteId': 5, 'spreadTable': 3.3, 'spreadRaw': 0.00033}}
Received: {'command': 'tickPrices', 'data': {'symbol': 'EURUSD', 'ask': 0.99798, 'bid': 0.99747, 'high': 0.99793, 'low': 0.99422, 'askVolume': 4500000, 'bidVolume': 4000000, 'timestamp': 1662102861098, 'level': 4, 'quoteId': 5, 'spreadTable': 5.1, 'spreadRaw': 0.00051}}
Stream received: {'command': 'tickPrices', 'data': {'symbol': 'EURUSD', 'ask': 0.99798, 'bid': 0.99747, 'high': 0.99793, 'low': 0.99422, 'askVolume': 4500000, 'bidVolume': 4000000, 'timestamp': 1662102861098, 'level': 4, 'quoteId': 5, 'spreadTable': 5.1, 'spreadRaw': 0.00051}}
Received: {'command': 'tickPrices', 'data': {'symbol': 'EURUSD', 'ask': 0.99782, 'bid': 0.99772, 'high': 0.99793, 'low': 0.99422, 'askVolume': 500000, 'bidVolume': 350000, 'timestamp': 1662102861385, 'level': 0, 'quoteId': 5, 'spreadTable': 1.0, 'spreadRaw': 0.0001}}
Stream received: {'command': 'tickPrices', 'data': {'symbol': 'EURUSD', 'ask': 0.99782, 'bid': 0.99772, 'high': 0.99793, 'low': 0.99422, 'askVolume': 500000, 'bidVolume': 350000, 'timestamp': 1662102861385, 'level': 0, 'quoteId': 5, 'spreadTable': 1.0, 'spreadRaw': 0.0001}}
Received: {'command': 'tickPrices', 'data': {'symbol': 'EURUSD', 'ask': 0.99784, 'bid': 0.9977, 'high': 0.99793, 'low': 0.99422, 'askVolume': 1200000, 'bidVolume': 1200000, 'timestamp': 1662102861385, 'level': 1, 'quoteId': 5, 'spreadTable': 1.4, 'spreadRaw': 0.00014}}
Stream received: {'command': 'tickPrices', 'data': {'symbol': 'EURUSD', 'ask': 0.99784, 'bid': 0.9977, 'high': 0.99793, 'low': 0.99422, 'askVolume': 1200000, 'bidVolume': 1200000, 'timestamp': 1662102861385, 'level': 1, 'quoteId': 5, 'spreadTable': 1.4, 'spreadRaw': 0.00014}}
Received: {'command': 'tickPrices', 'data': {'symbol': 'EURUSD', 'ask': 0.99786, 'bid': 0.99768, 'high': 0.99793, 'low': 0.99422, 'askVolume': 1000000, 'bidVolume': 1100000, 'timestamp': 1662102861385, 'level': 2, 'quoteId': 5, 'spreadTable': 1.8, 'spreadRaw': 0.00018}}
Stream received: {'command': 'tickPrices', 'data': {'symbol': 'EURUSD', 'ask': 0.99786, 'bid': 0.99768, 'high': 0.99793, 'low': 0.99422, 'askVolume': 1000000, 'bidVolume': 1100000, 'timestamp': 1662102861385, 'level': 2, 'quoteId': 5, 'spreadTable': 1.8, 'spreadRaw': 0.00018}}
Received: {'command': 'tickPrices', 'data': {'symbol': 'EURUSD', 'ask': 0.99793, 'bid': 0.99761, 'high': 0.99793, 'low': 0.99422, 'askVolume': 3000000, 'bidVolume': 5000000, 'timestamp': 1662102861385, 'level': 3, 'quoteId': 5, 'spreadTable': 3.2, 'spreadRaw': 0.00032}}
Stream received: {'command': 'tickPrices', 'data': {'symbol': 'EURUSD', 'ask': 0.99793, 'bid': 0.99761, 'high': 0.99793, 'low': 0.99422, 'askVolume': 3000000, 'bidVolume': 5000000, 'timestamp': 1662102861385, 'level': 3, 'quoteId': 5, 'spreadTable': 3.2, 'spreadRaw': 0.00032}}
Received: {'command': 'tickPrices', 'data': {'symbol': 'EURUSD', 'ask': 0.99803, 'bid': 0.99751, 'high': 0.99793, 'low': 0.99422, 'askVolume': 4000000, 'bidVolume': 5000000, 'timestamp': 1662102861385, 'level': 4, 'quoteId': 5, 'spreadTable': 5.2, 'spreadRaw': 0.00052}}
Stream received: {'command': 'tickPrices', 'data': {'symbol': 'EURUSD', 'ask': 0.99803, 'bid': 0.99751, 'high': 0.99793, 'low': 0.99422, 'askVolume': 4000000, 'bidVolume': 5000000, 'timestamp': 1662102861385, 'level': 4, 'quoteId': 5, 'spreadTable': 5.2, 'spreadRaw': 0.00052}}
Received: {'command': 'tickPrices', 'data': {'symbol': 'EURUSD', 'ask': 0.9978, 'bid': 0.9977, 'high': 0.99793, 'low': 0.99422, 'askVolume': 400000, 'bidVolume': 400000, 'timestamp': 1662102862080, 'level': 0, 'quoteId': 5, 'spreadTable': 1.0, 'spreadRaw': 0.0001}}
Stream received: {'command': 'tickPrices', 'data': {'symbol': 'EURUSD', 'ask': 0.9978, 'bid': 0.9977, 'high': 0.99793, 'low': 0.99422, 'askVolume': 400000, 'bidVolume': 400000, 'timestamp': 1662102862080, 'level': 0, 'quoteId': 5, 'spreadTable': 1.0, 'spreadRaw': 0.0001}}
Received: {'command': 'tickPrices', 'data': {'symbol': 'EURUSD', 'ask': 0.99781, 'bid': 0.99769, 'high': 0.99793, 'low': 0.99422, 'askVolume': 800000, 'bidVolume': 700000, 'timestamp': 1662102862080, 'level': 1, 'quoteId': 5, 'spreadTable': 1.2, 'spreadRaw': 0.00012}}
Stream received: {'command': 'tickPrices', 'data': {'symbol': 'EURUSD', 'ask': 0.99781, 'bid': 0.99769, 'high': 0.99793, 'low': 0.99422, 'askVolume': 800000, 'bidVolume': 700000, 'timestamp': 1662102862080, 'level': 1, 'quoteId': 5, 'spreadTable': 1.2, 'spreadRaw': 0.00012}}
Received: {'command': 'tickPrices', 'data': {'symbol': 'EURUSD', 'ask': 0.99783, 'bid': 0.99767, 'high': 0.99793, 'low': 0.99422, 'askVolume': 1000000, 'bidVolume': 1000000, 'timestamp': 1662102862080, 'level': 2, 'quoteId': 5, 'spreadTable': 1.6, 'spreadRaw': 0.00016}}
Stream received: {'command': 'tickPrices', 'data': {'symbol': 'EURUSD', 'ask': 0.99783, 'bid': 0.99767, 'high': 0.99793, 'low': 0.99422, 'askVolume': 1000000, 'bidVolume': 1000000, 'timestamp': 1662102862080, 'level': 2, 'quoteId': 5, 'spreadTable': 1.6, 'spreadRaw': 0.00016}}
Received: {'command': 'tickPrices', 'data': {'symbol': 'EURUSD', 'ask': 0.9979, 'bid': 0.9976, 'high': 0.99793, 'low': 0.99422, 'askVolume': 4000000, 'bidVolume': 3500000, 'timestamp': 1662102862080, 'level': 3, 'quoteId': 5, 'spreadTable': 3.0, 'spreadRaw': 0.0003}}
Stream received: {'command': 'tickPrices', 'data': {'symbol': 'EURUSD', 'ask': 0.9979, 'bid': 0.9976, 'high': 0.99793, 'low': 0.99422, 'askVolume': 4000000, 'bidVolume': 3500000, 'timestamp': 1662102862080, 'level': 3, 'quoteId': 5, 'spreadTable': 3.0, 'spreadRaw': 0.0003}}
Received: {'command': 'tickPrices', 'data': {'symbol': 'EURUSD', 'ask': 0.99799, 'bid': 0.99751, 'high': 0.99793, 'low': 0.99422, 'askVolume': 5000000, 'bidVolume': 4000000, 'timestamp': 1662102862080, 'level': 4, 'quoteId': 5, 'spreadTable': 4.8, 'spreadRaw': 0.00048}}
Stream received: {'command': 'tickPrices', 'data': {'symbol': 'EURUSD', 'ask': 0.99799, 'bid': 0.99751, 'high': 0.99793, 'low': 0.99422, 'askVolume': 5000000, 'bidVolume': 4000000, 'timestamp': 1662102862080, 'level': 4, 'quoteId': 5, 'spreadTable': 4.8, 'spreadRaw': 0.00048}}
Received: {'command': 'tickPrices', 'data': {'symbol': 'EURUSD', 'ask': 0.9978, 'bid': 0.99769, 'high': 0.99793, 'low': 0.99422, 'askVolume': 350000, 'bidVolume': 400000, 'timestamp': 1662102862431, 'level': 0, 'quoteId': 5, 'spreadTable': 1.1, 'spreadRaw': 0.00011}}
Stream received: {'command': 'tickPrices', 'data': {'symbol': 'EURUSD', 'ask': 0.9978, 'bid': 0.99769, 'high': 0.99793, 'low': 0.99422, 'askVolume': 350000, 'bidVolume': 400000, 'timestamp': 1662102862431, 'level': 0, 'quoteId': 5, 'spreadTable': 1.1, 'spreadRaw': 0.00011}}
Received: {'command': 'tickPrices', 'data': {'symbol': 'EURUSD', 'ask': 0.99782, 'bid': 0.99767, 'high': 0.99793, 'low': 0.99422, 'askVolume': 900000, 'bidVolume': 1200000, 'timestamp': 1662102862431, 'level': 1, 'quoteId': 5, 'spreadTable': 1.5, 'spreadRaw': 0.00015}}
Stream received: {'command': 'tickPrices', 'data': {'symbol': 'EURUSD', 'ask': 0.99782, 'bid': 0.99767, 'high': 0.99793, 'low': 0.99422, 'askVolume': 900000, 'bidVolume': 1200000, 'timestamp': 1662102862431, 'level': 1, 'quoteId': 5, 'spreadTable': 1.5, 'spreadRaw': 0.00015}}
Received: {'command': 'tickPrices', 'data': {'symbol': 'EURUSD', 'ask': 0.99784, 'bid': 0.99765, 'high': 0.99793, 'low': 0.99422, 'askVolume': 800000, 'bidVolume': 1000000, 'timestamp': 1662102862431, 'level': 2, 'quoteId': 5, 'spreadTable': 1.9, 'spreadRaw': 0.00019}}
Stream received: {'command': 'tickPrices', 'data': {'symbol': 'EURUSD', 'ask': 0.99784, 'bid': 0.99765, 'high': 0.99793, 'low': 0.99422, 'askVolume': 800000, 'bidVolume': 1000000, 'timestamp': 1662102862431, 'level': 2, 'quoteId': 5, 'spreadTable': 1.9, 'spreadRaw': 0.00019}}
Received: {'command': 'tickPrices', 'data': {'symbol': 'EURUSD', 'ask': 0.99791, 'bid': 0.99758, 'high': 0.99793, 'low': 0.99422, 'askVolume': 4000000, 'bidVolume': 3500000, 'timestamp': 1662102862431, 'level': 3, 'quoteId': 5, 'spreadTable': 3.3, 'spreadRaw': 0.00033}}
Stream received: {'command': 'tickPrices', 'data': {'symbol': 'EURUSD', 'ask': 0.99791, 'bid': 0.99758, 'high': 0.99793, 'low': 0.99422, 'askVolume': 4000000, 'bidVolume': 3500000, 'timestamp': 1662102862431, 'level': 3, 'quoteId': 5, 'spreadTable': 3.3, 'spreadRaw': 0.00033}}
Received: {'command': 'tickPrices', 'data': {'symbol': 'EURUSD', 'ask': 0.99799, 'bid': 0.9975, 'high': 0.99793, 'low': 0.99422, 'askVolume': 3000000, 'bidVolume': 5000000, 'timestamp': 1662102862431, 'level': 4, 'quoteId': 5, 'spreadTable': 4.9, 'spreadRaw': 0.00049}}
Stream received: {'command': 'tickPrices', 'data': {'symbol': 'EURUSD', 'ask': 0.99799, 'bid': 0.9975, 'high': 0.99793, 'low': 0.99422, 'askVolume': 3000000, 'bidVolume': 5000000, 'timestamp': 1662102862431, 'level': 4, 'quoteId': 5, 'spreadTable': 4.9, 'spreadRaw': 0.00049}}
Received: {'command': 'tickPrices', 'data': {'symbol': 'EURUSD', 'ask': 0.9978, 'bid': 0.9977, 'high': 0.99793, 'low': 0.99422, 'askVolume': 450000, 'bidVolume': 450000, 'timestamp': 1662102862641, 'level': 0, 'quoteId': 5, 'spreadTable': 1.0, 'spreadRaw': 0.0001}}
Stream received: {'command': 'tickPrices', 'data': {'symbol': 'EURUSD', 'ask': 0.9978, 'bid': 0.9977, 'high': 0.99793, 'low': 0.99422, 'askVolume': 450000, 'bidVolume': 450000, 'timestamp': 1662102862641, 'level': 0, 'quoteId': 5, 'spreadTable': 1.0, 'spreadRaw': 0.0001}}
Received: {'command': 'tickPrices', 'data': {'symbol': 'EURUSD', 'ask': 0.99782, 'bid': 0.99768, 'high': 0.99793, 'low': 0.99422, 'askVolume': 1000000, 'bidVolume': 1200000, 'timestamp': 1662102862641, 'level': 1, 'quoteId': 5, 'spreadTable': 1.4, 'spreadRaw': 0.00014}}
Stream received: {'command': 'tickPrices', 'data': {'symbol': 'EURUSD', 'ask': 0.99782, 'bid': 0.99768, 'high': 0.99793, 'low': 0.99422, 'askVolume': 1000000, 'bidVolume': 1200000, 'timestamp': 1662102862641, 'level': 1, 'quoteId': 5, 'spreadTable': 1.4, 'spreadRaw': 0.00014}}
Received: {'command': 'tickPrices', 'data': {'symbol': 'EURUSD', 'ask': 0.99785, 'bid': 0.99765, 'high': 0.99793, 'low': 0.99422, 'askVolume': 1100000, 'bidVolume': 800000, 'timestamp': 1662102862641, 'level': 2, 'quoteId': 5, 'spreadTable': 2.0, 'spreadRaw': 0.0002}}
Stream received: {'command': 'tickPrices', 'data': {'symbol': 'EURUSD', 'ask': 0.99785, 'bid': 0.99765, 'high': 0.99793, 'low': 0.99422, 'askVolume': 1100000, 'bidVolume': 800000, 'timestamp': 1662102862641, 'level': 2, 'quoteId': 5, 'spreadTable': 2.0, 'spreadRaw': 0.0002}}
Received: {'command': 'tickPrices', 'data': {'symbol': 'EURUSD', 'ask': 0.99791, 'bid': 0.99759, 'high': 0.99793, 'low': 0.99422, 'askVolume': 4000000, 'bidVolume': 4000000, 'timestamp': 1662102862641, 'level': 3, 'quoteId': 5, 'spreadTable': 3.2, 'spreadRaw': 0.00032}}
Stream received: {'command': 'tickPrices', 'data': {'symbol': 'EURUSD', 'ask': 0.99791, 'bid': 0.99759, 'high': 0.99793, 'low': 0.99422, 'askVolume': 4000000, 'bidVolume': 4000000, 'timestamp': 1662102862641, 'level': 3, 'quoteId': 5, 'spreadTable': 3.2, 'spreadRaw': 0.00032}}
Received: {'command': 'tickPrices', 'data': {'symbol': 'EURUSD', 'ask': 0.99801, 'bid': 0.99749, 'high': 0.99793, 'low': 0.99422, 'askVolume': 4000000, 'bidVolume': 4000000, 'timestamp': 1662102862641, 'level': 4, 'quoteId': 5, 'spreadTable': 5.2, 'spreadRaw': 0.00052}}
Stream received: {'command': 'tickPrices', 'data': {'symbol': 'EURUSD', 'ask': 0.99801, 'bid': 0.99749, 'high': 0.99793, 'low': 0.99422, 'askVolume': 4000000, 'bidVolume': 4000000, 'timestamp': 1662102862641, 'level': 4, 'quoteId': 5, 'spreadTable': 5.2, 'spreadRaw': 0.00052}}
Received: {'command': 'tickPrices', 'data': {'symbol': 'EURUSD', 'ask': 0.99781, 'bid': 0.99772, 'high': 0.99793, 'low': 0.99422, 'askVolume': 350000, 'bidVolume': 400000, 'timestamp': 1662102863117, 'level': 0, 'quoteId': 5, 'spreadTable': 0.9, 'spreadRaw': 9e-05}}
Stream received: {'command': 'tickPrices', 'data': {'symbol': 'EURUSD', 'ask': 0.99781, 'bid': 0.99772, 'high': 0.99793, 'low': 0.99422, 'askVolume': 350000, 'bidVolume': 400000, 'timestamp': 1662102863117, 'level': 0, 'quoteId': 5, 'spreadTable': 0.9, 'spreadRaw': 9e-05}}
Received: {'command': 'tickPrices', 'data': {'symbol': 'EURUSD', 'ask': 0.99784, 'bid': 0.99769, 'high': 0.99793, 'low': 0.99422, 'askVolume': 800000, 'bidVolume': 1000000, 'timestamp': 1662102863117, 'level': 1, 'quoteId': 5, 'spreadTable': 1.5, 'spreadRaw': 0.00015}}
Stream received: {'command': 'tickPrices', 'data': {'symbol': 'EURUSD', 'ask': 0.99784, 'bid': 0.99769, 'high': 0.99793, 'low': 0.99422, 'askVolume': 800000, 'bidVolume': 1000000, 'timestamp': 1662102863117, 'level': 1, 'quoteId': 5, 'spreadTable': 1.5, 'spreadRaw': 0.00015}}
Received: {'command': 'tickPrices', 'data': {'symbol': 'EURUSD', 'ask': 0.99787, 'bid': 0.99766, 'high': 0.99793, 'low': 0.99422, 'askVolume': 1000000, 'bidVolume': 1000000, 'timestamp': 1662102863117, 'level': 2, 'quoteId': 5, 'spreadTable': 2.1, 'spreadRaw': 0.00021}}
Stream received: {'command': 'tickPrices', 'data': {'symbol': 'EURUSD', 'ask': 0.99787, 'bid': 0.99766, 'high': 0.99793, 'low': 0.99422, 'askVolume': 1000000, 'bidVolume': 1000000, 'timestamp': 1662102863117, 'level': 2, 'quoteId': 5, 'spreadTable': 2.1, 'spreadRaw': 0.00021}}
Received: {'command': 'tickPrices', 'data': {'symbol': 'EURUSD', 'ask': 0.99795, 'bid': 0.99758, 'high': 0.99793, 'low': 0.99422, 'askVolume': 3500000, 'bidVolume': 3500000, 'timestamp': 1662102863117, 'level': 3, 'quoteId': 5, 'spreadTable': 3.7, 'spreadRaw': 0.00037}}
Stream received: {'command': 'tickPrices', 'data': {'symbol': 'EURUSD', 'ask': 0.99795, 'bid': 0.99758, 'high': 0.99793, 'low': 0.99422, 'askVolume': 3500000, 'bidVolume': 3500000, 'timestamp': 1662102863117, 'level': 3, 'quoteId': 5, 'spreadTable': 3.7, 'spreadRaw': 0.00037}}
Received: {'command': 'tickPrices', 'data': {'symbol': 'EURUSD', 'ask': 0.99803, 'bid': 0.9975, 'high': 0.99793, 'low': 0.99422, 'askVolume': 3000000, 'bidVolume': 3500000, 'timestamp': 1662102863117, 'level': 4, 'quoteId': 5, 'spreadTable': 5.3, 'spreadRaw': 0.00053}}
Stream received: {'command': 'tickPrices', 'data': {'symbol': 'EURUSD', 'ask': 0.99803, 'bid': 0.9975, 'high': 0.99793, 'low': 0.99422, 'askVolume': 3000000, 'bidVolume': 3500000, 'timestamp': 1662102863117, 'level': 4, 'quoteId': 5, 'spreadTable': 5.3, 'spreadRaw': 0.00053}}
Received: {'command': 'tickPrices', 'data': {'symbol': 'EURUSD', 'ask': 0.99781, 'bid': 0.99772, 'high': 0.99793, 'low': 0.99422, 'askVolume': 350000, 'bidVolume': 450000, 'timestamp': 1662102863682, 'level': 0, 'quoteId': 5, 'spreadTable': 0.9, 'spreadRaw': 9e-05}}
Stream received: {'command': 'tickPrices', 'data': {'symbol': 'EURUSD', 'ask': 0.99781, 'bid': 0.99772, 'high': 0.99793, 'low': 0.99422, 'askVolume': 350000, 'bidVolume': 450000, 'timestamp': 1662102863682, 'level': 0, 'quoteId': 5, 'spreadTable': 0.9, 'spreadRaw': 9e-05}}
Received: {'command': 'tickPrices', 'data': {'symbol': 'EURUSD', 'ask': 0.99782, 'bid': 0.99771, 'high': 0.99793, 'low': 0.99422, 'askVolume': 800000, 'bidVolume': 800000, 'timestamp': 1662102863682, 'level': 1, 'quoteId': 5, 'spreadTable': 1.1, 'spreadRaw': 0.00011}}
Stream received: {'command': 'tickPrices', 'data': {'symbol': 'EURUSD', 'ask': 0.99782, 'bid': 0.99771, 'high': 0.99793, 'low': 0.99422, 'askVolume': 800000, 'bidVolume': 800000, 'timestamp': 1662102863682, 'level': 1, 'quoteId': 5, 'spreadTable': 1.1, 'spreadRaw': 0.00011}}
Received: {'command': 'tickPrices', 'data': {'symbol': 'EURUSD', 'ask': 0.99784, 'bid': 0.99769, 'high': 0.99793, 'low': 0.99422, 'askVolume': 1000000, 'bidVolume': 900000, 'timestamp': 1662102863682, 'level': 2, 'quoteId': 5, 'spreadTable': 1.5, 'spreadRaw': 0.00015}}
Stream received: {'command': 'tickPrices', 'data': {'symbol': 'EURUSD', 'ask': 0.99784, 'bid': 0.99769, 'high': 0.99793, 'low': 0.99422, 'askVolume': 1000000, 'bidVolume': 900000, 'timestamp': 1662102863682, 'level': 2, 'quoteId': 5, 'spreadTable': 1.5, 'spreadRaw': 0.00015}}
Received: {'command': 'tickPrices', 'data': {'symbol': 'EURUSD', 'ask': 0.99792, 'bid': 0.99761, 'high': 0.99793, 'low': 0.99422, 'askVolume': 4500000, 'bidVolume': 4000000, 'timestamp': 1662102863682, 'level': 3, 'quoteId': 5, 'spreadTable': 3.1, 'spreadRaw': 0.00031}}
Stream received: {'command': 'tickPrices', 'data': {'symbol': 'EURUSD', 'ask': 0.99792, 'bid': 0.99761, 'high': 0.99793, 'low': 0.99422, 'askVolume': 4500000, 'bidVolume': 4000000, 'timestamp': 1662102863682, 'level': 3, 'quoteId': 5, 'spreadTable': 3.1, 'spreadRaw': 0.00031}}
Closing socket
Socket connected
Sent: b'{"command": "login", "arguments": {"userId": 13755569, "password": "Nad115el", "appName": ""}}'
Received: {'status': True, 'streamSessionId': 'e41f13fffecd98b0-000028e4-0141269c-c432feef0a7e3ff7-0d04bd5d'}
{'status': True, 'streamSessionId': 'e41f13fffecd98b0-000028e4-0141269c-c432feef0a7e3ff7-0d04bd5d'}
Socket connected
Sent: b'{"command": "getTickPrices", "symbol": "EURUSD", "streamSessionId": "e41f13fffecd98b0-000028e4-0141269c-c432feef0a7e3ff7-0d04bd5d"}'
Received: {'command': 'tickPrices', 'data': {'symbol': 'EURUSD', 'ask': 0.99778, 'bid': 0.99767, 'high': 0.99793, 'low': 0.99422, 'askVolume': 300000, 'bidVolume': 350000, 'timestamp': 1662102946232, 'level': 0, 'quoteId': 5, 'spreadTable': 1.1, 'spreadRaw': 0.00011}}
Stream received: {'command': 'tickPrices', 'data': {'symbol': 'EURUSD', 'ask': 0.99778, 'bid': 0.99767, 'high': 0.99793, 'low': 0.99422, 'askVolume': 300000, 'bidVolume': 350000, 'timestamp': 1662102946232, 'level': 0, 'quoteId': 5, 'spreadTable': 1.1, 'spreadRaw': 0.00011}}
Received: {'command': 'tickPrices', 'data': {'symbol': 'EURUSD', 'ask': 0.9978, 'bid': 0.99765, 'high': 0.99793, 'low': 0.99422, 'askVolume': 1000000, 'bidVolume': 1200000, 'timestamp': 1662102946232, 'level': 1, 'quoteId': 5, 'spreadTable': 1.5, 'spreadRaw': 0.00015}}
Stream received: {'command': 'tickPrices', 'data': {'symbol': 'EURUSD', 'ask': 0.9978, 'bid': 0.99765, 'high': 0.99793, 'low': 0.99422, 'askVolume': 1000000, 'bidVolume': 1200000, 'timestamp': 1662102946232, 'level': 1, 'quoteId': 5, 'spreadTable': 1.5, 'spreadRaw': 0.00015}}
Received: {'command': 'tickPrices', 'data': {'symbol': 'EURUSD', 'ask': 0.99783, 'bid': 0.99762, 'high': 0.99793, 'low': 0.99422, 'askVolume': 900000, 'bidVolume': 1200000, 'timestamp': 1662102946232, 'level': 2, 'quoteId': 5, 'spreadTable': 2.1, 'spreadRaw': 0.00021}}
Stream received: {'command': 'tickPrices', 'data': {'symbol': 'EURUSD', 'ask': 0.99783, 'bid': 0.99762, 'high': 0.99793, 'low': 0.99422, 'askVolume': 900000, 'bidVolume': 1200000, 'timestamp': 1662102946232, 'level': 2, 'quoteId': 5, 'spreadTable': 2.1, 'spreadRaw': 0.00021}}
Received: {'command': 'tickPrices', 'data': {'symbol': 'EURUSD', 'ask': 0.99789, 'bid': 0.99756, 'high': 0.99793, 'low': 0.99422, 'askVolume': 3000000, 'bidVolume': 3000000, 'timestamp': 1662102946232, 'level': 3, 'quoteId': 5, 'spreadTable': 3.3, 'spreadRaw': 0.00033}}
Stream received: {'command': 'tickPrices', 'data': {'symbol': 'EURUSD', 'ask': 0.99789, 'bid': 0.99756, 'high': 0.99793, 'low': 0.99422, 'askVolume': 3000000, 'bidVolume': 3000000, 'timestamp': 1662102946232, 'level': 3, 'quoteId': 5, 'spreadTable': 3.3, 'spreadRaw': 0.00033}}
Received: {'command': 'tickPrices', 'data': {'symbol': 'EURUSD', 'ask': 0.99798, 'bid': 0.99747, 'high': 0.99793, 'low': 0.99422, 'askVolume': 3500000, 'bidVolume': 3500000, 'timestamp': 1662102946232, 'level': 4, 'quoteId': 5, 'spreadTable': 5.1, 'spreadRaw': 0.00051}}
Stream received: {'command': 'tickPrices', 'data': {'symbol': 'EURUSD', 'ask': 0.99798, 'bid': 0.99747, 'high': 0.99793, 'low': 0.99422, 'askVolume': 3500000, 'bidVolume': 3500000, 'timestamp': 1662102946232, 'level': 4, 'quoteId': 5, 'spreadTable': 5.1, 'spreadRaw': 0.00051}}
Received: {'command': 'tickPrices', 'data': {'symbol': 'EURUSD', 'ask': 0.9978, 'bid': 0.9977, 'high': 0.99793, 'low': 0.99422, 'askVolume': 500000, 'bidVolume': 350000, 'timestamp': 1662102947590, 'level': 0, 'quoteId': 5, 'spreadTable': 1.0, 'spreadRaw': 0.0001}}
Stream received: {'command': 'tickPrices', 'data': {'symbol': 'EURUSD', 'ask': 0.9978, 'bid': 0.9977, 'high': 0.99793, 'low': 0.99422, 'askVolume': 500000, 'bidVolume': 350000, 'timestamp': 1662102947590, 'level': 0, 'quoteId': 5, 'spreadTable': 1.0, 'spreadRaw': 0.0001}}
Received: {'command': 'tickPrices', 'data': {'symbol': 'EURUSD', 'ask': 0.99783, 'bid': 0.99767, 'high': 0.99793, 'low': 0.99422, 'askVolume': 1000000, 'bidVolume': 1000000, 'timestamp': 1662102947590, 'level': 1, 'quoteId': 5, 'spreadTable': 1.6, 'spreadRaw': 0.00016}}
Stream received: {'command': 'tickPrices', 'data': {'symbol': 'EURUSD', 'ask': 0.99783, 'bid': 0.99767, 'high': 0.99793, 'low': 0.99422, 'askVolume': 1000000, 'bidVolume': 1000000, 'timestamp': 1662102947590, 'level': 1, 'quoteId': 5, 'spreadTable': 1.6, 'spreadRaw': 0.00016}}
Received: {'command': 'tickPrices', 'data': {'symbol': 'EURUSD', 'ask': 0.99786, 'bid': 0.99764, 'high': 0.99793, 'low': 0.99422, 'askVolume': 1200000, 'bidVolume': 900000, 'timestamp': 1662102947590, 'level': 2, 'quoteId': 5, 'spreadTable': 2.2, 'spreadRaw': 0.00022}}
Stream received: {'command': 'tickPrices', 'data': {'symbol': 'EURUSD', 'ask': 0.99786, 'bid': 0.99764, 'high': 0.99793, 'low': 0.99422, 'askVolume': 1200000, 'bidVolume': 900000, 'timestamp': 1662102947590, 'level': 2, 'quoteId': 5, 'spreadTable': 2.2, 'spreadRaw': 0.00022}}
Received: {'command': 'tickPrices', 'data': {'symbol': 'EURUSD', 'ask': 0.99793, 'bid': 0.99757, 'high': 0.99793, 'low': 0.99422, 'askVolume': 3500000, 'bidVolume': 4500000, 'timestamp': 1662102947590, 'level': 3, 'quoteId': 5, 'spreadTable': 3.6, 'spreadRaw': 0.00036}}
Stream received: {'command': 'tickPrices', 'data': {'symbol': 'EURUSD', 'ask': 0.99793, 'bid': 0.99757, 'high': 0.99793, 'low': 0.99422, 'askVolume': 3500000, 'bidVolume': 4500000, 'timestamp': 1662102947590, 'level': 3, 'quoteId': 5, 'spreadTable': 3.6, 'spreadRaw': 0.00036}}
Received: {'command': 'tickPrices', 'data': {'symbol': 'EURUSD', 'ask': 0.99803, 'bid': 0.99747, 'high': 0.99793, 'low': 0.99422, 'askVolume': 3000000, 'bidVolume': 4000000, 'timestamp': 1662102947590, 'level': 4, 'quoteId': 5, 'spreadTable': 5.6, 'spreadRaw': 0.00056}}
Stream received: {'command': 'tickPrices', 'data': {'symbol': 'EURUSD', 'ask': 0.99803, 'bid': 0.99747, 'high': 0.99793, 'low': 0.99422, 'askVolume': 3000000, 'bidVolume': 4000000, 'timestamp': 1662102947590, 'level': 4, 'quoteId': 5, 'spreadTable': 5.6, 'spreadRaw': 0.00056}}
Received: {'command': 'tickPrices', 'data': {'symbol': 'EURUSD', 'ask': 0.99781, 'bid': 0.99771, 'high': 0.99793, 'low': 0.99422, 'askVolume': 300000, 'bidVolume': 450000, 'timestamp': 1662102947864, 'level': 0, 'quoteId': 5, 'spreadTable': 1.0, 'spreadRaw': 0.0001}}
Stream received: {'command': 'tickPrices', 'data': {'symbol': 'EURUSD', 'ask': 0.99781, 'bid': 0.99771, 'high': 0.99793, 'low': 0.99422, 'askVolume': 300000, 'bidVolume': 450000, 'timestamp': 1662102947864, 'level': 0, 'quoteId': 5, 'spreadTable': 1.0, 'spreadRaw': 0.0001}}
Received: {'command': 'tickPrices', 'data': {'symbol': 'EURUSD', 'ask': 0.99782, 'bid': 0.9977, 'high': 0.99793, 'low': 0.99422, 'askVolume': 900000, 'bidVolume': 1000000, 'timestamp': 1662102947864, 'level': 1, 'quoteId': 5, 'spreadTable': 1.2, 'spreadRaw': 0.00012}}
Stream received: {'command': 'tickPrices', 'data': {'symbol': 'EURUSD', 'ask': 0.99782, 'bid': 0.9977, 'high': 0.99793, 'low': 0.99422, 'askVolume': 900000, 'bidVolume': 1000000, 'timestamp': 1662102947864, 'level': 1, 'quoteId': 5, 'spreadTable': 1.2, 'spreadRaw': 0.00012}}
Received: {'command': 'tickPrices', 'data': {'symbol': 'EURUSD', 'ask': 0.99784, 'bid': 0.99768, 'high': 0.99793, 'low': 0.99422, 'askVolume': 1100000, 'bidVolume': 1100000, 'timestamp': 1662102947864, 'level': 2, 'quoteId': 5, 'spreadTable': 1.6, 'spreadRaw': 0.00016}}
Stream received: {'command': 'tickPrices', 'data': {'symbol': 'EURUSD', 'ask': 0.99784, 'bid': 0.99768, 'high': 0.99793, 'low': 0.99422, 'askVolume': 1100000, 'bidVolume': 1100000, 'timestamp': 1662102947864, 'level': 2, 'quoteId': 5, 'spreadTable': 1.6, 'spreadRaw': 0.00016}}
Received: {'command': 'tickPrices', 'data': {'symbol': 'EURUSD', 'ask': 0.99791, 'bid': 0.99761, 'high': 0.99793, 'low': 0.99422, 'askVolume': 4000000, 'bidVolume': 3000000, 'timestamp': 1662102947864, 'level': 3, 'quoteId': 5, 'spreadTable': 3.0, 'spreadRaw': 0.0003}}
Stream received: {'command': 'tickPrices', 'data': {'symbol': 'EURUSD', 'ask': 0.99791, 'bid': 0.99761, 'high': 0.99793, 'low': 0.99422, 'askVolume': 4000000, 'bidVolume': 3000000, 'timestamp': 1662102947864, 'level': 3, 'quoteId': 5, 'spreadTable': 3.0, 'spreadRaw': 0.0003}}
Received: {'command': 'tickPrices', 'data': {'symbol': 'EURUSD', 'ask': 0.998, 'bid': 0.99752, 'high': 0.99793, 'low': 0.99422, 'askVolume': 4000000, 'bidVolume': 5000000, 'timestamp': 1662102947864, 'level': 4, 'quoteId': 5, 'spreadTable': 4.8, 'spreadRaw': 0.00048}}
Stream received: {'command': 'tickPrices', 'data': {'symbol': 'EURUSD', 'ask': 0.998, 'bid': 0.99752, 'high': 0.99793, 'low': 0.99422, 'askVolume': 4000000, 'bidVolume': 5000000, 'timestamp': 1662102947864, 'level': 4, 'quoteId': 5, 'spreadTable': 4.8, 'spreadRaw': 0.00048}}
Received: {'command': 'tickPrices', 'data': {'symbol': 'EURUSD', 'ask': 0.99781, 'bid': 0.99771, 'high': 0.99793, 'low': 0.99422, 'askVolume': 299000, 'bidVolume': 450000, 'timestamp': 1662102949255, 'level': 0, 'quoteId': 5, 'spreadTable': 1.0, 'spreadRaw': 0.0001}}
Stream received: {'command': 'tickPrices', 'data': {'symbol': 'EURUSD', 'ask': 0.99781, 'bid': 0.99771, 'high': 0.99793, 'low': 0.99422, 'askVolume': 299000, 'bidVolume': 450000, 'timestamp': 1662102949255, 'level': 0, 'quoteId': 5, 'spreadTable': 1.0, 'spreadRaw': 0.0001}}
Received: {'command': 'tickPrices', 'data': {'symbol': 'EURUSD', 'ask': 0.99782, 'bid': 0.9977, 'high': 0.99793, 'low': 0.99422, 'askVolume': 900000, 'bidVolume': 1000000, 'timestamp': 1662102949255, 'level': 1, 'quoteId': 5, 'spreadTable': 1.2, 'spreadRaw': 0.00012}}
Stream received: {'command': 'tickPrices', 'data': {'symbol': 'EURUSD', 'ask': 0.99782, 'bid': 0.9977, 'high': 0.99793, 'low': 0.99422, 'askVolume': 900000, 'bidVolume': 1000000, 'timestamp': 1662102949255, 'level': 1, 'quoteId': 5, 'spreadTable': 1.2, 'spreadRaw': 0.00012}}
Received: {'command': 'tickPrices', 'data': {'symbol': 'EURUSD', 'ask': 0.99784, 'bid': 0.99768, 'high': 0.99793, 'low': 0.99422, 'askVolume': 1100000, 'bidVolume': 1100000, 'timestamp': 1662102949255, 'level': 2, 'quoteId': 5, 'spreadTable': 1.6, 'spreadRaw': 0.00016}}
Stream received: {'command': 'tickPrices', 'data': {'symbol': 'EURUSD', 'ask': 0.99784, 'bid': 0.99768, 'high': 0.99793, 'low': 0.99422, 'askVolume': 1100000, 'bidVolume': 1100000, 'timestamp': 1662102949255, 'level': 2, 'quoteId': 5, 'spreadTable': 1.6, 'spreadRaw': 0.00016}}
Received: {'command': 'tickPrices', 'data': {'symbol': 'EURUSD', 'ask': 0.99791, 'bid': 0.99761, 'high': 0.99793, 'low': 0.99422, 'askVolume': 4000000, 'bidVolume': 3000000, 'timestamp': 1662102949255, 'level': 3, 'quoteId': 5, 'spreadTable': 3.0, 'spreadRaw': 0.0003}}
Stream received: {'command': 'tickPrices', 'data': {'symbol': 'EURUSD', 'ask': 0.99791, 'bid': 0.99761, 'high': 0.99793, 'low': 0.99422, 'askVolume': 4000000, 'bidVolume': 3000000, 'timestamp': 1662102949255, 'level': 3, 'quoteId': 5, 'spreadTable': 3.0, 'spreadRaw': 0.0003}}
Received: {'command': 'tickPrices', 'data': {'symbol': 'EURUSD', 'ask': 0.998, 'bid': 0.99752, 'high': 0.99793, 'low': 0.99422, 'askVolume': 4000000, 'bidVolume': 5000000, 'timestamp': 1662102949255, 'level': 4, 'quoteId': 5, 'spreadTable': 4.8, 'spreadRaw': 0.00048}}
Stream received: {'command': 'tickPrices', 'data': {'symbol': 'EURUSD', 'ask': 0.998, 'bid': 0.99752, 'high': 0.99793, 'low': 0.99422, 'askVolume': 4000000, 'bidVolume': 5000000, 'timestamp': 1662102949255, 'level': 4, 'quoteId': 5, 'spreadTable': 4.8, 'spreadRaw': 0.00048}}
Received: {'command': 'tickPrices', 'data': {'symbol': 'EURUSD', 'ask': 0.99781, 'bid': 0.9977, 'high': 0.99793, 'low': 0.99422, 'askVolume': 450000, 'bidVolume': 350000, 'timestamp': 1662102949681, 'level': 0, 'quoteId': 5, 'spreadTable': 1.1, 'spreadRaw': 0.00011}}
Stream received: {'command': 'tickPrices', 'data': {'symbol': 'EURUSD', 'ask': 0.99781, 'bid': 0.9977, 'high': 0.99793, 'low': 0.99422, 'askVolume': 450000, 'bidVolume': 350000, 'timestamp': 1662102949681, 'level': 0, 'quoteId': 5, 'spreadTable': 1.1, 'spreadRaw': 0.00011}}
Received: {'command': 'tickPrices', 'data': {'symbol': 'EURUSD', 'ask': 0.99784, 'bid': 0.99767, 'high': 0.99793, 'low': 0.99422, 'askVolume': 1200000, 'bidVolume': 1000000, 'timestamp': 1662102949681, 'level': 1, 'quoteId': 5, 'spreadTable': 1.7, 'spreadRaw': 0.00017}}
Stream received: {'command': 'tickPrices', 'data': {'symbol': 'EURUSD', 'ask': 0.99784, 'bid': 0.99767, 'high': 0.99793, 'low': 0.99422, 'askVolume': 1200000, 'bidVolume': 1000000, 'timestamp': 1662102949681, 'level': 1, 'quoteId': 5, 'spreadTable': 1.7, 'spreadRaw': 0.00017}}
Received: {'command': 'tickPrices', 'data': {'symbol': 'EURUSD', 'ask': 0.99786, 'bid': 0.99765, 'high': 0.99793, 'low': 0.99422, 'askVolume': 800000, 'bidVolume': 900000, 'timestamp': 1662102949681, 'level': 2, 'quoteId': 5, 'spreadTable': 2.1, 'spreadRaw': 0.00021}}
Stream received: {'command': 'tickPrices', 'data': {'symbol': 'EURUSD', 'ask': 0.99786, 'bid': 0.99765, 'high': 0.99793, 'low': 0.99422, 'askVolume': 800000, 'bidVolume': 900000, 'timestamp': 1662102949681, 'level': 2, 'quoteId': 5, 'spreadTable': 2.1, 'spreadRaw': 0.00021}}
Received: {'command': 'tickPrices', 'data': {'symbol': 'EURUSD', 'ask': 0.99794, 'bid': 0.99757, 'high': 0.99793, 'low': 0.99422, 'askVolume': 5000000, 'bidVolume': 5000000, 'timestamp': 1662102949681, 'level': 3, 'quoteId': 5, 'spreadTable': 3.7, 'spreadRaw': 0.00037}}
Stream received: {'command': 'tickPrices', 'data': {'symbol': 'EURUSD', 'ask': 0.99794, 'bid': 0.99757, 'high': 0.99793, 'low': 0.99422, 'askVolume': 5000000, 'bidVolume': 5000000, 'timestamp': 1662102949681, 'level': 3, 'quoteId': 5, 'spreadTable': 3.7, 'spreadRaw': 0.00037}}
Received: {'command': 'tickPrices', 'data': {'symbol': 'EURUSD', 'ask': 0.99803, 'bid': 0.99748, 'high': 0.99793, 'low': 0.99422, 'askVolume': 4000000, 'bidVolume': 3000000, 'timestamp': 1662102949681, 'level': 4, 'quoteId': 5, 'spreadTable': 5.5, 'spreadRaw': 0.00055}}
Stream received: {'command': 'tickPrices', 'data': {'symbol': 'EURUSD', 'ask': 0.99803, 'bid': 0.99748, 'high': 0.99793, 'low': 0.99422, 'askVolume': 4000000, 'bidVolume': 3000000, 'timestamp': 1662102949681, 'level': 4, 'quoteId': 5, 'spreadTable': 5.5, 'spreadRaw': 0.00055}}
Received: {'command': 'tickPrices', 'data': {'symbol': 'EURUSD', 'ask': 0.99778, 'bid': 0.99767, 'high': 0.99793, 'low': 0.99422, 'askVolume': 500000, 'bidVolume': 450000, 'timestamp': 1662102949892, 'level': 0, 'quoteId': 5, 'spreadTable': 1.1, 'spreadRaw': 0.00011}}
Stream received: {'command': 'tickPrices', 'data': {'symbol': 'EURUSD', 'ask': 0.99778, 'bid': 0.99767, 'high': 0.99793, 'low': 0.99422, 'askVolume': 500000, 'bidVolume': 450000, 'timestamp': 1662102949892, 'level': 0, 'quoteId': 5, 'spreadTable': 1.1, 'spreadRaw': 0.00011}}
Received: {'command': 'tickPrices', 'data': {'symbol': 'EURUSD', 'ask': 0.99779, 'bid': 0.99766, 'high': 0.99793, 'low': 0.99422, 'askVolume': 1000000, 'bidVolume': 1000000, 'timestamp': 1662102949892, 'level': 1, 'quoteId': 5, 'spreadTable': 1.3, 'spreadRaw': 0.00013}}
Stream received: {'command': 'tickPrices', 'data': {'symbol': 'EURUSD', 'ask': 0.99779, 'bid': 0.99766, 'high': 0.99793, 'low': 0.99422, 'askVolume': 1000000, 'bidVolume': 1000000, 'timestamp': 1662102949892, 'level': 1, 'quoteId': 5, 'spreadTable': 1.3, 'spreadRaw': 0.00013}}
Received: {'command': 'tickPrices', 'data': {'symbol': 'EURUSD', 'ask': 0.99782, 'bid': 0.99763, 'high': 0.99793, 'low': 0.99422, 'askVolume': 900000, 'bidVolume': 1100000, 'timestamp': 1662102949892, 'level': 2, 'quoteId': 5, 'spreadTable': 1.9, 'spreadRaw': 0.00019}}
Stream received: {'command': 'tickPrices', 'data': {'symbol': 'EURUSD', 'ask': 0.99782, 'bid': 0.99763, 'high': 0.99793, 'low': 0.99422, 'askVolume': 900000, 'bidVolume': 1100000, 'timestamp': 1662102949892, 'level': 2, 'quoteId': 5, 'spreadTable': 1.9, 'spreadRaw': 0.00019}}
Received: {'command': 'tickPrices', 'data': {'symbol': 'EURUSD', 'ask': 0.9979, 'bid': 0.99755, 'high': 0.99793, 'low': 0.99422, 'askVolume': 3500000, 'bidVolume': 3500000, 'timestamp': 1662102949892, 'level': 3, 'quoteId': 5, 'spreadTable': 3.5, 'spreadRaw': 0.00035}}
Stream received: {'command': 'tickPrices', 'data': {'symbol': 'EURUSD', 'ask': 0.9979, 'bid': 0.99755, 'high': 0.99793, 'low': 0.99422, 'askVolume': 3500000, 'bidVolume': 3500000, 'timestamp': 1662102949892, 'level': 3, 'quoteId': 5, 'spreadTable': 3.5, 'spreadRaw': 0.00035}}
Received: {'command': 'tickPrices', 'data': {'symbol': 'EURUSD', 'ask': 0.998, 'bid': 0.99745, 'high': 0.99793, 'low': 0.99422, 'askVolume': 5000000, 'bidVolume': 3000000, 'timestamp': 1662102949892, 'level': 4, 'quoteId': 5, 'spreadTable': 5.5, 'spreadRaw': 0.00055}}
Stream received: {'command': 'tickPrices', 'data': {'symbol': 'EURUSD', 'ask': 0.998, 'bid': 0.99745, 'high': 0.99793, 'low': 0.99422, 'askVolume': 5000000, 'bidVolume': 3000000, 'timestamp': 1662102949892, 'level': 4, 'quoteId': 5, 'spreadTable': 5.5, 'spreadRaw': 0.00055}}
Received: {'command': 'tickPrices', 'data': {'symbol': 'EURUSD', 'ask': 0.99776, 'bid': 0.99765, 'high': 0.99793, 'low': 0.99422, 'askVolume': 500000, 'bidVolume': 350000, 'timestamp': 1662102950095, 'level': 0, 'quoteId': 5, 'spreadTable': 1.1, 'spreadRaw': 0.00011}}
Stream received: {'command': 'tickPrices', 'data': {'symbol': 'EURUSD', 'ask': 0.99776, 'bid': 0.99765, 'high': 0.99793, 'low': 0.99422, 'askVolume': 500000, 'bidVolume': 350000, 'timestamp': 1662102950095, 'level': 0, 'quoteId': 5, 'spreadTable': 1.1, 'spreadRaw': 0.00011}}
Received: {'command': 'tickPrices', 'data': {'symbol': 'EURUSD', 'ask': 0.99779, 'bid': 0.99762, 'high': 0.99793, 'low': 0.99422, 'askVolume': 1000000, 'bidVolume': 1200000, 'timestamp': 1662102950095, 'level': 1, 'quoteId': 5, 'spreadTable': 1.7, 'spreadRaw': 0.00017}}
Stream received: {'command': 'tickPrices', 'data': {'symbol': 'EURUSD', 'ask': 0.99779, 'bid': 0.99762, 'high': 0.99793, 'low': 0.99422, 'askVolume': 1000000, 'bidVolume': 1200000, 'timestamp': 1662102950095, 'level': 1, 'quoteId': 5, 'spreadTable': 1.7, 'spreadRaw': 0.00017}}
Received: {'command': 'tickPrices', 'data': {'symbol': 'EURUSD', 'ask': 0.99781, 'bid': 0.9976, 'high': 0.99793, 'low': 0.99422, 'askVolume': 1000000, 'bidVolume': 1000000, 'timestamp': 1662102950095, 'level': 2, 'quoteId': 5, 'spreadTable': 2.1, 'spreadRaw': 0.00021}}
Stream received: {'command': 'tickPrices', 'data': {'symbol': 'EURUSD', 'ask': 0.99781, 'bid': 0.9976, 'high': 0.99793, 'low': 0.99422, 'askVolume': 1000000, 'bidVolume': 1000000, 'timestamp': 1662102950095, 'level': 2, 'quoteId': 5, 'spreadTable': 2.1, 'spreadRaw': 0.00021}}
Received: {'command': 'tickPrices', 'data': {'symbol': 'EURUSD', 'ask': 0.99788, 'bid': 0.99753, 'high': 0.99793, 'low': 0.99422, 'askVolume': 4500000, 'bidVolume': 4500000, 'timestamp': 1662102950095, 'level': 3, 'quoteId': 5, 'spreadTable': 3.5, 'spreadRaw': 0.00035}}
Stream received: {'command': 'tickPrices', 'data': {'symbol': 'EURUSD', 'ask': 0.99788, 'bid': 0.99753, 'high': 0.99793, 'low': 0.99422, 'askVolume': 4500000, 'bidVolume': 4500000, 'timestamp': 1662102950095, 'level': 3, 'quoteId': 5, 'spreadTable': 3.5, 'spreadRaw': 0.00035}}
Received: {'command': 'tickPrices', 'data': {'symbol': 'EURUSD', 'ask': 0.99798, 'bid': 0.99743, 'high': 0.99793, 'low': 0.99422, 'askVolume': 3000000, 'bidVolume': 4000000, 'timestamp': 1662102950095, 'level': 4, 'quoteId': 5, 'spreadTable': 5.5, 'spreadRaw': 0.00055}}
Stream received: {'command': 'tickPrices', 'data': {'symbol': 'EURUSD', 'ask': 0.99798, 'bid': 0.99743, 'high': 0.99793, 'low': 0.99422, 'askVolume': 3000000, 'bidVolume': 4000000, 'timestamp': 1662102950095, 'level': 4, 'quoteId': 5, 'spreadTable': 5.5, 'spreadRaw': 0.00055}}
Received: {'command': 'tickPrices', 'data': {'symbol': 'EURUSD', 'ask': 0.99773, 'bid': 0.99763, 'high': 0.99793, 'low': 0.99422, 'askVolume': 350000, 'bidVolume': 500000, 'timestamp': 1662102950354, 'level': 0, 'quoteId': 5, 'spreadTable': 1.0, 'spreadRaw': 0.0001}}
Stream received: {'command': 'tickPrices', 'data': {'symbol': 'EURUSD', 'ask': 0.99773, 'bid': 0.99763, 'high': 0.99793, 'low': 0.99422, 'askVolume': 350000, 'bidVolume': 500000, 'timestamp': 1662102950354, 'level': 0, 'quoteId': 5, 'spreadTable': 1.0, 'spreadRaw': 0.0001}}
Received: {'command': 'tickPrices', 'data': {'symbol': 'EURUSD', 'ask': 0.99774, 'bid': 0.99762, 'high': 0.99793, 'low': 0.99422, 'askVolume': 800000, 'bidVolume': 900000, 'timestamp': 1662102950354, 'level': 1, 'quoteId': 5, 'spreadTable': 1.2, 'spreadRaw': 0.00012}}
Stream received: {'command': 'tickPrices', 'data': {'symbol': 'EURUSD', 'ask': 0.99774, 'bid': 0.99762, 'high': 0.99793, 'low': 0.99422, 'askVolume': 800000, 'bidVolume': 900000, 'timestamp': 1662102950354, 'level': 1, 'quoteId': 5, 'spreadTable': 1.2, 'spreadRaw': 0.00012}}
Received: {'command': 'tickPrices', 'data': {'symbol': 'EURUSD', 'ask': 0.99776, 'bid': 0.9976, 'high': 0.99793, 'low': 0.99422, 'askVolume': 1100000, 'bidVolume': 800000, 'timestamp': 1662102950354, 'level': 2, 'quoteId': 5, 'spreadTable': 1.6, 'spreadRaw': 0.00016}}
Stream received: {'command': 'tickPrices', 'data': {'symbol': 'EURUSD', 'ask': 0.99776, 'bid': 0.9976, 'high': 0.99793, 'low': 0.99422, 'askVolume': 1100000, 'bidVolume': 800000, 'timestamp': 1662102950354, 'level': 2, 'quoteId': 5, 'spreadTable': 1.6, 'spreadRaw': 0.00016}}
Received: {'command': 'tickPrices', 'data': {'symbol': 'EURUSD', 'ask': 0.99782, 'bid': 0.99754, 'high': 0.99793, 'low': 0.99422, 'askVolume': 3500000, 'bidVolume': 4000000, 'timestamp': 1662102950354, 'level': 3, 'quoteId': 5, 'spreadTable': 2.8, 'spreadRaw': 0.00028}}
Stream received: {'command': 'tickPrices', 'data': {'symbol': 'EURUSD', 'ask': 0.99782, 'bid': 0.99754, 'high': 0.99793, 'low': 0.99422, 'askVolume': 3500000, 'bidVolume': 4000000, 'timestamp': 1662102950354, 'level': 3, 'quoteId': 5, 'spreadTable': 2.8, 'spreadRaw': 0.00028}}
Received: {'command': 'tickPrices', 'data': {'symbol': 'EURUSD', 'ask': 0.9979, 'bid': 0.99746, 'high': 0.99793, 'low': 0.99422, 'askVolume': 3000000, 'bidVolume': 5000000, 'timestamp': 1662102950354, 'level': 4, 'quoteId': 5, 'spreadTable': 4.4, 'spreadRaw': 0.00044}}
Stream received: {'command': 'tickPrices', 'data': {'symbol': 'EURUSD', 'ask': 0.9979, 'bid': 0.99746, 'high': 0.99793, 'low': 0.99422, 'askVolume': 3000000, 'bidVolume': 5000000, 'timestamp': 1662102950354, 'level': 4, 'quoteId': 5, 'spreadTable': 4.4, 'spreadRaw': 0.00044}}
Received: {'command': 'tickPrices', 'data': {'symbol': 'EURUSD', 'ask': 0.99772, 'bid': 0.99763, 'high': 0.99793, 'low': 0.99422, 'askVolume': 350000, 'bidVolume': 400000, 'timestamp': 1662102950802, 'level': 0, 'quoteId': 5, 'spreadTable': 0.9, 'spreadRaw': 9e-05}}
Stream received: {'command': 'tickPrices', 'data': {'symbol': 'EURUSD', 'ask': 0.99772, 'bid': 0.99763, 'high': 0.99793, 'low': 0.99422, 'askVolume': 350000, 'bidVolume': 400000, 'timestamp': 1662102950802, 'level': 0, 'quoteId': 5, 'spreadTable': 0.9, 'spreadRaw': 9e-05}}
Received: {'command': 'tickPrices', 'data': {'symbol': 'EURUSD', 'ask': 0.99773, 'bid': 0.99762, 'high': 0.99793, 'low': 0.99422, 'askVolume': 900000, 'bidVolume': 1200000, 'timestamp': 1662102950802, 'level': 1, 'quoteId': 5, 'spreadTable': 1.1, 'spreadRaw': 0.00011}}
Stream received: {'command': 'tickPrices', 'data': {'symbol': 'EURUSD', 'ask': 0.99773, 'bid': 0.99762, 'high': 0.99793, 'low': 0.99422, 'askVolume': 900000, 'bidVolume': 1200000, 'timestamp': 1662102950802, 'level': 1, 'quoteId': 5, 'spreadTable': 1.1, 'spreadRaw': 0.00011}}
Closing socket
Socket connected
Sent: b'{"command": "login", "arguments": {"userId": 13755569, "password": "Nad115el", "appName": ""}}'
Received: {'status': True, 'streamSessionId': 'e41f13fffecd98b0-000028e4-0141289d-f8da8cc7227f07f6-be12854c'}
{'status': True, 'streamSessionId': 'e41f13fffecd98b0-000028e4-0141289d-f8da8cc7227f07f6-be12854c'}
Socket connected
Sent: b'{"command": "getTickPrices", "symbol": "EURUSD", "streamSessionId": "e41f13fffecd98b0-000028e4-0141289d-f8da8cc7227f07f6-be12854c"}'
Closing socket
Socket connected
Sent: b'{"command": "login", "arguments": {"userId": 13755569, "password": "Nad115el", "appName": ""}}'
Received: {'status': True, 'streamSessionId': 'e41f13fffecd98b0-000028e4-01412d9e-d7526e2e25e111b4-b579a459'}
{'status': True, 'streamSessionId': 'e41f13fffecd98b0-000028e4-01412d9e-d7526e2e25e111b4-b579a459'}
Socket connected
Sent: b'{"command": "getTickPrices", "symbol": "EURUSD", "streamSessionId": "e41f13fffecd98b0-000028e4-01412d9e-d7526e2e25e111b4-b579a459"}'
Received: {'command': 'tickPrices', 'data': {'symbol': 'EURUSD', 'ask': 0.99778, 'bid': 0.99768, 'high': 0.99793, 'low': 0.99422, 'askVolume': 350000, 'bidVolume': 350000, 'timestamp': 1662103136477, 'level': 0, 'quoteId': 5, 'spreadTable': 1.0, 'spreadRaw': 0.0001}}
Stream received: {'command': 'tickPrices', 'data': {'symbol': 'EURUSD', 'ask': 0.99778, 'bid': 0.99768, 'high': 0.99793, 'low': 0.99422, 'askVolume': 350000, 'bidVolume': 350000, 'timestamp': 1662103136477, 'level': 0, 'quoteId': 5, 'spreadTable': 1.0, 'spreadRaw': 0.0001}}
Received: {'command': 'tickPrices', 'data': {'symbol': 'EURUSD', 'ask': 0.99781, 'bid': 0.99765, 'high': 0.99793, 'low': 0.99422, 'askVolume': 700000, 'bidVolume': 1200000, 'timestamp': 1662103136477, 'level': 1, 'quoteId': 5, 'spreadTable': 1.6, 'spreadRaw': 0.00016}}
Stream received: {'command': 'tickPrices', 'data': {'symbol': 'EURUSD', 'ask': 0.99781, 'bid': 0.99765, 'high': 0.99793, 'low': 0.99422, 'askVolume': 700000, 'bidVolume': 1200000, 'timestamp': 1662103136477, 'level': 1, 'quoteId': 5, 'spreadTable': 1.6, 'spreadRaw': 0.00016}}
Received: {'command': 'tickPrices', 'data': {'symbol': 'EURUSD', 'ask': 0.99784, 'bid': 0.99762, 'high': 0.99793, 'low': 0.99422, 'askVolume': 800000, 'bidVolume': 1000000, 'timestamp': 1662103136477, 'level': 2, 'quoteId': 5, 'spreadTable': 2.2, 'spreadRaw': 0.00022}}
Stream received: {'command': 'tickPrices', 'data': {'symbol': 'EURUSD', 'ask': 0.99784, 'bid': 0.99762, 'high': 0.99793, 'low': 0.99422, 'askVolume': 800000, 'bidVolume': 1000000, 'timestamp': 1662103136477, 'level': 2, 'quoteId': 5, 'spreadTable': 2.2, 'spreadRaw': 0.00022}}
Received: {'command': 'tickPrices', 'data': {'symbol': 'EURUSD', 'ask': 0.99791, 'bid': 0.99755, 'high': 0.99793, 'low': 0.99422, 'askVolume': 3500000, 'bidVolume': 3000000, 'timestamp': 1662103136477, 'level': 3, 'quoteId': 5, 'spreadTable': 3.6, 'spreadRaw': 0.00036}}
Stream received: {'command': 'tickPrices', 'data': {'symbol': 'EURUSD', 'ask': 0.99791, 'bid': 0.99755, 'high': 0.99793, 'low': 0.99422, 'askVolume': 3500000, 'bidVolume': 3000000, 'timestamp': 1662103136477, 'level': 3, 'quoteId': 5, 'spreadTable': 3.6, 'spreadRaw': 0.00036}}
Received: {'command': 'tickPrices', 'data': {'symbol': 'EURUSD', 'ask': 0.99799, 'bid': 0.99747, 'high': 0.99793, 'low': 0.99422, 'askVolume': 4000000, 'bidVolume': 3500000, 'timestamp': 1662103136477, 'level': 4, 'quoteId': 5, 'spreadTable': 5.2, 'spreadRaw': 0.00052}}
Stream received: {'command': 'tickPrices', 'data': {'symbol': 'EURUSD', 'ask': 0.99799, 'bid': 0.99747, 'high': 0.99793, 'low': 0.99422, 'askVolume': 4000000, 'bidVolume': 3500000, 'timestamp': 1662103136477, 'level': 4, 'quoteId': 5, 'spreadTable': 5.2, 'spreadRaw': 0.00052}}
Received: {'command': 'tickPrices', 'data': {'symbol': 'EURUSD', 'ask': 0.99776, 'bid': 0.99768, 'high': 0.99793, 'low': 0.99422, 'askVolume': 450000, 'bidVolume': 350000, 'timestamp': 1662103138029, 'level': 0, 'quoteId': 5, 'spreadTable': 0.8, 'spreadRaw': 8e-05}}
Stream received: {'command': 'tickPrices', 'data': {'symbol': 'EURUSD', 'ask': 0.99776, 'bid': 0.99768, 'high': 0.99793, 'low': 0.99422, 'askVolume': 450000, 'bidVolume': 350000, 'timestamp': 1662103138029, 'level': 0, 'quoteId': 5, 'spreadTable': 0.8, 'spreadRaw': 8e-05}}
Received: {'command': 'tickPrices', 'data': {'symbol': 'EURUSD', 'ask': 0.99778, 'bid': 0.99766, 'high': 0.99793, 'low': 0.99422, 'askVolume': 1200000, 'bidVolume': 800000, 'timestamp': 1662103138029, 'level': 1, 'quoteId': 5, 'spreadTable': 1.2, 'spreadRaw': 0.00012}}
Stream received: {'command': 'tickPrices', 'data': {'symbol': 'EURUSD', 'ask': 0.99778, 'bid': 0.99766, 'high': 0.99793, 'low': 0.99422, 'askVolume': 1200000, 'bidVolume': 800000, 'timestamp': 1662103138029, 'level': 1, 'quoteId': 5, 'spreadTable': 1.2, 'spreadRaw': 0.00012}}
Received: {'command': 'tickPrices', 'data': {'symbol': 'EURUSD', 'ask': 0.99781, 'bid': 0.99763, 'high': 0.99793, 'low': 0.99422, 'askVolume': 900000, 'bidVolume': 1100000, 'timestamp': 1662103138029, 'level': 2, 'quoteId': 5, 'spreadTable': 1.8, 'spreadRaw': 0.00018}}
Stream received: {'command': 'tickPrices', 'data': {'symbol': 'EURUSD', 'ask': 0.99781, 'bid': 0.99763, 'high': 0.99793, 'low': 0.99422, 'askVolume': 900000, 'bidVolume': 1100000, 'timestamp': 1662103138029, 'level': 2, 'quoteId': 5, 'spreadTable': 1.8, 'spreadRaw': 0.00018}}
Received: {'command': 'tickPrices', 'data': {'symbol': 'EURUSD', 'ask': 0.99789, 'bid': 0.99755, 'high': 0.99793, 'low': 0.99422, 'askVolume': 3000000, 'bidVolume': 3500000, 'timestamp': 1662103138029, 'level': 3, 'quoteId': 5, 'spreadTable': 3.4, 'spreadRaw': 0.00034}}
Stream received: {'command': 'tickPrices', 'data': {'symbol': 'EURUSD', 'ask': 0.99789, 'bid': 0.99755, 'high': 0.99793, 'low': 0.99422, 'askVolume': 3000000, 'bidVolume': 3500000, 'timestamp': 1662103138029, 'level': 3, 'quoteId': 5, 'spreadTable': 3.4, 'spreadRaw': 0.00034}}
Received: {'command': 'tickPrices', 'data': {'symbol': 'EURUSD', 'ask': 0.99797, 'bid': 0.99747, 'high': 0.99793, 'low': 0.99422, 'askVolume': 4000000, 'bidVolume': 4000000, 'timestamp': 1662103138029, 'level': 4, 'quoteId': 5, 'spreadTable': 5.0, 'spreadRaw': 0.0005}}
Stream received: {'command': 'tickPrices', 'data': {'symbol': 'EURUSD', 'ask': 0.99797, 'bid': 0.99747, 'high': 0.99793, 'low': 0.99422, 'askVolume': 4000000, 'bidVolume': 4000000, 'timestamp': 1662103138029, 'level': 4, 'quoteId': 5, 'spreadTable': 5.0, 'spreadRaw': 0.0005}}
Closing socket
Socket connected
Sent: b'{"command": "login", "arguments": {"userId": 13755569, "password": "Nad115el", "appName": ""}}'
Received: {'status': True, 'streamSessionId': 'e41f13fffecd98b0-000028e4-01412e8d-86a395f4f9e16946-d6b75044'}
{'status': True, 'streamSessionId': 'e41f13fffecd98b0-000028e4-01412e8d-86a395f4f9e16946-d6b75044'}
Socket connected
Sent: b'{"command": "getTickPrices", "symbol": "EURUSD", "streamSessionId": "e41f13fffecd98b0-000028e4-01412e8d-86a395f4f9e16946-d6b75044"}'
Received: {'command': 'tickPrices', 'data': {'symbol': 'EURUSD', 'ask': 0.99796, 'bid': 0.99785, 'high': 0.99793, 'low': 0.99422, 'askVolume': 350000, 'bidVolume': 400000, 'timestamp': 1662103158626, 'level': 0, 'quoteId': 5, 'spreadTable': 1.1, 'spreadRaw': 0.00011}}
Stream received: {'command': 'tickPrices', 'data': {'symbol': 'EURUSD', 'ask': 0.99796, 'bid': 0.99785, 'high': 0.99793, 'low': 0.99422, 'askVolume': 350000, 'bidVolume': 400000, 'timestamp': 1662103158626, 'level': 0, 'quoteId': 5, 'spreadTable': 1.1, 'spreadRaw': 0.00011}}
Received: {'command': 'tickPrices', 'data': {'symbol': 'EURUSD', 'ask': 0.99798, 'bid': 0.99783, 'high': 0.99793, 'low': 0.99422, 'askVolume': 1000000, 'bidVolume': 700000, 'timestamp': 1662103158626, 'level': 1, 'quoteId': 5, 'spreadTable': 1.5, 'spreadRaw': 0.00015}}
Stream received: {'command': 'tickPrices', 'data': {'symbol': 'EURUSD', 'ask': 0.99798, 'bid': 0.99783, 'high': 0.99793, 'low': 0.99422, 'askVolume': 1000000, 'bidVolume': 700000, 'timestamp': 1662103158626, 'level': 1, 'quoteId': 5, 'spreadTable': 1.5, 'spreadRaw': 0.00015}}
Received: {'command': 'tickPrices', 'data': {'symbol': 'EURUSD', 'ask': 0.99801, 'bid': 0.9978, 'high': 0.99793, 'low': 0.99422, 'askVolume': 800000, 'bidVolume': 1000000, 'timestamp': 1662103158626, 'level': 2, 'quoteId': 5, 'spreadTable': 2.1, 'spreadRaw': 0.00021}}
Stream received: {'command': 'tickPrices', 'data': {'symbol': 'EURUSD', 'ask': 0.99801, 'bid': 0.9978, 'high': 0.99793, 'low': 0.99422, 'askVolume': 800000, 'bidVolume': 1000000, 'timestamp': 1662103158626, 'level': 2, 'quoteId': 5, 'spreadTable': 2.1, 'spreadRaw': 0.00021}}
Closing socket
Socket connected
Sent: b'{"command": "login", "arguments": {"userId": 13755569, "password": "Nad115el", "appName": ""}}'
Received: {'status': True, 'streamSessionId': 'e41f13fffecd98b0-000028e4-01412f7e-fe2e823019e1e497-9c22c22e'}
{'status': True, 'streamSessionId': 'e41f13fffecd98b0-000028e4-01412f7e-fe2e823019e1e497-9c22c22e'}
Socket connected
Sent: b'{"command": "getTickPrices", "symbol": "EURUSD", "streamSessionId": "e41f13fffecd98b0-000028e4-01412f7e-fe2e823019e1e497-9c22c22e"}'
Received: {'command': 'tickPrices', 'data': {'symbol': 'EURUSD', 'ask': 0.99833, 'bid': 0.99823, 'high': 0.99825, 'low': 0.99422, 'askVolume': 450000, 'bidVolume': 446000, 'timestamp': 1662103185193, 'level': 0, 'quoteId': 5, 'spreadTable': 1.0, 'spreadRaw': 0.0001}}
Stream received: {'command': 'tickPrices', 'data': {'symbol': 'EURUSD', 'ask': 0.99833, 'bid': 0.99823, 'high': 0.99825, 'low': 0.99422, 'askVolume': 450000, 'bidVolume': 446000, 'timestamp': 1662103185193, 'level': 0, 'quoteId': 5, 'spreadTable': 1.0, 'spreadRaw': 0.0001}}
Received: {'command': 'tickPrices', 'data': {'symbol': 'EURUSD', 'ask': 0.99836, 'bid': 0.9982, 'high': 0.99825, 'low': 0.99422, 'askVolume': 800000, 'bidVolume': 1000000, 'timestamp': 1662103185193, 'level': 1, 'quoteId': 5, 'spreadTable': 1.6, 'spreadRaw': 0.00016}}
Stream received: {'command': 'tickPrices', 'data': {'symbol': 'EURUSD', 'ask': 0.99836, 'bid': 0.9982, 'high': 0.99825, 'low': 0.99422, 'askVolume': 800000, 'bidVolume': 1000000, 'timestamp': 1662103185193, 'level': 1, 'quoteId': 5, 'spreadTable': 1.6, 'spreadRaw': 0.00016}}
Received: {'command': 'tickPrices', 'data': {'symbol': 'EURUSD', 'ask': 0.99839, 'bid': 0.99817, 'high': 0.99825, 'low': 0.99422, 'askVolume': 1100000, 'bidVolume': 900000, 'timestamp': 1662103185193, 'level': 2, 'quoteId': 5, 'spreadTable': 2.2, 'spreadRaw': 0.00022}}
Stream received: {'command': 'tickPrices', 'data': {'symbol': 'EURUSD', 'ask': 0.99839, 'bid': 0.99817, 'high': 0.99825, 'low': 0.99422, 'askVolume': 1100000, 'bidVolume': 900000, 'timestamp': 1662103185193, 'level': 2, 'quoteId': 5, 'spreadTable': 2.2, 'spreadRaw': 0.00022}}
Received: {'command': 'tickPrices', 'data': {'symbol': 'EURUSD', 'ask': 0.99846, 'bid': 0.9981, 'high': 0.99825, 'low': 0.99422, 'askVolume': 3500000, 'bidVolume': 4500000, 'timestamp': 1662103185193, 'level': 3, 'quoteId': 5, 'spreadTable': 3.6, 'spreadRaw': 0.00036}}
Stream received: {'command': 'tickPrices', 'data': {'symbol': 'EURUSD', 'ask': 0.99846, 'bid': 0.9981, 'high': 0.99825, 'low': 0.99422, 'askVolume': 3500000, 'bidVolume': 4500000, 'timestamp': 1662103185193, 'level': 3, 'quoteId': 5, 'spreadTable': 3.6, 'spreadRaw': 0.00036}}
Received: {'command': 'tickPrices', 'data': {'symbol': 'EURUSD', 'ask': 0.99855, 'bid': 0.99801, 'high': 0.99825, 'low': 0.99422, 'askVolume': 3000000, 'bidVolume': 4000000, 'timestamp': 1662103185193, 'level': 4, 'quoteId': 5, 'spreadTable': 5.4, 'spreadRaw': 0.00054}}
Stream received: {'command': 'tickPrices', 'data': {'symbol': 'EURUSD', 'ask': 0.99855, 'bid': 0.99801, 'high': 0.99825, 'low': 0.99422, 'askVolume': 3000000, 'bidVolume': 4000000, 'timestamp': 1662103185193, 'level': 4, 'quoteId': 5, 'spreadTable': 5.4, 'spreadRaw': 0.00054}}
Received: {'command': 'tickPrices', 'data': {'symbol': 'EURUSD', 'ask': 0.99833, 'bid': 0.99825, 'high': 0.99825, 'low': 0.99422, 'askVolume': 300000, 'bidVolume': 348000, 'timestamp': 1662103185447, 'level': 0, 'quoteId': 5, 'spreadTable': 0.8, 'spreadRaw': 8e-05}}
Stream received: {'command': 'tickPrices', 'data': {'symbol': 'EURUSD', 'ask': 0.99833, 'bid': 0.99825, 'high': 0.99825, 'low': 0.99422, 'askVolume': 300000, 'bidVolume': 348000, 'timestamp': 1662103185447, 'level': 0, 'quoteId': 5, 'spreadTable': 0.8, 'spreadRaw': 8e-05}}
Received: {'command': 'tickPrices', 'data': {'symbol': 'EURUSD', 'ask': 0.99835, 'bid': 0.99823, 'high': 0.99825, 'low': 0.99422, 'askVolume': 1200000, 'bidVolume': 700000, 'timestamp': 1662103185447, 'level': 1, 'quoteId': 5, 'spreadTable': 1.2, 'spreadRaw': 0.00012}}
Stream received: {'command': 'tickPrices', 'data': {'symbol': 'EURUSD', 'ask': 0.99835, 'bid': 0.99823, 'high': 0.99825, 'low': 0.99422, 'askVolume': 1200000, 'bidVolume': 700000, 'timestamp': 1662103185447, 'level': 1, 'quoteId': 5, 'spreadTable': 1.2, 'spreadRaw': 0.00012}}
Received: {'command': 'tickPrices', 'data': {'symbol': 'EURUSD', 'ask': 0.99837, 'bid': 0.99821, 'high': 0.99825, 'low': 0.99422, 'askVolume': 900000, 'bidVolume': 900000, 'timestamp': 1662103185447, 'level': 2, 'quoteId': 5, 'spreadTable': 1.6, 'spreadRaw': 0.00016}}
Stream received: {'command': 'tickPrices', 'data': {'symbol': 'EURUSD', 'ask': 0.99837, 'bid': 0.99821, 'high': 0.99825, 'low': 0.99422, 'askVolume': 900000, 'bidVolume': 900000, 'timestamp': 1662103185447, 'level': 2, 'quoteId': 5, 'spreadTable': 1.6, 'spreadRaw': 0.00016}}
Received: {'command': 'tickPrices', 'data': {'symbol': 'EURUSD', 'ask': 0.99844, 'bid': 0.99814, 'high': 0.99825, 'low': 0.99422, 'askVolume': 4500000, 'bidVolume': 3000000, 'timestamp': 1662103185447, 'level': 3, 'quoteId': 5, 'spreadTable': 3.0, 'spreadRaw': 0.0003}}
Stream received: {'command': 'tickPrices', 'data': {'symbol': 'EURUSD', 'ask': 0.99844, 'bid': 0.99814, 'high': 0.99825, 'low': 0.99422, 'askVolume': 4500000, 'bidVolume': 3000000, 'timestamp': 1662103185447, 'level': 3, 'quoteId': 5, 'spreadTable': 3.0, 'spreadRaw': 0.0003}}
Received: {'command': 'tickPrices', 'data': {'symbol': 'EURUSD', 'ask': 0.99854, 'bid': 0.99804, 'high': 0.99825, 'low': 0.99422, 'askVolume': 4000000, 'bidVolume': 4000000, 'timestamp': 1662103185447, 'level': 4, 'quoteId': 5, 'spreadTable': 5.0, 'spreadRaw': 0.0005}}
Stream received: {'command': 'tickPrices', 'data': {'symbol': 'EURUSD', 'ask': 0.99854, 'bid': 0.99804, 'high': 0.99825, 'low': 0.99422, 'askVolume': 4000000, 'bidVolume': 4000000, 'timestamp': 1662103185447, 'level': 4, 'quoteId': 5, 'spreadTable': 5.0, 'spreadRaw': 0.0005}}
Received: {'command': 'tickPrices', 'data': {'symbol': 'EURUSD', 'ask': 0.99839, 'bid': 0.9983, 'high': 0.99825, 'low': 0.99422, 'askVolume': 450000, 'bidVolume': 437000, 'timestamp': 1662103185656, 'level': 0, 'quoteId': 5, 'spreadTable': 0.9, 'spreadRaw': 9e-05}}
Stream received: {'command': 'tickPrices', 'data': {'symbol': 'EURUSD', 'ask': 0.99839, 'bid': 0.9983, 'high': 0.99825, 'low': 0.99422, 'askVolume': 450000, 'bidVolume': 437000, 'timestamp': 1662103185656, 'level': 0, 'quoteId': 5, 'spreadTable': 0.9, 'spreadRaw': 9e-05}}
Received: {'command': 'tickPrices', 'data': {'symbol': 'EURUSD', 'ask': 0.99841, 'bid': 0.99828, 'high': 0.99825, 'low': 0.99422, 'askVolume': 1000000, 'bidVolume': 1200000, 'timestamp': 1662103185656, 'level': 1, 'quoteId': 5, 'spreadTable': 1.3, 'spreadRaw': 0.00013}}
Stream received: {'command': 'tickPrices', 'data': {'symbol': 'EURUSD', 'ask': 0.99841, 'bid': 0.99828, 'high': 0.99825, 'low': 0.99422, 'askVolume': 1000000, 'bidVolume': 1200000, 'timestamp': 1662103185656, 'level': 1, 'quoteId': 5, 'spreadTable': 1.3, 'spreadRaw': 0.00013}}
Received: {'command': 'tickPrices', 'data': {'symbol': 'EURUSD', 'ask': 0.99843, 'bid': 0.99826, 'high': 0.99825, 'low': 0.99422, 'askVolume': 900000, 'bidVolume': 800000, 'timestamp': 1662103185656, 'level': 2, 'quoteId': 5, 'spreadTable': 1.7, 'spreadRaw': 0.00017}}
Stream received: {'command': 'tickPrices', 'data': {'symbol': 'EURUSD', 'ask': 0.99843, 'bid': 0.99826, 'high': 0.99825, 'low': 0.99422, 'askVolume': 900000, 'bidVolume': 800000, 'timestamp': 1662103185656, 'level': 2, 'quoteId': 5, 'spreadTable': 1.7, 'spreadRaw': 0.00017}}
Received: {'command': 'tickPrices', 'data': {'symbol': 'EURUSD', 'ask': 0.9985, 'bid': 0.99819, 'high': 0.99825, 'low': 0.99422, 'askVolume': 3500000, 'bidVolume': 3500000, 'timestamp': 1662103185656, 'level': 3, 'quoteId': 5, 'spreadTable': 3.1, 'spreadRaw': 0.00031}}
Stream received: {'command': 'tickPrices', 'data': {'symbol': 'EURUSD', 'ask': 0.9985, 'bid': 0.99819, 'high': 0.99825, 'low': 0.99422, 'askVolume': 3500000, 'bidVolume': 3500000, 'timestamp': 1662103185656, 'level': 3, 'quoteId': 5, 'spreadTable': 3.1, 'spreadRaw': 0.00031}}
Received: {'command': 'tickPrices', 'data': {'symbol': 'EURUSD', 'ask': 0.99858, 'bid': 0.99811, 'high': 0.99825, 'low': 0.99422, 'askVolume': 3500000, 'bidVolume': 5000000, 'timestamp': 1662103185656, 'level': 4, 'quoteId': 5, 'spreadTable': 4.7, 'spreadRaw': 0.00047}}
Stream received: {'command': 'tickPrices', 'data': {'symbol': 'EURUSD', 'ask': 0.99858, 'bid': 0.99811, 'high': 0.99825, 'low': 0.99422, 'askVolume': 3500000, 'bidVolume': 5000000, 'timestamp': 1662103185656, 'level': 4, 'quoteId': 5, 'spreadTable': 4.7, 'spreadRaw': 0.00047}}
Received: {'command': 'tickPrices', 'data': {'symbol': 'EURUSD', 'ask': 0.9984, 'bid': 0.99829, 'high': 0.9983, 'low': 0.99422, 'askVolume': 299000, 'bidVolume': 450000, 'timestamp': 1662103185981, 'level': 0, 'quoteId': 5, 'spreadTable': 1.1, 'spreadRaw': 0.00011}}
Stream received: {'command': 'tickPrices', 'data': {'symbol': 'EURUSD', 'ask': 0.9984, 'bid': 0.99829, 'high': 0.9983, 'low': 0.99422, 'askVolume': 299000, 'bidVolume': 450000, 'timestamp': 1662103185981, 'level': 0, 'quoteId': 5, 'spreadTable': 1.1, 'spreadRaw': 0.00011}}
Received: {'command': 'tickPrices', 'data': {'symbol': 'EURUSD', 'ask': 0.99841, 'bid': 0.99828, 'high': 0.9983, 'low': 0.99422, 'askVolume': 1000000, 'bidVolume': 700000, 'timestamp': 1662103185981, 'level': 1, 'quoteId': 5, 'spreadTable': 1.3, 'spreadRaw': 0.00013}}
Stream received: {'command': 'tickPrices', 'data': {'symbol': 'EURUSD', 'ask': 0.99841, 'bid': 0.99828, 'high': 0.9983, 'low': 0.99422, 'askVolume': 1000000, 'bidVolume': 700000, 'timestamp': 1662103185981, 'level': 1, 'quoteId': 5, 'spreadTable': 1.3, 'spreadRaw': 0.00013}}
Received: {'command': 'tickPrices', 'data': {'symbol': 'EURUSD', 'ask': 0.99844, 'bid': 0.99825, 'high': 0.9983, 'low': 0.99422, 'askVolume': 1000000, 'bidVolume': 1000000, 'timestamp': 1662103185981, 'level': 2, 'quoteId': 5, 'spreadTable': 1.9, 'spreadRaw': 0.00019}}
Stream received: {'command': 'tickPrices', 'data': {'symbol': 'EURUSD', 'ask': 0.99844, 'bid': 0.99825, 'high': 0.9983, 'low': 0.99422, 'askVolume': 1000000, 'bidVolume': 1000000, 'timestamp': 1662103185981, 'level': 2, 'quoteId': 5, 'spreadTable': 1.9, 'spreadRaw': 0.00019}}
Received: {'command': 'tickPrices', 'data': {'symbol': 'EURUSD', 'ask': 0.9985, 'bid': 0.99819, 'high': 0.9983, 'low': 0.99422, 'askVolume': 3500000, 'bidVolume': 3500000, 'timestamp': 1662103185981, 'level': 3, 'quoteId': 5, 'spreadTable': 3.1, 'spreadRaw': 0.00031}}
Stream received: {'command': 'tickPrices', 'data': {'symbol': 'EURUSD', 'ask': 0.9985, 'bid': 0.99819, 'high': 0.9983, 'low': 0.99422, 'askVolume': 3500000, 'bidVolume': 3500000, 'timestamp': 1662103185981, 'level': 3, 'quoteId': 5, 'spreadTable': 3.1, 'spreadRaw': 0.00031}}
Received: {'command': 'tickPrices', 'data': {'symbol': 'EURUSD', 'ask': 0.99858, 'bid': 0.99811, 'high': 0.9983, 'low': 0.99422, 'askVolume': 4500000, 'bidVolume': 3000000, 'timestamp': 1662103185981, 'level': 4, 'quoteId': 5, 'spreadTable': 4.7, 'spreadRaw': 0.00047}}
Stream received: {'command': 'tickPrices', 'data': {'symbol': 'EURUSD', 'ask': 0.99858, 'bid': 0.99811, 'high': 0.9983, 'low': 0.99422, 'askVolume': 4500000, 'bidVolume': 3000000, 'timestamp': 1662103185981, 'level': 4, 'quoteId': 5, 'spreadTable': 4.7, 'spreadRaw': 0.00047}}
Received: {'command': 'tickPrices', 'data': {'symbol': 'EURUSD', 'ask': 0.99839, 'bid': 0.99829, 'high': 0.9983, 'low': 0.99422, 'askVolume': 350000, 'bidVolume': 450000, 'timestamp': 1662103186223, 'level': 0, 'quoteId': 5, 'spreadTable': 1.0, 'spreadRaw': 0.0001}}
Stream received: {'command': 'tickPrices', 'data': {'symbol': 'EURUSD', 'ask': 0.99839, 'bid': 0.99829, 'high': 0.9983, 'low': 0.99422, 'askVolume': 350000, 'bidVolume': 450000, 'timestamp': 1662103186223, 'level': 0, 'quoteId': 5, 'spreadTable': 1.0, 'spreadRaw': 0.0001}}
Received: {'command': 'tickPrices', 'data': {'symbol': 'EURUSD', 'ask': 0.99842, 'bid': 0.99826, 'high': 0.9983, 'low': 0.99422, 'askVolume': 1000000, 'bidVolume': 1200000, 'timestamp': 1662103186223, 'level': 1, 'quoteId': 5, 'spreadTable': 1.6, 'spreadRaw': 0.00016}}
Stream received: {'command': 'tickPrices', 'data': {'symbol': 'EURUSD', 'ask': 0.99842, 'bid': 0.99826, 'high': 0.9983, 'low': 0.99422, 'askVolume': 1000000, 'bidVolume': 1200000, 'timestamp': 1662103186223, 'level': 1, 'quoteId': 5, 'spreadTable': 1.6, 'spreadRaw': 0.00016}}
Received: {'command': 'tickPrices', 'data': {'symbol': 'EURUSD', 'ask': 0.99845, 'bid': 0.99823, 'high': 0.9983, 'low': 0.99422, 'askVolume': 900000, 'bidVolume': 1000000, 'timestamp': 1662103186223, 'level': 2, 'quoteId': 5, 'spreadTable': 2.2, 'spreadRaw': 0.00022}}
Stream received: {'command': 'tickPrices', 'data': {'symbol': 'EURUSD', 'ask': 0.99845, 'bid': 0.99823, 'high': 0.9983, 'low': 0.99422, 'askVolume': 900000, 'bidVolume': 1000000, 'timestamp': 1662103186223, 'level': 2, 'quoteId': 5, 'spreadTable': 2.2, 'spreadRaw': 0.00022}}
Received: {'command': 'tickPrices', 'data': {'symbol': 'EURUSD', 'ask': 0.99852, 'bid': 0.99816, 'high': 0.9983, 'low': 0.99422, 'askVolume': 3000000, 'bidVolume': 4000000, 'timestamp': 1662103186223, 'level': 3, 'quoteId': 5, 'spreadTable': 3.6, 'spreadRaw': 0.00036}}
Stream received: {'command': 'tickPrices', 'data': {'symbol': 'EURUSD', 'ask': 0.99852, 'bid': 0.99816, 'high': 0.9983, 'low': 0.99422, 'askVolume': 3000000, 'bidVolume': 4000000, 'timestamp': 1662103186223, 'level': 3, 'quoteId': 5, 'spreadTable': 3.6, 'spreadRaw': 0.00036}}
Received: {'command': 'tickPrices', 'data': {'symbol': 'EURUSD', 'ask': 0.99861, 'bid': 0.99807, 'high': 0.9983, 'low': 0.99422, 'askVolume': 4000000, 'bidVolume': 4500000, 'timestamp': 1662103186223, 'level': 4, 'quoteId': 5, 'spreadTable': 5.4, 'spreadRaw': 0.00054}}
Stream received: {'command': 'tickPrices', 'data': {'symbol': 'EURUSD', 'ask': 0.99861, 'bid': 0.99807, 'high': 0.9983, 'low': 0.99422, 'askVolume': 4000000, 'bidVolume': 4500000, 'timestamp': 1662103186223, 'level': 4, 'quoteId': 5, 'spreadTable': 5.4, 'spreadRaw': 0.00054}}
Received: {'command': 'tickPrices', 'data': {'symbol': 'EURUSD', 'ask': 0.99837, 'bid': 0.99827, 'high': 0.9983, 'low': 0.99422, 'askVolume': 500000, 'bidVolume': 400000, 'timestamp': 1662103186514, 'level': 0, 'quoteId': 5, 'spreadTable': 1.0, 'spreadRaw': 0.0001}}
Stream received: {'command': 'tickPrices', 'data': {'symbol': 'EURUSD', 'ask': 0.99837, 'bid': 0.99827, 'high': 0.9983, 'low': 0.99422, 'askVolume': 500000, 'bidVolume': 400000, 'timestamp': 1662103186514, 'level': 0, 'quoteId': 5, 'spreadTable': 1.0, 'spreadRaw': 0.0001}}
Received: {'command': 'tickPrices', 'data': {'symbol': 'EURUSD', 'ask': 0.99839, 'bid': 0.99825, 'high': 0.9983, 'low': 0.99422, 'askVolume': 1000000, 'bidVolume': 1000000, 'timestamp': 1662103186514, 'level': 1, 'quoteId': 5, 'spreadTable': 1.4, 'spreadRaw': 0.00014}}
Stream received: {'command': 'tickPrices', 'data': {'symbol': 'EURUSD', 'ask': 0.99839, 'bid': 0.99825, 'high': 0.9983, 'low': 0.99422, 'askVolume': 1000000, 'bidVolume': 1000000, 'timestamp': 1662103186514, 'level': 1, 'quoteId': 5, 'spreadTable': 1.4, 'spreadRaw': 0.00014}}
Received: {'command': 'tickPrices', 'data': {'symbol': 'EURUSD', 'ask': 0.99842, 'bid': 0.99822, 'high': 0.9983, 'low': 0.99422, 'askVolume': 1000000, 'bidVolume': 800000, 'timestamp': 1662103186514, 'level': 2, 'quoteId': 5, 'spreadTable': 2.0, 'spreadRaw': 0.0002}}
Stream received: {'command': 'tickPrices', 'data': {'symbol': 'EURUSD', 'ask': 0.99842, 'bid': 0.99822, 'high': 0.9983, 'low': 0.99422, 'askVolume': 1000000, 'bidVolume': 800000, 'timestamp': 1662103186514, 'level': 2, 'quoteId': 5, 'spreadTable': 2.0, 'spreadRaw': 0.0002}}
Received: {'command': 'tickPrices', 'data': {'symbol': 'EURUSD', 'ask': 0.99849, 'bid': 0.99815, 'high': 0.9983, 'low': 0.99422, 'askVolume': 4000000, 'bidVolume': 4500000, 'timestamp': 1662103186514, 'level': 3, 'quoteId': 5, 'spreadTable': 3.4, 'spreadRaw': 0.00034}}
Stream received: {'command': 'tickPrices', 'data': {'symbol': 'EURUSD', 'ask': 0.99849, 'bid': 0.99815, 'high': 0.9983, 'low': 0.99422, 'askVolume': 4000000, 'bidVolume': 4500000, 'timestamp': 1662103186514, 'level': 3, 'quoteId': 5, 'spreadTable': 3.4, 'spreadRaw': 0.00034}}
Received: {'command': 'tickPrices', 'data': {'symbol': 'EURUSD', 'ask': 0.99859, 'bid': 0.99805, 'high': 0.9983, 'low': 0.99422, 'askVolume': 4000000, 'bidVolume': 3500000, 'timestamp': 1662103186514, 'level': 4, 'quoteId': 5, 'spreadTable': 5.4, 'spreadRaw': 0.00054}}
Stream received: {'command': 'tickPrices', 'data': {'symbol': 'EURUSD', 'ask': 0.99859, 'bid': 0.99805, 'high': 0.9983, 'low': 0.99422, 'askVolume': 4000000, 'bidVolume': 3500000, 'timestamp': 1662103186514, 'level': 4, 'quoteId': 5, 'spreadTable': 5.4, 'spreadRaw': 0.00054}}
Received: {'command': 'tickPrices', 'data': {'symbol': 'EURUSD', 'ask': 0.99837, 'bid': 0.99828, 'high': 0.9983, 'low': 0.99422, 'askVolume': 350000, 'bidVolume': 500000, 'timestamp': 1662103187206, 'level': 0, 'quoteId': 5, 'spreadTable': 0.9, 'spreadRaw': 9e-05}}
Stream received: {'command': 'tickPrices', 'data': {'symbol': 'EURUSD', 'ask': 0.99837, 'bid': 0.99828, 'high': 0.9983, 'low': 0.99422, 'askVolume': 350000, 'bidVolume': 500000, 'timestamp': 1662103187206, 'level': 0, 'quoteId': 5, 'spreadTable': 0.9, 'spreadRaw': 9e-05}}
Received: {'command': 'tickPrices', 'data': {'symbol': 'EURUSD', 'ask': 0.99839, 'bid': 0.99826, 'high': 0.9983, 'low': 0.99422, 'askVolume': 1000000, 'bidVolume': 900000, 'timestamp': 1662103187206, 'level': 1, 'quoteId': 5, 'spreadTable': 1.3, 'spreadRaw': 0.00013}}
Stream received: {'command': 'tickPrices', 'data': {'symbol': 'EURUSD', 'ask': 0.99839, 'bid': 0.99826, 'high': 0.9983, 'low': 0.99422, 'askVolume': 1000000, 'bidVolume': 900000, 'timestamp': 1662103187206, 'level': 1, 'quoteId': 5, 'spreadTable': 1.3, 'spreadRaw': 0.00013}}
Received: {'command': 'tickPrices', 'data': {'symbol': 'EURUSD', 'ask': 0.99842, 'bid': 0.99823, 'high': 0.9983, 'low': 0.99422, 'askVolume': 1000000, 'bidVolume': 900000, 'timestamp': 1662103187206, 'level': 2, 'quoteId': 5, 'spreadTable': 1.9, 'spreadRaw': 0.00019}}
Stream received: {'command': 'tickPrices', 'data': {'symbol': 'EURUSD', 'ask': 0.99842, 'bid': 0.99823, 'high': 0.9983, 'low': 0.99422, 'askVolume': 1000000, 'bidVolume': 900000, 'timestamp': 1662103187206, 'level': 2, 'quoteId': 5, 'spreadTable': 1.9, 'spreadRaw': 0.00019}}
Received: {'command': 'tickPrices', 'data': {'symbol': 'EURUSD', 'ask': 0.9985, 'bid': 0.99815, 'high': 0.9983, 'low': 0.99422, 'askVolume': 3500000, 'bidVolume': 5000000, 'timestamp': 1662103187206, 'level': 3, 'quoteId': 5, 'spreadTable': 3.5, 'spreadRaw': 0.00035}}
Stream received: {'command': 'tickPrices', 'data': {'symbol': 'EURUSD', 'ask': 0.9985, 'bid': 0.99815, 'high': 0.9983, 'low': 0.99422, 'askVolume': 3500000, 'bidVolume': 5000000, 'timestamp': 1662103187206, 'level': 3, 'quoteId': 5, 'spreadTable': 3.5, 'spreadRaw': 0.00035}}
Closing socket
Socket connected
Sent: b'{"command": "login", "arguments": {"userId": 13755569, "password": "Nad115el", "appName": ""}}'
Received: {'status': True, 'streamSessionId': 'e41f13fffecd98b0-000028e4-01413746-d02d3b53a7e53844-3b76fa54'}
{'status': True, 'streamSessionId': 'e41f13fffecd98b0-000028e4-01413746-d02d3b53a7e53844-3b76fa54'}
Socket connected
Sent: b'{"command": "getTickPrices", "symbol": "EURUSD", "streamSessionId": "e41f13fffecd98b0-000028e4-01413746-d02d3b53a7e53844-3b76fa54"}'
Received: {'command': 'tickPrices', 'data': {'symbol': 'EURUSD', 'ask': 0.99853, 'bid': 0.99842, 'high': 0.99871, 'low': 0.99422, 'askVolume': 399000, 'bidVolume': 440000, 'timestamp': 1662103407416, 'level': 0, 'quoteId': 5, 'spreadTable': 1.1, 'spreadRaw': 0.00011}}
Stream received: {'command': 'tickPrices', 'data': {'symbol': 'EURUSD', 'ask': 0.99853, 'bid': 0.99842, 'high': 0.99871, 'low': 0.99422, 'askVolume': 399000, 'bidVolume': 440000, 'timestamp': 1662103407416, 'level': 0, 'quoteId': 5, 'spreadTable': 1.1, 'spreadRaw': 0.00011}}
Received: {'command': 'tickPrices', 'data': {'symbol': 'EURUSD', 'ask': 0.99856, 'bid': 0.99839, 'high': 0.99871, 'low': 0.99422, 'askVolume': 1000000, 'bidVolume': 700000, 'timestamp': 1662103407416, 'level': 1, 'quoteId': 5, 'spreadTable': 1.7, 'spreadRaw': 0.00017}}
Stream received: {'command': 'tickPrices', 'data': {'symbol': 'EURUSD', 'ask': 0.99856, 'bid': 0.99839, 'high': 0.99871, 'low': 0.99422, 'askVolume': 1000000, 'bidVolume': 700000, 'timestamp': 1662103407416, 'level': 1, 'quoteId': 5, 'spreadTable': 1.7, 'spreadRaw': 0.00017}}
Received: {'command': 'tickPrices', 'data': {'symbol': 'EURUSD', 'ask': 0.99858, 'bid': 0.99837, 'high': 0.99871, 'low': 0.99422, 'askVolume': 1100000, 'bidVolume': 900000, 'timestamp': 1662103407416, 'level': 2, 'quoteId': 5, 'spreadTable': 2.1, 'spreadRaw': 0.00021}}
Stream received: {'command': 'tickPrices', 'data': {'symbol': 'EURUSD', 'ask': 0.99858, 'bid': 0.99837, 'high': 0.99871, 'low': 0.99422, 'askVolume': 1100000, 'bidVolume': 900000, 'timestamp': 1662103407416, 'level': 2, 'quoteId': 5, 'spreadTable': 2.1, 'spreadRaw': 0.00021}}
Received: {'command': 'tickPrices', 'data': {'symbol': 'EURUSD', 'ask': 0.99866, 'bid': 0.99829, 'high': 0.99871, 'low': 0.99422, 'askVolume': 4500000, 'bidVolume': 3500000, 'timestamp': 1662103407416, 'level': 3, 'quoteId': 5, 'spreadTable': 3.7, 'spreadRaw': 0.00037}}
Stream received: {'command': 'tickPrices', 'data': {'symbol': 'EURUSD', 'ask': 0.99866, 'bid': 0.99829, 'high': 0.99871, 'low': 0.99422, 'askVolume': 4500000, 'bidVolume': 3500000, 'timestamp': 1662103407416, 'level': 3, 'quoteId': 5, 'spreadTable': 3.7, 'spreadRaw': 0.00037}}
Received: {'command': 'tickPrices', 'data': {'symbol': 'EURUSD', 'ask': 0.99876, 'bid': 0.99819, 'high': 0.99871, 'low': 0.99422, 'askVolume': 4000000, 'bidVolume': 3500000, 'timestamp': 1662103407416, 'level': 4, 'quoteId': 5, 'spreadTable': 5.7, 'spreadRaw': 0.00057}}
Stream received: {'command': 'tickPrices', 'data': {'symbol': 'EURUSD', 'ask': 0.99876, 'bid': 0.99819, 'high': 0.99871, 'low': 0.99422, 'askVolume': 4000000, 'bidVolume': 3500000, 'timestamp': 1662103407416, 'level': 4, 'quoteId': 5, 'spreadTable': 5.7, 'spreadRaw': 0.00057}}
Received: {'command': 'tickPrices', 'data': {'symbol': 'EURUSD', 'ask': 0.99851, 'bid': 0.99842, 'high': 0.99871, 'low': 0.99422, 'askVolume': 450000, 'bidVolume': 400000, 'timestamp': 1662103408655, 'level': 0, 'quoteId': 5, 'spreadTable': 0.9, 'spreadRaw': 9e-05}}
Stream received: {'command': 'tickPrices', 'data': {'symbol': 'EURUSD', 'ask': 0.99851, 'bid': 0.99842, 'high': 0.99871, 'low': 0.99422, 'askVolume': 450000, 'bidVolume': 400000, 'timestamp': 1662103408655, 'level': 0, 'quoteId': 5, 'spreadTable': 0.9, 'spreadRaw': 9e-05}}
Received: {'command': 'tickPrices', 'data': {'symbol': 'EURUSD', 'ask': 0.99853, 'bid': 0.9984, 'high': 0.99871, 'low': 0.99422, 'askVolume': 1000000, 'bidVolume': 800000, 'timestamp': 1662103408655, 'level': 1, 'quoteId': 5, 'spreadTable': 1.3, 'spreadRaw': 0.00013}}
Stream received: {'command': 'tickPrices', 'data': {'symbol': 'EURUSD', 'ask': 0.99853, 'bid': 0.9984, 'high': 0.99871, 'low': 0.99422, 'askVolume': 1000000, 'bidVolume': 800000, 'timestamp': 1662103408655, 'level': 1, 'quoteId': 5, 'spreadTable': 1.3, 'spreadRaw': 0.00013}}
Received: {'command': 'tickPrices', 'data': {'symbol': 'EURUSD', 'ask': 0.99855, 'bid': 0.99838, 'high': 0.99871, 'low': 0.99422, 'askVolume': 900000, 'bidVolume': 1200000, 'timestamp': 1662103408655, 'level': 2, 'quoteId': 5, 'spreadTable': 1.7, 'spreadRaw': 0.00017}}
Stream received: {'command': 'tickPrices', 'data': {'symbol': 'EURUSD', 'ask': 0.99855, 'bid': 0.99838, 'high': 0.99871, 'low': 0.99422, 'askVolume': 900000, 'bidVolume': 1200000, 'timestamp': 1662103408655, 'level': 2, 'quoteId': 5, 'spreadTable': 1.7, 'spreadRaw': 0.00017}}
Received: {'command': 'tickPrices', 'data': {'symbol': 'EURUSD', 'ask': 0.99863, 'bid': 0.9983, 'high': 0.99871, 'low': 0.99422, 'askVolume': 3000000, 'bidVolume': 3500000, 'timestamp': 1662103408655, 'level': 3, 'quoteId': 5, 'spreadTable': 3.3, 'spreadRaw': 0.00033}}
Stream received: {'command': 'tickPrices', 'data': {'symbol': 'EURUSD', 'ask': 0.99863, 'bid': 0.9983, 'high': 0.99871, 'low': 0.99422, 'askVolume': 3000000, 'bidVolume': 3500000, 'timestamp': 1662103408655, 'level': 3, 'quoteId': 5, 'spreadTable': 3.3, 'spreadRaw': 0.00033}}
Received: {'command': 'tickPrices', 'data': {'symbol': 'EURUSD', 'ask': 0.99871, 'bid': 0.99822, 'high': 0.99871, 'low': 0.99422, 'askVolume': 3000000, 'bidVolume': 3000000, 'timestamp': 1662103408655, 'level': 4, 'quoteId': 5, 'spreadTable': 4.9, 'spreadRaw': 0.00049}}
Stream received: {'command': 'tickPrices', 'data': {'symbol': 'EURUSD', 'ask': 0.99871, 'bid': 0.99822, 'high': 0.99871, 'low': 0.99422, 'askVolume': 3000000, 'bidVolume': 3000000, 'timestamp': 1662103408655, 'level': 4, 'quoteId': 5, 'spreadTable': 4.9, 'spreadRaw': 0.00049}}
Received: {'command': 'tickPrices', 'data': {'symbol': 'EURUSD', 'ask': 0.99851, 'bid': 0.99841, 'high': 0.99871, 'low': 0.99422, 'askVolume': 500000, 'bidVolume': 350000, 'timestamp': 1662103409090, 'level': 0, 'quoteId': 5, 'spreadTable': 1.0, 'spreadRaw': 0.0001}}
Stream received: {'command': 'tickPrices', 'data': {'symbol': 'EURUSD', 'ask': 0.99851, 'bid': 0.99841, 'high': 0.99871, 'low': 0.99422, 'askVolume': 500000, 'bidVolume': 350000, 'timestamp': 1662103409090, 'level': 0, 'quoteId': 5, 'spreadTable': 1.0, 'spreadRaw': 0.0001}}
Received: {'command': 'tickPrices', 'data': {'symbol': 'EURUSD', 'ask': 0.99852, 'bid': 0.9984, 'high': 0.99871, 'low': 0.99422, 'askVolume': 1000000, 'bidVolume': 1000000, 'timestamp': 1662103409090, 'level': 1, 'quoteId': 5, 'spreadTable': 1.2, 'spreadRaw': 0.00012}}
Stream received: {'command': 'tickPrices', 'data': {'symbol': 'EURUSD', 'ask': 0.99852, 'bid': 0.9984, 'high': 0.99871, 'low': 0.99422, 'askVolume': 1000000, 'bidVolume': 1000000, 'timestamp': 1662103409090, 'level': 1, 'quoteId': 5, 'spreadTable': 1.2, 'spreadRaw': 0.00012}}
Received: {'command': 'tickPrices', 'data': {'symbol': 'EURUSD', 'ask': 0.99854, 'bid': 0.99838, 'high': 0.99871, 'low': 0.99422, 'askVolume': 1200000, 'bidVolume': 1000000, 'timestamp': 1662103409090, 'level': 2, 'quoteId': 5, 'spreadTable': 1.6, 'spreadRaw': 0.00016}}
Stream received: {'command': 'tickPrices', 'data': {'symbol': 'EURUSD', 'ask': 0.99854, 'bid': 0.99838, 'high': 0.99871, 'low': 0.99422, 'askVolume': 1200000, 'bidVolume': 1000000, 'timestamp': 1662103409090, 'level': 2, 'quoteId': 5, 'spreadTable': 1.6, 'spreadRaw': 0.00016}}
Received: {'command': 'tickPrices', 'data': {'symbol': 'EURUSD', 'ask': 0.99861, 'bid': 0.99831, 'high': 0.99871, 'low': 0.99422, 'askVolume': 3500000, 'bidVolume': 4500000, 'timestamp': 1662103409090, 'level': 3, 'quoteId': 5, 'spreadTable': 3.0, 'spreadRaw': 0.0003}}
Stream received: {'command': 'tickPrices', 'data': {'symbol': 'EURUSD', 'ask': 0.99861, 'bid': 0.99831, 'high': 0.99871, 'low': 0.99422, 'askVolume': 3500000, 'bidVolume': 4500000, 'timestamp': 1662103409090, 'level': 3, 'quoteId': 5, 'spreadTable': 3.0, 'spreadRaw': 0.0003}}
Received: {'command': 'tickPrices', 'data': {'symbol': 'EURUSD', 'ask': 0.99869, 'bid': 0.99823, 'high': 0.99871, 'low': 0.99422, 'askVolume': 4000000, 'bidVolume': 4500000, 'timestamp': 1662103409090, 'level': 4, 'quoteId': 5, 'spreadTable': 4.6, 'spreadRaw': 0.00046}}
Stream received: {'command': 'tickPrices', 'data': {'symbol': 'EURUSD', 'ask': 0.99869, 'bid': 0.99823, 'high': 0.99871, 'low': 0.99422, 'askVolume': 4000000, 'bidVolume': 4500000, 'timestamp': 1662103409090, 'level': 4, 'quoteId': 5, 'spreadTable': 4.6, 'spreadRaw': 0.00046}}
Received: {'command': 'tickPrices', 'data': {'symbol': 'EURUSD', 'ask': 0.99844, 'bid': 0.99834, 'high': 0.99871, 'low': 0.99422, 'askVolume': 400000, 'bidVolume': 400000, 'timestamp': 1662103409343, 'level': 0, 'quoteId': 5, 'spreadTable': 1.0, 'spreadRaw': 0.0001}}
Stream received: {'command': 'tickPrices', 'data': {'symbol': 'EURUSD', 'ask': 0.99844, 'bid': 0.99834, 'high': 0.99871, 'low': 0.99422, 'askVolume': 400000, 'bidVolume': 400000, 'timestamp': 1662103409343, 'level': 0, 'quoteId': 5, 'spreadTable': 1.0, 'spreadRaw': 0.0001}}
Received: {'command': 'tickPrices', 'data': {'symbol': 'EURUSD', 'ask': 0.99846, 'bid': 0.99832, 'high': 0.99871, 'low': 0.99422, 'askVolume': 1000000, 'bidVolume': 1000000, 'timestamp': 1662103409343, 'level': 1, 'quoteId': 5, 'spreadTable': 1.4, 'spreadRaw': 0.00014}}
Stream received: {'command': 'tickPrices', 'data': {'symbol': 'EURUSD', 'ask': 0.99846, 'bid': 0.99832, 'high': 0.99871, 'low': 0.99422, 'askVolume': 1000000, 'bidVolume': 1000000, 'timestamp': 1662103409343, 'level': 1, 'quoteId': 5, 'spreadTable': 1.4, 'spreadRaw': 0.00014}}
Received: {'command': 'tickPrices', 'data': {'symbol': 'EURUSD', 'ask': 0.99849, 'bid': 0.99829, 'high': 0.99871, 'low': 0.99422, 'askVolume': 1000000, 'bidVolume': 1200000, 'timestamp': 1662103409343, 'level': 2, 'quoteId': 5, 'spreadTable': 2.0, 'spreadRaw': 0.0002}}
Stream received: {'command': 'tickPrices', 'data': {'symbol': 'EURUSD', 'ask': 0.99849, 'bid': 0.99829, 'high': 0.99871, 'low': 0.99422, 'askVolume': 1000000, 'bidVolume': 1200000, 'timestamp': 1662103409343, 'level': 2, 'quoteId': 5, 'spreadTable': 2.0, 'spreadRaw': 0.0002}}
Received: {'command': 'tickPrices', 'data': {'symbol': 'EURUSD', 'ask': 0.99855, 'bid': 0.99823, 'high': 0.99871, 'low': 0.99422, 'askVolume': 4500000, 'bidVolume': 5000000, 'timestamp': 1662103409343, 'level': 3, 'quoteId': 5, 'spreadTable': 3.2, 'spreadRaw': 0.00032}}
Stream received: {'command': 'tickPrices', 'data': {'symbol': 'EURUSD', 'ask': 0.99855, 'bid': 0.99823, 'high': 0.99871, 'low': 0.99422, 'askVolume': 4500000, 'bidVolume': 5000000, 'timestamp': 1662103409343, 'level': 3, 'quoteId': 5, 'spreadTable': 3.2, 'spreadRaw': 0.00032}}
Received: {'command': 'tickPrices', 'data': {'symbol': 'EURUSD', 'ask': 0.99864, 'bid': 0.99814, 'high': 0.99871, 'low': 0.99422, 'askVolume': 3000000, 'bidVolume': 4000000, 'timestamp': 1662103409343, 'level': 4, 'quoteId': 5, 'spreadTable': 5.0, 'spreadRaw': 0.0005}}
Stream received: {'command': 'tickPrices', 'data': {'symbol': 'EURUSD', 'ask': 0.99864, 'bid': 0.99814, 'high': 0.99871, 'low': 0.99422, 'askVolume': 3000000, 'bidVolume': 4000000, 'timestamp': 1662103409343, 'level': 4, 'quoteId': 5, 'spreadTable': 5.0, 'spreadRaw': 0.0005}}
Received: {'command': 'tickPrices', 'data': {'symbol': 'EURUSD', 'ask': 0.99846, 'bid': 0.99836, 'high': 0.99871, 'low': 0.99422, 'askVolume': 400000, 'bidVolume': 400000, 'timestamp': 1662103409595, 'level': 0, 'quoteId': 5, 'spreadTable': 1.0, 'spreadRaw': 0.0001}}
Stream received: {'command': 'tickPrices', 'data': {'symbol': 'EURUSD', 'ask': 0.99846, 'bid': 0.99836, 'high': 0.99871, 'low': 0.99422, 'askVolume': 400000, 'bidVolume': 400000, 'timestamp': 1662103409595, 'level': 0, 'quoteId': 5, 'spreadTable': 1.0, 'spreadRaw': 0.0001}}
Received: {'command': 'tickPrices', 'data': {'symbol': 'EURUSD', 'ask': 0.99847, 'bid': 0.99835, 'high': 0.99871, 'low': 0.99422, 'askVolume': 1000000, 'bidVolume': 800000, 'timestamp': 1662103409595, 'level': 1, 'quoteId': 5, 'spreadTable': 1.2, 'spreadRaw': 0.00012}}
Stream received: {'command': 'tickPrices', 'data': {'symbol': 'EURUSD', 'ask': 0.99847, 'bid': 0.99835, 'high': 0.99871, 'low': 0.99422, 'askVolume': 1000000, 'bidVolume': 800000, 'timestamp': 1662103409595, 'level': 1, 'quoteId': 5, 'spreadTable': 1.2, 'spreadRaw': 0.00012}}
Closing socket
Socket connected
Sent: b'{"command": "login", "arguments": {"userId": 13755569, "password": "Nad115el", "appName": ""}}'
Received: {'status': True, 'streamSessionId': 'e41f13fffecd98b0-000028e4-0141393e-d2a26310ebe626d1-bf0e1e41'}
{'status': True, 'streamSessionId': 'e41f13fffecd98b0-000028e4-0141393e-d2a26310ebe626d1-bf0e1e41'}
Socket connected
Sent: b'{"command": "getTickPrices", "symbol": "EURUSD", "streamSessionId": "e41f13fffecd98b0-000028e4-0141393e-d2a26310ebe626d1-bf0e1e41"}'
Received: {'command': 'tickPrices', 'data': {'symbol': 'EURUSD', 'ask': 0.99861, 'bid': 0.99851, 'high': 0.99871, 'low': 0.99422, 'askVolume': 350000, 'bidVolume': 350000, 'timestamp': 1662103467525, 'level': 0, 'quoteId': 5, 'spreadTable': 1.0, 'spreadRaw': 0.0001}}
Stream received: {'command': 'tickPrices', 'data': {'symbol': 'EURUSD', 'ask': 0.99861, 'bid': 0.99851, 'high': 0.99871, 'low': 0.99422, 'askVolume': 350000, 'bidVolume': 350000, 'timestamp': 1662103467525, 'level': 0, 'quoteId': 5, 'spreadTable': 1.0, 'spreadRaw': 0.0001}}
Received: {'command': 'tickPrices', 'data': {'symbol': 'EURUSD', 'ask': 0.99864, 'bid': 0.99848, 'high': 0.99871, 'low': 0.99422, 'askVolume': 1200000, 'bidVolume': 1000000, 'timestamp': 1662103467525, 'level': 1, 'quoteId': 5, 'spreadTable': 1.6, 'spreadRaw': 0.00016}}
Stream received: {'command': 'tickPrices', 'data': {'symbol': 'EURUSD', 'ask': 0.99864, 'bid': 0.99848, 'high': 0.99871, 'low': 0.99422, 'askVolume': 1200000, 'bidVolume': 1000000, 'timestamp': 1662103467525, 'level': 1, 'quoteId': 5, 'spreadTable': 1.6, 'spreadRaw': 0.00016}}
Received: {'command': 'tickPrices', 'data': {'symbol': 'EURUSD', 'ask': 0.99866, 'bid': 0.99846, 'high': 0.99871, 'low': 0.99422, 'askVolume': 1000000, 'bidVolume': 1000000, 'timestamp': 1662103467525, 'level': 2, 'quoteId': 5, 'spreadTable': 2.0, 'spreadRaw': 0.0002}}
Stream received: {'command': 'tickPrices', 'data': {'symbol': 'EURUSD', 'ask': 0.99866, 'bid': 0.99846, 'high': 0.99871, 'low': 0.99422, 'askVolume': 1000000, 'bidVolume': 1000000, 'timestamp': 1662103467525, 'level': 2, 'quoteId': 5, 'spreadTable': 2.0, 'spreadRaw': 0.0002}}
Received: {'command': 'tickPrices', 'data': {'symbol': 'EURUSD', 'ask': 0.99872, 'bid': 0.9984, 'high': 0.99871, 'low': 0.99422, 'askVolume': 4000000, 'bidVolume': 4000000, 'timestamp': 1662103467525, 'level': 3, 'quoteId': 5, 'spreadTable': 3.2, 'spreadRaw': 0.00032}}
Stream received: {'command': 'tickPrices', 'data': {'symbol': 'EURUSD', 'ask': 0.99872, 'bid': 0.9984, 'high': 0.99871, 'low': 0.99422, 'askVolume': 4000000, 'bidVolume': 4000000, 'timestamp': 1662103467525, 'level': 3, 'quoteId': 5, 'spreadTable': 3.2, 'spreadRaw': 0.00032}}
Received: {'command': 'tickPrices', 'data': {'symbol': 'EURUSD', 'ask': 0.99882, 'bid': 0.9983, 'high': 0.99871, 'low': 0.99422, 'askVolume': 4500000, 'bidVolume': 4000000, 'timestamp': 1662103467525, 'level': 4, 'quoteId': 5, 'spreadTable': 5.2, 'spreadRaw': 0.00052}}
Stream received: {'command': 'tickPrices', 'data': {'symbol': 'EURUSD', 'ask': 0.99882, 'bid': 0.9983, 'high': 0.99871, 'low': 0.99422, 'askVolume': 4500000, 'bidVolume': 4000000, 'timestamp': 1662103467525, 'level': 4, 'quoteId': 5, 'spreadTable': 5.2, 'spreadRaw': 0.00052}}
Received: {'command': 'tickPrices', 'data': {'symbol': 'EURUSD', 'ask': 0.99861, 'bid': 0.9985, 'high': 0.99871, 'low': 0.99422, 'askVolume': 500000, 'bidVolume': 350000, 'timestamp': 1662103467832, 'level': 0, 'quoteId': 5, 'spreadTable': 1.1, 'spreadRaw': 0.00011}}
Stream received: {'command': 'tickPrices', 'data': {'symbol': 'EURUSD', 'ask': 0.99861, 'bid': 0.9985, 'high': 0.99871, 'low': 0.99422, 'askVolume': 500000, 'bidVolume': 350000, 'timestamp': 1662103467832, 'level': 0, 'quoteId': 5, 'spreadTable': 1.1, 'spreadRaw': 0.00011}}
Received: {'command': 'tickPrices', 'data': {'symbol': 'EURUSD', 'ask': 0.99864, 'bid': 0.99847, 'high': 0.99871, 'low': 0.99422, 'askVolume': 1000000, 'bidVolume': 700000, 'timestamp': 1662103467832, 'level': 1, 'quoteId': 5, 'spreadTable': 1.7, 'spreadRaw': 0.00017}}
Stream received: {'command': 'tickPrices', 'data': {'symbol': 'EURUSD', 'ask': 0.99864, 'bid': 0.99847, 'high': 0.99871, 'low': 0.99422, 'askVolume': 1000000, 'bidVolume': 700000, 'timestamp': 1662103467832, 'level': 1, 'quoteId': 5, 'spreadTable': 1.7, 'spreadRaw': 0.00017}}
Received: {'command': 'tickPrices', 'data': {'symbol': 'EURUSD', 'ask': 0.99866, 'bid': 0.99845, 'high': 0.99871, 'low': 0.99422, 'askVolume': 1200000, 'bidVolume': 1000000, 'timestamp': 1662103467832, 'level': 2, 'quoteId': 5, 'spreadTable': 2.1, 'spreadRaw': 0.00021}}
Stream received: {'command': 'tickPrices', 'data': {'symbol': 'EURUSD', 'ask': 0.99866, 'bid': 0.99845, 'high': 0.99871, 'low': 0.99422, 'askVolume': 1200000, 'bidVolume': 1000000, 'timestamp': 1662103467832, 'level': 2, 'quoteId': 5, 'spreadTable': 2.1, 'spreadRaw': 0.00021}}
Received: {'command': 'tickPrices', 'data': {'symbol': 'EURUSD', 'ask': 0.99872, 'bid': 0.99839, 'high': 0.99871, 'low': 0.99422, 'askVolume': 3500000, 'bidVolume': 4000000, 'timestamp': 1662103467832, 'level': 3, 'quoteId': 5, 'spreadTable': 3.3, 'spreadRaw': 0.00033}}
Stream received: {'command': 'tickPrices', 'data': {'symbol': 'EURUSD', 'ask': 0.99872, 'bid': 0.99839, 'high': 0.99871, 'low': 0.99422, 'askVolume': 3500000, 'bidVolume': 4000000, 'timestamp': 1662103467832, 'level': 3, 'quoteId': 5, 'spreadTable': 3.3, 'spreadRaw': 0.00033}}
Received: {'command': 'tickPrices', 'data': {'symbol': 'EURUSD', 'ask': 0.9988, 'bid': 0.99831, 'high': 0.99871, 'low': 0.99422, 'askVolume': 4500000, 'bidVolume': 3500000, 'timestamp': 1662103467832, 'level': 4, 'quoteId': 5, 'spreadTable': 4.9, 'spreadRaw': 0.00049}}
Stream received: {'command': 'tickPrices', 'data': {'symbol': 'EURUSD', 'ask': 0.9988, 'bid': 0.99831, 'high': 0.99871, 'low': 0.99422, 'askVolume': 4500000, 'bidVolume': 3500000, 'timestamp': 1662103467832, 'level': 4, 'quoteId': 5, 'spreadTable': 4.9, 'spreadRaw': 0.00049}}
Received: {'command': 'tickPrices', 'data': {'symbol': 'EURUSD', 'ask': 0.99855, 'bid': 0.99845, 'high': 0.99871, 'low': 0.99422, 'askVolume': 400000, 'bidVolume': 450000, 'timestamp': 1662103468038, 'level': 0, 'quoteId': 5, 'spreadTable': 1.0, 'spreadRaw': 0.0001}}
Stream received: {'command': 'tickPrices', 'data': {'symbol': 'EURUSD', 'ask': 0.99855, 'bid': 0.99845, 'high': 0.99871, 'low': 0.99422, 'askVolume': 400000, 'bidVolume': 450000, 'timestamp': 1662103468038, 'level': 0, 'quoteId': 5, 'spreadTable': 1.0, 'spreadRaw': 0.0001}}
Received: {'command': 'tickPrices', 'data': {'symbol': 'EURUSD', 'ask': 0.99856, 'bid': 0.99844, 'high': 0.99871, 'low': 0.99422, 'askVolume': 800000, 'bidVolume': 900000, 'timestamp': 1662103468038, 'level': 1, 'quoteId': 5, 'spreadTable': 1.2, 'spreadRaw': 0.00012}}
Stream received: {'command': 'tickPrices', 'data': {'symbol': 'EURUSD', 'ask': 0.99856, 'bid': 0.99844, 'high': 0.99871, 'low': 0.99422, 'askVolume': 800000, 'bidVolume': 900000, 'timestamp': 1662103468038, 'level': 1, 'quoteId': 5, 'spreadTable': 1.2, 'spreadRaw': 0.00012}}
Received: {'command': 'tickPrices', 'data': {'symbol': 'EURUSD', 'ask': 0.99858, 'bid': 0.99842, 'high': 0.99871, 'low': 0.99422, 'askVolume': 1000000, 'bidVolume': 1000000, 'timestamp': 1662103468038, 'level': 2, 'quoteId': 5, 'spreadTable': 1.6, 'spreadRaw': 0.00016}}
Stream received: {'command': 'tickPrices', 'data': {'symbol': 'EURUSD', 'ask': 0.99858, 'bid': 0.99842, 'high': 0.99871, 'low': 0.99422, 'askVolume': 1000000, 'bidVolume': 1000000, 'timestamp': 1662103468038, 'level': 2, 'quoteId': 5, 'spreadTable': 1.6, 'spreadRaw': 0.00016}}
Received: {'command': 'tickPrices', 'data': {'symbol': 'EURUSD', 'ask': 0.99864, 'bid': 0.99836, 'high': 0.99871, 'low': 0.99422, 'askVolume': 4000000, 'bidVolume': 4500000, 'timestamp': 1662103468038, 'level': 3, 'quoteId': 5, 'spreadTable': 2.8, 'spreadRaw': 0.00028}}
Stream received: {'command': 'tickPrices', 'data': {'symbol': 'EURUSD', 'ask': 0.99864, 'bid': 0.99836, 'high': 0.99871, 'low': 0.99422, 'askVolume': 4000000, 'bidVolume': 4500000, 'timestamp': 1662103468038, 'level': 3, 'quoteId': 5, 'spreadTable': 2.8, 'spreadRaw': 0.00028}}
Received: {'command': 'tickPrices', 'data': {'symbol': 'EURUSD', 'ask': 0.99873, 'bid': 0.99827, 'high': 0.99871, 'low': 0.99422, 'askVolume': 3000000, 'bidVolume': 4000000, 'timestamp': 1662103468038, 'level': 4, 'quoteId': 5, 'spreadTable': 4.6, 'spreadRaw': 0.00046}}
Stream received: {'command': 'tickPrices', 'data': {'symbol': 'EURUSD', 'ask': 0.99873, 'bid': 0.99827, 'high': 0.99871, 'low': 0.99422, 'askVolume': 3000000, 'bidVolume': 4000000, 'timestamp': 1662103468038, 'level': 4, 'quoteId': 5, 'spreadTable': 4.6, 'spreadRaw': 0.00046}}
Received: {'command': 'tickPrices', 'data': {'symbol': 'EURUSD', 'ask': 0.99856, 'bid': 0.99846, 'high': 0.99871, 'low': 0.99422, 'askVolume': 400000, 'bidVolume': 500000, 'timestamp': 1662103468433, 'level': 0, 'quoteId': 5, 'spreadTable': 1.0, 'spreadRaw': 0.0001}}
Stream received: {'command': 'tickPrices', 'data': {'symbol': 'EURUSD', 'ask': 0.99856, 'bid': 0.99846, 'high': 0.99871, 'low': 0.99422, 'askVolume': 400000, 'bidVolume': 500000, 'timestamp': 1662103468433, 'level': 0, 'quoteId': 5, 'spreadTable': 1.0, 'spreadRaw': 0.0001}}
Received: {'command': 'tickPrices', 'data': {'symbol': 'EURUSD', 'ask': 0.99858, 'bid': 0.99844, 'high': 0.99871, 'low': 0.99422, 'askVolume': 700000, 'bidVolume': 1000000, 'timestamp': 1662103468433, 'level': 1, 'quoteId': 5, 'spreadTable': 1.4, 'spreadRaw': 0.00014}}
Stream received: {'command': 'tickPrices', 'data': {'symbol': 'EURUSD', 'ask': 0.99858, 'bid': 0.99844, 'high': 0.99871, 'low': 0.99422, 'askVolume': 700000, 'bidVolume': 1000000, 'timestamp': 1662103468433, 'level': 1, 'quoteId': 5, 'spreadTable': 1.4, 'spreadRaw': 0.00014}}
Closing socket
Received: {'command': 'tickPrices', 'data': {'symbol': 'EURUSD', 'ask': 0.9986, 'bid': 0.99842, 'high': 0.99871, 'low': 0.99422, 'askVolume': 1200000, 'bidVolume': 1200000, 'timestamp': 1662103468433, 'level': 2, 'quoteId': 5, 'spreadTable': 1.8, 'spreadRaw': 0.00018}}
Stream received: {'command': 'tickPrices', 'data': {'symbol': 'EURUSD', 'ask': 0.9986, 'bid': 0.99842, 'high': 0.99871, 'low': 0.99422, 'askVolume': 1200000, 'bidVolume': 1200000, 'timestamp': 1662103468433, 'level': 2, 'quoteId': 5, 'spreadTable': 1.8, 'spreadRaw': 0.00018}}
Received: {'command': 'tickPrices', 'data': {'symbol': 'EURUSD', 'ask': 0.99868, 'bid': 0.99834, 'high': 0.99871, 'low': 0.99422, 'askVolume': 3000000, 'bidVolume': 4000000, 'timestamp': 1662103468433, 'level': 3, 'quoteId': 5, 'spreadTable': 3.4, 'spreadRaw': 0.00034}}
Stream received: {'command': 'tickPrices', 'data': {'symbol': 'EURUSD', 'ask': 0.99868, 'bid': 0.99834, 'high': 0.99871, 'low': 0.99422, 'askVolume': 3000000, 'bidVolume': 4000000, 'timestamp': 1662103468433, 'level': 3, 'quoteId': 5, 'spreadTable': 3.4, 'spreadRaw': 0.00034}}
Received: {'command': 'tickPrices', 'data': {'symbol': 'EURUSD', 'ask': 0.99876, 'bid': 0.99826, 'high': 0.99871, 'low': 0.99422, 'askVolume': 4000000, 'bidVolume': 4000000, 'timestamp': 1662103468433, 'level': 4, 'quoteId': 5, 'spreadTable': 5.0, 'spreadRaw': 0.0005}}
Stream received: {'command': 'tickPrices', 'data': {'symbol': 'EURUSD', 'ask': 0.99876, 'bid': 0.99826, 'high': 0.99871, 'low': 0.99422, 'askVolume': 4000000, 'bidVolume': 4000000, 'timestamp': 1662103468433, 'level': 4, 'quoteId': 5, 'spreadTable': 5.0, 'spreadRaw': 0.0005}}
Received: {'command': 'tickPrices', 'data': {'symbol': 'EURUSD', 'ask': 0.99857, 'bid': 0.99846, 'high': 0.99871, 'low': 0.99422, 'askVolume': 500000, 'bidVolume': 300000, 'timestamp': 1662103469658, 'level': 0, 'quoteId': 5, 'spreadTable': 1.1, 'spreadRaw': 0.00011}}
Stream received: {'command': 'tickPrices', 'data': {'symbol': 'EURUSD', 'ask': 0.99857, 'bid': 0.99846, 'high': 0.99871, 'low': 0.99422, 'askVolume': 500000, 'bidVolume': 300000, 'timestamp': 1662103469658, 'level': 0, 'quoteId': 5, 'spreadTable': 1.1, 'spreadRaw': 0.00011}}
Received: {'command': 'tickPrices', 'data': {'symbol': 'EURUSD', 'ask': 0.99859, 'bid': 0.99844, 'high': 0.99871, 'low': 0.99422, 'askVolume': 900000, 'bidVolume': 1000000, 'timestamp': 1662103469658, 'level': 1, 'quoteId': 5, 'spreadTable': 1.5, 'spreadRaw': 0.00015}}
Stream received: {'command': 'tickPrices', 'data': {'symbol': 'EURUSD', 'ask': 0.99859, 'bid': 0.99844, 'high': 0.99871, 'low': 0.99422, 'askVolume': 900000, 'bidVolume': 1000000, 'timestamp': 1662103469658, 'level': 1, 'quoteId': 5, 'spreadTable': 1.5, 'spreadRaw': 0.00015}}
Received: {'command': 'tickPrices', 'data': {'symbol': 'EURUSD', 'ask': 0.99861, 'bid': 0.99842, 'high': 0.99871, 'low': 0.99422, 'askVolume': 1000000, 'bidVolume': 900000, 'timestamp': 1662103469658, 'level': 2, 'quoteId': 5, 'spreadTable': 1.9, 'spreadRaw': 0.00019}}
Stream received: {'command': 'tickPrices', 'data': {'symbol': 'EURUSD', 'ask': 0.99861, 'bid': 0.99842, 'high': 0.99871, 'low': 0.99422, 'askVolume': 1000000, 'bidVolume': 900000, 'timestamp': 1662103469658, 'level': 2, 'quoteId': 5, 'spreadTable': 1.9, 'spreadRaw': 0.00019}}
Received: {'command': 'tickPrices', 'data': {'symbol': 'EURUSD', 'ask': 0.99868, 'bid': 0.99835, 'high': 0.99871, 'low': 0.99422, 'askVolume': 3500000, 'bidVolume': 5000000, 'timestamp': 1662103469658, 'level': 3, 'quoteId': 5, 'spreadTable': 3.3, 'spreadRaw': 0.00033}}
Stream received: {'command': 'tickPrices', 'data': {'symbol': 'EURUSD', 'ask': 0.99868, 'bid': 0.99835, 'high': 0.99871, 'low': 0.99422, 'askVolume': 3500000, 'bidVolume': 5000000, 'timestamp': 1662103469658, 'level': 3, 'quoteId': 5, 'spreadTable': 3.3, 'spreadRaw': 0.00033}}
Received: {'command': 'tickPrices', 'data': {'symbol': 'EURUSD', 'ask': 0.99878, 'bid': 0.99825, 'high': 0.99871, 'low': 0.99422, 'askVolume': 3500000, 'bidVolume': 3000000, 'timestamp': 1662103469658, 'level': 4, 'quoteId': 5, 'spreadTable': 5.3, 'spreadRaw': 0.00053}}
Stream received: {'command': 'tickPrices', 'data': {'symbol': 'EURUSD', 'ask': 0.99878, 'bid': 0.99825, 'high': 0.99871, 'low': 0.99422, 'askVolume': 3500000, 'bidVolume': 3000000, 'timestamp': 1662103469658, 'level': 4, 'quoteId': 5, 'spreadTable': 5.3, 'spreadRaw': 0.00053}}
Received: {'command': 'tickPrices', 'data': {'symbol': 'EURUSD', 'ask': 0.99857, 'bid': 0.99845, 'high': 0.99871, 'low': 0.99422, 'askVolume': 400000, 'bidVolume': 400000, 'timestamp': 1662103470063, 'level': 0, 'quoteId': 5, 'spreadTable': 1.2, 'spreadRaw': 0.00012}}
Stream received: {'command': 'tickPrices', 'data': {'symbol': 'EURUSD', 'ask': 0.99857, 'bid': 0.99845, 'high': 0.99871, 'low': 0.99422, 'askVolume': 400000, 'bidVolume': 400000, 'timestamp': 1662103470063, 'level': 0, 'quoteId': 5, 'spreadTable': 1.2, 'spreadRaw': 0.00012}}
Received: {'command': 'tickPrices', 'data': {'symbol': 'EURUSD', 'ask': 0.9986, 'bid': 0.99842, 'high': 0.99871, 'low': 0.99422, 'askVolume': 800000, 'bidVolume': 1000000, 'timestamp': 1662103470063, 'level': 1, 'quoteId': 5, 'spreadTable': 1.8, 'spreadRaw': 0.00018}}
Stream received: {'command': 'tickPrices', 'data': {'symbol': 'EURUSD', 'ask': 0.9986, 'bid': 0.99842, 'high': 0.99871, 'low': 0.99422, 'askVolume': 800000, 'bidVolume': 1000000, 'timestamp': 1662103470063, 'level': 1, 'quoteId': 5, 'spreadTable': 1.8, 'spreadRaw': 0.00018}}
Received: {'command': 'tickPrices', 'data': {'symbol': 'EURUSD', 'ask': 0.99862, 'bid': 0.9984, 'high': 0.99871, 'low': 0.99422, 'askVolume': 800000, 'bidVolume': 800000, 'timestamp': 1662103470063, 'level': 2, 'quoteId': 5, 'spreadTable': 2.2, 'spreadRaw': 0.00022}}
Stream received: {'command': 'tickPrices', 'data': {'symbol': 'EURUSD', 'ask': 0.99862, 'bid': 0.9984, 'high': 0.99871, 'low': 0.99422, 'askVolume': 800000, 'bidVolume': 800000, 'timestamp': 1662103470063, 'level': 2, 'quoteId': 5, 'spreadTable': 2.2, 'spreadRaw': 0.00022}}
Received: {'command': 'tickPrices', 'data': {'symbol': 'EURUSD', 'ask': 0.99869, 'bid': 0.99833, 'high': 0.99871, 'low': 0.99422, 'askVolume': 3500000, 'bidVolume': 4000000, 'timestamp': 1662103470063, 'level': 3, 'quoteId': 5, 'spreadTable': 3.6, 'spreadRaw': 0.00036}}
Stream received: {'command': 'tickPrices', 'data': {'symbol': 'EURUSD', 'ask': 0.99869, 'bid': 0.99833, 'high': 0.99871, 'low': 0.99422, 'askVolume': 3500000, 'bidVolume': 4000000, 'timestamp': 1662103470063, 'level': 3, 'quoteId': 5, 'spreadTable': 3.6, 'spreadRaw': 0.00036}}
Received: {'command': 'tickPrices', 'data': {'symbol': 'EURUSD', 'ask': 0.99877, 'bid': 0.99825, 'high': 0.99871, 'low': 0.99422, 'askVolume': 3000000, 'bidVolume': 4000000, 'timestamp': 1662103470063, 'level': 4, 'quoteId': 5, 'spreadTable': 5.2, 'spreadRaw': 0.00052}}
Stream received: {'command': 'tickPrices', 'data': {'symbol': 'EURUSD', 'ask': 0.99877, 'bid': 0.99825, 'high': 0.99871, 'low': 0.99422, 'askVolume': 3000000, 'bidVolume': 4000000, 'timestamp': 1662103470063, 'level': 4, 'quoteId': 5, 'spreadTable': 5.2, 'spreadRaw': 0.00052}}
Received: {'command': 'tickPrices', 'data': {'symbol': 'EURUSD', 'ask': 0.99856, 'bid': 0.99845, 'high': 0.99871, 'low': 0.99422, 'askVolume': 350000, 'bidVolume': 300000, 'timestamp': 1662103470265, 'level': 0, 'quoteId': 5, 'spreadTable': 1.1, 'spreadRaw': 0.00011}}
Stream received: {'command': 'tickPrices', 'data': {'symbol': 'EURUSD', 'ask': 0.99856, 'bid': 0.99845, 'high': 0.99871, 'low': 0.99422, 'askVolume': 350000, 'bidVolume': 300000, 'timestamp': 1662103470265, 'level': 0, 'quoteId': 5, 'spreadTable': 1.1, 'spreadRaw': 0.00011}}
Received: {'command': 'tickPrices', 'data': {'symbol': 'EURUSD', 'ask': 0.99858, 'bid': 0.99843, 'high': 0.99871, 'low': 0.99422, 'askVolume': 1000000, 'bidVolume': 1200000, 'timestamp': 1662103470265, 'level': 1, 'quoteId': 5, 'spreadTable': 1.5, 'spreadRaw': 0.00015}}
Stream received: {'command': 'tickPrices', 'data': {'symbol': 'EURUSD', 'ask': 0.99858, 'bid': 0.99843, 'high': 0.99871, 'low': 0.99422, 'askVolume': 1000000, 'bidVolume': 1200000, 'timestamp': 1662103470265, 'level': 1, 'quoteId': 5, 'spreadTable': 1.5, 'spreadRaw': 0.00015}}
Received: {'command': 'tickPrices', 'data': {'symbol': 'EURUSD', 'ask': 0.9986, 'bid': 0.99841, 'high': 0.99871, 'low': 0.99422, 'askVolume': 900000, 'bidVolume': 1000000, 'timestamp': 1662103470265, 'level': 2, 'quoteId': 5, 'spreadTable': 1.9, 'spreadRaw': 0.00019}}
Stream received: {'command': 'tickPrices', 'data': {'symbol': 'EURUSD', 'ask': 0.9986, 'bid': 0.99841, 'high': 0.99871, 'low': 0.99422, 'askVolume': 900000, 'bidVolume': 1000000, 'timestamp': 1662103470265, 'level': 2, 'quoteId': 5, 'spreadTable': 1.9, 'spreadRaw': 0.00019}}
Received: {'command': 'tickPrices', 'data': {'symbol': 'EURUSD', 'ask': 0.99867, 'bid': 0.99834, 'high': 0.99871, 'low': 0.99422, 'askVolume': 3500000, 'bidVolume': 4500000, 'timestamp': 1662103470265, 'level': 3, 'quoteId': 5, 'spreadTable': 3.3, 'spreadRaw': 0.00033}}
Stream received: {'command': 'tickPrices', 'data': {'symbol': 'EURUSD', 'ask': 0.99867, 'bid': 0.99834, 'high': 0.99871, 'low': 0.99422, 'askVolume': 3500000, 'bidVolume': 4500000, 'timestamp': 1662103470265, 'level': 3, 'quoteId': 5, 'spreadTable': 3.3, 'spreadRaw': 0.00033}}
Received: {'command': 'tickPrices', 'data': {'symbol': 'EURUSD', 'ask': 0.99877, 'bid': 0.99824, 'high': 0.99871, 'low': 0.99422, 'askVolume': 4500000, 'bidVolume': 3000000, 'timestamp': 1662103470265, 'level': 4, 'quoteId': 5, 'spreadTable': 5.3, 'spreadRaw': 0.00053}}
Stream received: {'command': 'tickPrices', 'data': {'symbol': 'EURUSD', 'ask': 0.99877, 'bid': 0.99824, 'high': 0.99871, 'low': 0.99422, 'askVolume': 4500000, 'bidVolume': 3000000, 'timestamp': 1662103470265, 'level': 4, 'quoteId': 5, 'spreadTable': 5.3, 'spreadRaw': 0.00053}}
Closing socket
Socket connected
Sent: b'{"command": "login", "arguments": {"userId": 13755569, "password": "Nad115el", "appName": ""}}'
Received: {'status': True, 'streamSessionId': 'e41f13fffecd98b0-000028e4-01413b4e-ddc72c1093e709ba-e8a9334b'}
{'status': True, 'streamSessionId': 'e41f13fffecd98b0-000028e4-01413b4e-ddc72c1093e709ba-e8a9334b'}
Socket connected
Sent: b'{"command": "getTickPrices", "symbol": "EURUSD", "streamSessionId": "e41f13fffecd98b0-000028e4-01413b4e-ddc72c1093e709ba-e8a9334b"}'
Received: {'command': 'tickPrices', 'data': {'symbol': 'EURUSD', 'ask': 0.99847, 'bid': 0.99837, 'high': 0.99871, 'low': 0.99422, 'askVolume': 500000, 'bidVolume': 350000, 'timestamp': 1662103526759, 'level': 0, 'quoteId': 5, 'spreadTable': 1.0, 'spreadRaw': 0.0001}}
Stream received: {'command': 'tickPrices', 'data': {'symbol': 'EURUSD', 'ask': 0.99847, 'bid': 0.99837, 'high': 0.99871, 'low': 0.99422, 'askVolume': 500000, 'bidVolume': 350000, 'timestamp': 1662103526759, 'level': 0, 'quoteId': 5, 'spreadTable': 1.0, 'spreadRaw': 0.0001}}
Received: {'command': 'tickPrices', 'data': {'symbol': 'EURUSD', 'ask': 0.99849, 'bid': 0.99835, 'high': 0.99871, 'low': 0.99422, 'askVolume': 1000000, 'bidVolume': 1000000, 'timestamp': 1662103526759, 'level': 1, 'quoteId': 5, 'spreadTable': 1.4, 'spreadRaw': 0.00014}}
Stream received: {'command': 'tickPrices', 'data': {'symbol': 'EURUSD', 'ask': 0.99849, 'bid': 0.99835, 'high': 0.99871, 'low': 0.99422, 'askVolume': 1000000, 'bidVolume': 1000000, 'timestamp': 1662103526759, 'level': 1, 'quoteId': 5, 'spreadTable': 1.4, 'spreadRaw': 0.00014}}
Received: {'command': 'tickPrices', 'data': {'symbol': 'EURUSD', 'ask': 0.99852, 'bid': 0.99832, 'high': 0.99871, 'low': 0.99422, 'askVolume': 900000, 'bidVolume': 1000000, 'timestamp': 1662103526759, 'level': 2, 'quoteId': 5, 'spreadTable': 2.0, 'spreadRaw': 0.0002}}
Stream received: {'command': 'tickPrices', 'data': {'symbol': 'EURUSD', 'ask': 0.99852, 'bid': 0.99832, 'high': 0.99871, 'low': 0.99422, 'askVolume': 900000, 'bidVolume': 1000000, 'timestamp': 1662103526759, 'level': 2, 'quoteId': 5, 'spreadTable': 2.0, 'spreadRaw': 0.0002}}
Received: {'command': 'tickPrices', 'data': {'symbol': 'EURUSD', 'ask': 0.9986, 'bid': 0.99824, 'high': 0.99871, 'low': 0.99422, 'askVolume': 3500000, 'bidVolume': 4000000, 'timestamp': 1662103526759, 'level': 3, 'quoteId': 5, 'spreadTable': 3.6, 'spreadRaw': 0.00036}}
Stream received: {'command': 'tickPrices', 'data': {'symbol': 'EURUSD', 'ask': 0.9986, 'bid': 0.99824, 'high': 0.99871, 'low': 0.99422, 'askVolume': 3500000, 'bidVolume': 4000000, 'timestamp': 1662103526759, 'level': 3, 'quoteId': 5, 'spreadTable': 3.6, 'spreadRaw': 0.00036}}
Received: {'command': 'tickPrices', 'data': {'symbol': 'EURUSD', 'ask': 0.99869, 'bid': 0.99815, 'high': 0.99871, 'low': 0.99422, 'askVolume': 4500000, 'bidVolume': 5000000, 'timestamp': 1662103526759, 'level': 4, 'quoteId': 5, 'spreadTable': 5.4, 'spreadRaw': 0.00054}}
Stream received: {'command': 'tickPrices', 'data': {'symbol': 'EURUSD', 'ask': 0.99869, 'bid': 0.99815, 'high': 0.99871, 'low': 0.99422, 'askVolume': 4500000, 'bidVolume': 5000000, 'timestamp': 1662103526759, 'level': 4, 'quoteId': 5, 'spreadTable': 5.4, 'spreadRaw': 0.00054}}
Received: {'command': 'tickPrices', 'data': {'symbol': 'EURUSD', 'ask': 0.99848, 'bid': 0.99839, 'high': 0.99871, 'low': 0.99422, 'askVolume': 400000, 'bidVolume': 295000, 'timestamp': 1662103527299, 'level': 0, 'quoteId': 5, 'spreadTable': 0.9, 'spreadRaw': 9e-05}}
Stream received: {'command': 'tickPrices', 'data': {'symbol': 'EURUSD', 'ask': 0.99848, 'bid': 0.99839, 'high': 0.99871, 'low': 0.99422, 'askVolume': 400000, 'bidVolume': 295000, 'timestamp': 1662103527299, 'level': 0, 'quoteId': 5, 'spreadTable': 0.9, 'spreadRaw': 9e-05}}
Received: {'command': 'tickPrices', 'data': {'symbol': 'EURUSD', 'ask': 0.99851, 'bid': 0.99836, 'high': 0.99871, 'low': 0.99422, 'askVolume': 700000, 'bidVolume': 1000000, 'timestamp': 1662103527299, 'level': 1, 'quoteId': 5, 'spreadTable': 1.5, 'spreadRaw': 0.00015}}
Stream received: {'command': 'tickPrices', 'data': {'symbol': 'EURUSD', 'ask': 0.99851, 'bid': 0.99836, 'high': 0.99871, 'low': 0.99422, 'askVolume': 700000, 'bidVolume': 1000000, 'timestamp': 1662103527299, 'level': 1, 'quoteId': 5, 'spreadTable': 1.5, 'spreadRaw': 0.00015}}
Received: {'command': 'tickPrices', 'data': {'symbol': 'EURUSD', 'ask': 0.99853, 'bid': 0.99834, 'high': 0.99871, 'low': 0.99422, 'askVolume': 1200000, 'bidVolume': 900000, 'timestamp': 1662103527299, 'level': 2, 'quoteId': 5, 'spreadTable': 1.9, 'spreadRaw': 0.00019}}
Stream received: {'command': 'tickPrices', 'data': {'symbol': 'EURUSD', 'ask': 0.99853, 'bid': 0.99834, 'high': 0.99871, 'low': 0.99422, 'askVolume': 1200000, 'bidVolume': 900000, 'timestamp': 1662103527299, 'level': 2, 'quoteId': 5, 'spreadTable': 1.9, 'spreadRaw': 0.00019}}
Received: {'command': 'tickPrices', 'data': {'symbol': 'EURUSD', 'ask': 0.99859, 'bid': 0.99828, 'high': 0.99871, 'low': 0.99422, 'askVolume': 4000000, 'bidVolume': 4500000, 'timestamp': 1662103527299, 'level': 3, 'quoteId': 5, 'spreadTable': 3.1, 'spreadRaw': 0.00031}}
Stream received: {'command': 'tickPrices', 'data': {'symbol': 'EURUSD', 'ask': 0.99859, 'bid': 0.99828, 'high': 0.99871, 'low': 0.99422, 'askVolume': 4000000, 'bidVolume': 4500000, 'timestamp': 1662103527299, 'level': 3, 'quoteId': 5, 'spreadTable': 3.1, 'spreadRaw': 0.00031}}
Received: {'command': 'tickPrices', 'data': {'symbol': 'EURUSD', 'ask': 0.99867, 'bid': 0.9982, 'high': 0.99871, 'low': 0.99422, 'askVolume': 4000000, 'bidVolume': 5000000, 'timestamp': 1662103527299, 'level': 4, 'quoteId': 5, 'spreadTable': 4.7, 'spreadRaw': 0.00047}}
Stream received: {'command': 'tickPrices', 'data': {'symbol': 'EURUSD', 'ask': 0.99867, 'bid': 0.9982, 'high': 0.99871, 'low': 0.99422, 'askVolume': 4000000, 'bidVolume': 5000000, 'timestamp': 1662103527299, 'level': 4, 'quoteId': 5, 'spreadTable': 4.7, 'spreadRaw': 0.00047}}
Received: {'command': 'tickPrices', 'data': {'symbol': 'EURUSD', 'ask': 0.99842, 'bid': 0.99834, 'high': 0.99871, 'low': 0.99422, 'askVolume': 350000, 'bidVolume': 500000, 'timestamp': 1662103527634, 'level': 0, 'quoteId': 5, 'spreadTable': 0.8, 'spreadRaw': 8e-05}}
Stream received: {'command': 'tickPrices', 'data': {'symbol': 'EURUSD', 'ask': 0.99842, 'bid': 0.99834, 'high': 0.99871, 'low': 0.99422, 'askVolume': 350000, 'bidVolume': 500000, 'timestamp': 1662103527634, 'level': 0, 'quoteId': 5, 'spreadTable': 0.8, 'spreadRaw': 8e-05}}
Received: {'command': 'tickPrices', 'data': {'symbol': 'EURUSD', 'ask': 0.99843, 'bid': 0.99833, 'high': 0.99871, 'low': 0.99422, 'askVolume': 700000, 'bidVolume': 1000000, 'timestamp': 1662103527634, 'level': 1, 'quoteId': 5, 'spreadTable': 1.0, 'spreadRaw': 0.0001}}
Stream received: {'command': 'tickPrices', 'data': {'symbol': 'EURUSD', 'ask': 0.99843, 'bid': 0.99833, 'high': 0.99871, 'low': 0.99422, 'askVolume': 700000, 'bidVolume': 1000000, 'timestamp': 1662103527634, 'level': 1, 'quoteId': 5, 'spreadTable': 1.0, 'spreadRaw': 0.0001}}
Received: {'command': 'tickPrices', 'data': {'symbol': 'EURUSD', 'ask': 0.99846, 'bid': 0.9983, 'high': 0.99871, 'low': 0.99422, 'askVolume': 900000, 'bidVolume': 1000000, 'timestamp': 1662103527634, 'level': 2, 'quoteId': 5, 'spreadTable': 1.6, 'spreadRaw': 0.00016}}
Stream received: {'command': 'tickPrices', 'data': {'symbol': 'EURUSD', 'ask': 0.99846, 'bid': 0.9983, 'high': 0.99871, 'low': 0.99422, 'askVolume': 900000, 'bidVolume': 1000000, 'timestamp': 1662103527634, 'level': 2, 'quoteId': 5, 'spreadTable': 1.6, 'spreadRaw': 0.00016}}
Received: {'command': 'tickPrices', 'data': {'symbol': 'EURUSD', 'ask': 0.99853, 'bid': 0.99823, 'high': 0.99871, 'low': 0.99422, 'askVolume': 3500000, 'bidVolume': 4000000, 'timestamp': 1662103527634, 'level': 3, 'quoteId': 5, 'spreadTable': 3.0, 'spreadRaw': 0.0003}}
Stream received: {'command': 'tickPrices', 'data': {'symbol': 'EURUSD', 'ask': 0.99853, 'bid': 0.99823, 'high': 0.99871, 'low': 0.99422, 'askVolume': 3500000, 'bidVolume': 4000000, 'timestamp': 1662103527634, 'level': 3, 'quoteId': 5, 'spreadTable': 3.0, 'spreadRaw': 0.0003}}
Received: {'command': 'tickPrices', 'data': {'symbol': 'EURUSD', 'ask': 0.99863, 'bid': 0.99813, 'high': 0.99871, 'low': 0.99422, 'askVolume': 3500000, 'bidVolume': 3500000, 'timestamp': 1662103527634, 'level': 4, 'quoteId': 5, 'spreadTable': 5.0, 'spreadRaw': 0.0005}}
Stream received: {'command': 'tickPrices', 'data': {'symbol': 'EURUSD', 'ask': 0.99863, 'bid': 0.99813, 'high': 0.99871, 'low': 0.99422, 'askVolume': 3500000, 'bidVolume': 3500000, 'timestamp': 1662103527634, 'level': 4, 'quoteId': 5, 'spreadTable': 5.0, 'spreadRaw': 0.0005}}
Received: {'command': 'tickPrices', 'data': {'symbol': 'EURUSD', 'ask': 0.99844, 'bid': 0.99836, 'high': 0.99871, 'low': 0.99422, 'askVolume': 450000, 'bidVolume': 450000, 'timestamp': 1662103528523, 'level': 0, 'quoteId': 5, 'spreadTable': 0.8, 'spreadRaw': 8e-05}}
Stream received: {'command': 'tickPrices', 'data': {'symbol': 'EURUSD', 'ask': 0.99844, 'bid': 0.99836, 'high': 0.99871, 'low': 0.99422, 'askVolume': 450000, 'bidVolume': 450000, 'timestamp': 1662103528523, 'level': 0, 'quoteId': 5, 'spreadTable': 0.8, 'spreadRaw': 8e-05}}
Received: {'command': 'tickPrices', 'data': {'symbol': 'EURUSD', 'ask': 0.99847, 'bid': 0.99833, 'high': 0.99871, 'low': 0.99422, 'askVolume': 1000000, 'bidVolume': 1200000, 'timestamp': 1662103528523, 'level': 1, 'quoteId': 5, 'spreadTable': 1.4, 'spreadRaw': 0.00014}}
Stream received: {'command': 'tickPrices', 'data': {'symbol': 'EURUSD', 'ask': 0.99847, 'bid': 0.99833, 'high': 0.99871, 'low': 0.99422, 'askVolume': 1000000, 'bidVolume': 1200000, 'timestamp': 1662103528523, 'level': 1, 'quoteId': 5, 'spreadTable': 1.4, 'spreadRaw': 0.00014}}
Received: {'command': 'tickPrices', 'data': {'symbol': 'EURUSD', 'ask': 0.9985, 'bid': 0.9983, 'high': 0.99871, 'low': 0.99422, 'askVolume': 1000000, 'bidVolume': 1000000, 'timestamp': 1662103528523, 'level': 2, 'quoteId': 5, 'spreadTable': 2.0, 'spreadRaw': 0.0002}}
Stream received: {'command': 'tickPrices', 'data': {'symbol': 'EURUSD', 'ask': 0.9985, 'bid': 0.9983, 'high': 0.99871, 'low': 0.99422, 'askVolume': 1000000, 'bidVolume': 1000000, 'timestamp': 1662103528523, 'level': 2, 'quoteId': 5, 'spreadTable': 2.0, 'spreadRaw': 0.0002}}
Received: {'command': 'tickPrices', 'data': {'symbol': 'EURUSD', 'ask': 0.99856, 'bid': 0.99824, 'high': 0.99871, 'low': 0.99422, 'askVolume': 4000000, 'bidVolume': 5000000, 'timestamp': 1662103528523, 'level': 3, 'quoteId': 5, 'spreadTable': 3.2, 'spreadRaw': 0.00032}}
Stream received: {'command': 'tickPrices', 'data': {'symbol': 'EURUSD', 'ask': 0.99856, 'bid': 0.99824, 'high': 0.99871, 'low': 0.99422, 'askVolume': 4000000, 'bidVolume': 5000000, 'timestamp': 1662103528523, 'level': 3, 'quoteId': 5, 'spreadTable': 3.2, 'spreadRaw': 0.00032}}
Received: {'command': 'tickPrices', 'data': {'symbol': 'EURUSD', 'ask': 0.99864, 'bid': 0.99816, 'high': 0.99871, 'low': 0.99422, 'askVolume': 4000000, 'bidVolume': 3000000, 'timestamp': 1662103528523, 'level': 4, 'quoteId': 5, 'spreadTable': 4.8, 'spreadRaw': 0.00048}}
Stream received: {'command': 'tickPrices', 'data': {'symbol': 'EURUSD', 'ask': 0.99864, 'bid': 0.99816, 'high': 0.99871, 'low': 0.99422, 'askVolume': 4000000, 'bidVolume': 3000000, 'timestamp': 1662103528523, 'level': 4, 'quoteId': 5, 'spreadTable': 4.8, 'spreadRaw': 0.00048}}
Received: {'command': 'tickPrices', 'data': {'symbol': 'EURUSD', 'ask': 0.99846, 'bid': 0.99836, 'high': 0.99871, 'low': 0.99422, 'askVolume': 350000, 'bidVolume': 400000, 'timestamp': 1662103528880, 'level': 0, 'quoteId': 5, 'spreadTable': 1.0, 'spreadRaw': 0.0001}}
Stream received: {'command': 'tickPrices', 'data': {'symbol': 'EURUSD', 'ask': 0.99846, 'bid': 0.99836, 'high': 0.99871, 'low': 0.99422, 'askVolume': 350000, 'bidVolume': 400000, 'timestamp': 1662103528880, 'level': 0, 'quoteId': 5, 'spreadTable': 1.0, 'spreadRaw': 0.0001}}
Received: {'command': 'tickPrices', 'data': {'symbol': 'EURUSD', 'ask': 0.99849, 'bid': 0.99833, 'high': 0.99871, 'low': 0.99422, 'askVolume': 1000000, 'bidVolume': 1000000, 'timestamp': 1662103528880, 'level': 1, 'quoteId': 5, 'spreadTable': 1.6, 'spreadRaw': 0.00016}}
Stream received: {'command': 'tickPrices', 'data': {'symbol': 'EURUSD', 'ask': 0.99849, 'bid': 0.99833, 'high': 0.99871, 'low': 0.99422, 'askVolume': 1000000, 'bidVolume': 1000000, 'timestamp': 1662103528880, 'level': 1, 'quoteId': 5, 'spreadTable': 1.6, 'spreadRaw': 0.00016}}
Received: {'command': 'tickPrices', 'data': {'symbol': 'EURUSD', 'ask': 0.99851, 'bid': 0.99831, 'high': 0.99871, 'low': 0.99422, 'askVolume': 1000000, 'bidVolume': 1000000, 'timestamp': 1662103528880, 'level': 2, 'quoteId': 5, 'spreadTable': 2.0, 'spreadRaw': 0.0002}}
Stream received: {'command': 'tickPrices', 'data': {'symbol': 'EURUSD', 'ask': 0.99851, 'bid': 0.99831, 'high': 0.99871, 'low': 0.99422, 'askVolume': 1000000, 'bidVolume': 1000000, 'timestamp': 1662103528880, 'level': 2, 'quoteId': 5, 'spreadTable': 2.0, 'spreadRaw': 0.0002}}
Received: {'command': 'tickPrices', 'data': {'symbol': 'EURUSD', 'ask': 0.99859, 'bid': 0.99823, 'high': 0.99871, 'low': 0.99422, 'askVolume': 4500000, 'bidVolume': 4500000, 'timestamp': 1662103528880, 'level': 3, 'quoteId': 5, 'spreadTable': 3.6, 'spreadRaw': 0.00036}}
Stream received: {'command': 'tickPrices', 'data': {'symbol': 'EURUSD', 'ask': 0.99859, 'bid': 0.99823, 'high': 0.99871, 'low': 0.99422, 'askVolume': 4500000, 'bidVolume': 4500000, 'timestamp': 1662103528880, 'level': 3, 'quoteId': 5, 'spreadTable': 3.6, 'spreadRaw': 0.00036}}
Received: {'command': 'tickPrices', 'data': {'symbol': 'EURUSD', 'ask': 0.99867, 'bid': 0.99815, 'high': 0.99871, 'low': 0.99422, 'askVolume': 4500000, 'bidVolume': 4000000, 'timestamp': 1662103528880, 'level': 4, 'quoteId': 5, 'spreadTable': 5.2, 'spreadRaw': 0.00052}}
Stream received: {'command': 'tickPrices', 'data': {'symbol': 'EURUSD', 'ask': 0.99867, 'bid': 0.99815, 'high': 0.99871, 'low': 0.99422, 'askVolume': 4500000, 'bidVolume': 4000000, 'timestamp': 1662103528880, 'level': 4, 'quoteId': 5, 'spreadTable': 5.2, 'spreadRaw': 0.00052}}
Received: {'command': 'tickPrices', 'data': {'symbol': 'EURUSD', 'ask': 0.99846, 'bid': 0.99836, 'high': 0.99871, 'low': 0.99422, 'askVolume': 347000, 'bidVolume': 400000, 'timestamp': 1662103529184, 'level': 0, 'quoteId': 5, 'spreadTable': 1.0, 'spreadRaw': 0.0001}}
Stream received: {'command': 'tickPrices', 'data': {'symbol': 'EURUSD', 'ask': 0.99846, 'bid': 0.99836, 'high': 0.99871, 'low': 0.99422, 'askVolume': 347000, 'bidVolume': 400000, 'timestamp': 1662103529184, 'level': 0, 'quoteId': 5, 'spreadTable': 1.0, 'spreadRaw': 0.0001}}
Received: {'command': 'tickPrices', 'data': {'symbol': 'EURUSD', 'ask': 0.99849, 'bid': 0.99833, 'high': 0.99871, 'low': 0.99422, 'askVolume': 1000000, 'bidVolume': 1000000, 'timestamp': 1662103529184, 'level': 1, 'quoteId': 5, 'spreadTable': 1.6, 'spreadRaw': 0.00016}}
Stream received: {'command': 'tickPrices', 'data': {'symbol': 'EURUSD', 'ask': 0.99849, 'bid': 0.99833, 'high': 0.99871, 'low': 0.99422, 'askVolume': 1000000, 'bidVolume': 1000000, 'timestamp': 1662103529184, 'level': 1, 'quoteId': 5, 'spreadTable': 1.6, 'spreadRaw': 0.00016}}
Received: {'command': 'tickPrices', 'data': {'symbol': 'EURUSD', 'ask': 0.99851, 'bid': 0.99831, 'high': 0.99871, 'low': 0.99422, 'askVolume': 1000000, 'bidVolume': 1000000, 'timestamp': 1662103529184, 'level': 2, 'quoteId': 5, 'spreadTable': 2.0, 'spreadRaw': 0.0002}}
Stream received: {'command': 'tickPrices', 'data': {'symbol': 'EURUSD', 'ask': 0.99851, 'bid': 0.99831, 'high': 0.99871, 'low': 0.99422, 'askVolume': 1000000, 'bidVolume': 1000000, 'timestamp': 1662103529184, 'level': 2, 'quoteId': 5, 'spreadTable': 2.0, 'spreadRaw': 0.0002}}
Received: {'command': 'tickPrices', 'data': {'symbol': 'EURUSD', 'ask': 0.99859, 'bid': 0.99823, 'high': 0.99871, 'low': 0.99422, 'askVolume': 4500000, 'bidVolume': 4500000, 'timestamp': 1662103529184, 'level': 3, 'quoteId': 5, 'spreadTable': 3.6, 'spreadRaw': 0.00036}}
Stream received: {'command': 'tickPrices', 'data': {'symbol': 'EURUSD', 'ask': 0.99859, 'bid': 0.99823, 'high': 0.99871, 'low': 0.99422, 'askVolume': 4500000, 'bidVolume': 4500000, 'timestamp': 1662103529184, 'level': 3, 'quoteId': 5, 'spreadTable': 3.6, 'spreadRaw': 0.00036}}
Received: {'command': 'tickPrices', 'data': {'symbol': 'EURUSD', 'ask': 0.99867, 'bid': 0.99815, 'high': 0.99871, 'low': 0.99422, 'askVolume': 4500000, 'bidVolume': 4000000, 'timestamp': 1662103529184, 'level': 4, 'quoteId': 5, 'spreadTable': 5.2, 'spreadRaw': 0.00052}}
Stream received: {'command': 'tickPrices', 'data': {'symbol': 'EURUSD', 'ask': 0.99867, 'bid': 0.99815, 'high': 0.99871, 'low': 0.99422, 'askVolume': 4500000, 'bidVolume': 4000000, 'timestamp': 1662103529184, 'level': 4, 'quoteId': 5, 'spreadTable': 5.2, 'spreadRaw': 0.00052}}
Received: {'command': 'tickPrices', 'data': {'symbol': 'EURUSD', 'ask': 0.99842, 'bid': 0.99834, 'high': 0.99871, 'low': 0.99422, 'askVolume': 299000, 'bidVolume': 300000, 'timestamp': 1662103529416, 'level': 0, 'quoteId': 5, 'spreadTable': 0.8, 'spreadRaw': 8e-05}}
Stream received: {'command': 'tickPrices', 'data': {'symbol': 'EURUSD', 'ask': 0.99842, 'bid': 0.99834, 'high': 0.99871, 'low': 0.99422, 'askVolume': 299000, 'bidVolume': 300000, 'timestamp': 1662103529416, 'level': 0, 'quoteId': 5, 'spreadTable': 0.8, 'spreadRaw': 8e-05}}
Received: {'command': 'tickPrices', 'data': {'symbol': 'EURUSD', 'ask': 0.99844, 'bid': 0.99832, 'high': 0.99871, 'low': 0.99422, 'askVolume': 700000, 'bidVolume': 700000, 'timestamp': 1662103529416, 'level': 1, 'quoteId': 5, 'spreadTable': 1.2, 'spreadRaw': 0.00012}}
Stream received: {'command': 'tickPrices', 'data': {'symbol': 'EURUSD', 'ask': 0.99844, 'bid': 0.99832, 'high': 0.99871, 'low': 0.99422, 'askVolume': 700000, 'bidVolume': 700000, 'timestamp': 1662103529416, 'level': 1, 'quoteId': 5, 'spreadTable': 1.2, 'spreadRaw': 0.00012}}
Received: {'command': 'tickPrices', 'data': {'symbol': 'EURUSD', 'ask': 0.99847, 'bid': 0.99829, 'high': 0.99871, 'low': 0.99422, 'askVolume': 1000000, 'bidVolume': 900000, 'timestamp': 1662103529416, 'level': 2, 'quoteId': 5, 'spreadTable': 1.8, 'spreadRaw': 0.00018}}
Stream received: {'command': 'tickPrices', 'data': {'symbol': 'EURUSD', 'ask': 0.99847, 'bid': 0.99829, 'high': 0.99871, 'low': 0.99422, 'askVolume': 1000000, 'bidVolume': 900000, 'timestamp': 1662103529416, 'level': 2, 'quoteId': 5, 'spreadTable': 1.8, 'spreadRaw': 0.00018}}
Received: {'command': 'tickPrices', 'data': {'symbol': 'EURUSD', 'ask': 0.99855, 'bid': 0.99821, 'high': 0.99871, 'low': 0.99422, 'askVolume': 3500000, 'bidVolume': 3500000, 'timestamp': 1662103529416, 'level': 3, 'quoteId': 5, 'spreadTable': 3.4, 'spreadRaw': 0.00034}}
Stream received: {'command': 'tickPrices', 'data': {'symbol': 'EURUSD', 'ask': 0.99855, 'bid': 0.99821, 'high': 0.99871, 'low': 0.99422, 'askVolume': 3500000, 'bidVolume': 3500000, 'timestamp': 1662103529416, 'level': 3, 'quoteId': 5, 'spreadTable': 3.4, 'spreadRaw': 0.00034}}
Received: {'command': 'tickPrices', 'data': {'symbol': 'EURUSD', 'ask': 0.99864, 'bid': 0.99812, 'high': 0.99871, 'low': 0.99422, 'askVolume': 3500000, 'bidVolume': 4500000, 'timestamp': 1662103529416, 'level': 4, 'quoteId': 5, 'spreadTable': 5.2, 'spreadRaw': 0.00052}}
Stream received: {'command': 'tickPrices', 'data': {'symbol': 'EURUSD', 'ask': 0.99864, 'bid': 0.99812, 'high': 0.99871, 'low': 0.99422, 'askVolume': 3500000, 'bidVolume': 4500000, 'timestamp': 1662103529416, 'level': 4, 'quoteId': 5, 'spreadTable': 5.2, 'spreadRaw': 0.00052}}
Received: {'command': 'tickPrices', 'data': {'symbol': 'EURUSD', 'ask': 0.99843, 'bid': 0.99834, 'high': 0.99871, 'low': 0.99422, 'askVolume': 500000, 'bidVolume': 450000, 'timestamp': 1662103529980, 'level': 0, 'quoteId': 5, 'spreadTable': 0.9, 'spreadRaw': 9e-05}}
Stream received: {'command': 'tickPrices', 'data': {'symbol': 'EURUSD', 'ask': 0.99843, 'bid': 0.99834, 'high': 0.99871, 'low': 0.99422, 'askVolume': 500000, 'bidVolume': 450000, 'timestamp': 1662103529980, 'level': 0, 'quoteId': 5, 'spreadTable': 0.9, 'spreadRaw': 9e-05}}
Received: {'command': 'tickPrices', 'data': {'symbol': 'EURUSD', 'ask': 0.99846, 'bid': 0.99831, 'high': 0.99871, 'low': 0.99422, 'askVolume': 700000, 'bidVolume': 800000, 'timestamp': 1662103529980, 'level': 1, 'quoteId': 5, 'spreadTable': 1.5, 'spreadRaw': 0.00015}}
Stream received: {'command': 'tickPrices', 'data': {'symbol': 'EURUSD', 'ask': 0.99846, 'bid': 0.99831, 'high': 0.99871, 'low': 0.99422, 'askVolume': 700000, 'bidVolume': 800000, 'timestamp': 1662103529980, 'level': 1, 'quoteId': 5, 'spreadTable': 1.5, 'spreadRaw': 0.00015}}
Received: {'command': 'tickPrices', 'data': {'symbol': 'EURUSD', 'ask': 0.99848, 'bid': 0.99829, 'high': 0.99871, 'low': 0.99422, 'askVolume': 1100000, 'bidVolume': 1000000, 'timestamp': 1662103529980, 'level': 2, 'quoteId': 5, 'spreadTable': 1.9, 'spreadRaw': 0.00019}}
Stream received: {'command': 'tickPrices', 'data': {'symbol': 'EURUSD', 'ask': 0.99848, 'bid': 0.99829, 'high': 0.99871, 'low': 0.99422, 'askVolume': 1100000, 'bidVolume': 1000000, 'timestamp': 1662103529980, 'level': 2, 'quoteId': 5, 'spreadTable': 1.9, 'spreadRaw': 0.00019}}
Received: {'command': 'tickPrices', 'data': {'symbol': 'EURUSD', 'ask': 0.99855, 'bid': 0.99822, 'high': 0.99871, 'low': 0.99422, 'askVolume': 4500000, 'bidVolume': 3000000, 'timestamp': 1662103529980, 'level': 3, 'quoteId': 5, 'spreadTable': 3.3, 'spreadRaw': 0.00033}}
Stream received: {'command': 'tickPrices', 'data': {'symbol': 'EURUSD', 'ask': 0.99855, 'bid': 0.99822, 'high': 0.99871, 'low': 0.99422, 'askVolume': 4500000, 'bidVolume': 3000000, 'timestamp': 1662103529980, 'level': 3, 'quoteId': 5, 'spreadTable': 3.3, 'spreadRaw': 0.00033}}
Received: {'command': 'tickPrices', 'data': {'symbol': 'EURUSD', 'ask': 0.99864, 'bid': 0.99813, 'high': 0.99871, 'low': 0.99422, 'askVolume': 4000000, 'bidVolume': 4000000, 'timestamp': 1662103529980, 'level': 4, 'quoteId': 5, 'spreadTable': 5.1, 'spreadRaw': 0.00051}}
Stream received: {'command': 'tickPrices', 'data': {'symbol': 'EURUSD', 'ask': 0.99864, 'bid': 0.99813, 'high': 0.99871, 'low': 0.99422, 'askVolume': 4000000, 'bidVolume': 4000000, 'timestamp': 1662103529980, 'level': 4, 'quoteId': 5, 'spreadTable': 5.1, 'spreadRaw': 0.00051}}
Received: {'command': 'tickPrices', 'data': {'symbol': 'EURUSD', 'ask': 0.99843, 'bid': 0.99834, 'high': 0.99871, 'low': 0.99422, 'askVolume': 450000, 'bidVolume': 350000, 'timestamp': 1662103530294, 'level': 0, 'quoteId': 5, 'spreadTable': 0.9, 'spreadRaw': 9e-05}}
Stream received: {'command': 'tickPrices', 'data': {'symbol': 'EURUSD', 'ask': 0.99843, 'bid': 0.99834, 'high': 0.99871, 'low': 0.99422, 'askVolume': 450000, 'bidVolume': 350000, 'timestamp': 1662103530294, 'level': 0, 'quoteId': 5, 'spreadTable': 0.9, 'spreadRaw': 9e-05}}
Received: {'command': 'tickPrices', 'data': {'symbol': 'EURUSD', 'ask': 0.99844, 'bid': 0.99833, 'high': 0.99871, 'low': 0.99422, 'askVolume': 1000000, 'bidVolume': 1000000, 'timestamp': 1662103530294, 'level': 1, 'quoteId': 5, 'spreadTable': 1.1, 'spreadRaw': 0.00011}}
Stream received: {'command': 'tickPrices', 'data': {'symbol': 'EURUSD', 'ask': 0.99844, 'bid': 0.99833, 'high': 0.99871, 'low': 0.99422, 'askVolume': 1000000, 'bidVolume': 1000000, 'timestamp': 1662103530294, 'level': 1, 'quoteId': 5, 'spreadTable': 1.1, 'spreadRaw': 0.00011}}
Received: {'command': 'tickPrices', 'data': {'symbol': 'EURUSD', 'ask': 0.99846, 'bid': 0.99831, 'high': 0.99871, 'low': 0.99422, 'askVolume': 1000000, 'bidVolume': 1200000, 'timestamp': 1662103530294, 'level': 2, 'quoteId': 5, 'spreadTable': 1.5, 'spreadRaw': 0.00015}}
Stream received: {'command': 'tickPrices', 'data': {'symbol': 'EURUSD', 'ask': 0.99846, 'bid': 0.99831, 'high': 0.99871, 'low': 0.99422, 'askVolume': 1000000, 'bidVolume': 1200000, 'timestamp': 1662103530294, 'level': 2, 'quoteId': 5, 'spreadTable': 1.5, 'spreadRaw': 0.00015}}
Received: {'command': 'tickPrices', 'data': {'symbol': 'EURUSD', 'ask': 0.99853, 'bid': 0.99824, 'high': 0.99871, 'low': 0.99422, 'askVolume': 3000000, 'bidVolume': 3500000, 'timestamp': 1662103530294, 'level': 3, 'quoteId': 5, 'spreadTable': 2.9, 'spreadRaw': 0.00029}}
Stream received: {'command': 'tickPrices', 'data': {'symbol': 'EURUSD', 'ask': 0.99853, 'bid': 0.99824, 'high': 0.99871, 'low': 0.99422, 'askVolume': 3000000, 'bidVolume': 3500000, 'timestamp': 1662103530294, 'level': 3, 'quoteId': 5, 'spreadTable': 2.9, 'spreadRaw': 0.00029}}
Received: {'command': 'tickPrices', 'data': {'symbol': 'EURUSD', 'ask': 0.99862, 'bid': 0.99815, 'high': 0.99871, 'low': 0.99422, 'askVolume': 4000000, 'bidVolume': 3500000, 'timestamp': 1662103530294, 'level': 4, 'quoteId': 5, 'spreadTable': 4.7, 'spreadRaw': 0.00047}}
Stream received: {'command': 'tickPrices', 'data': {'symbol': 'EURUSD', 'ask': 0.99862, 'bid': 0.99815, 'high': 0.99871, 'low': 0.99422, 'askVolume': 4000000, 'bidVolume': 3500000, 'timestamp': 1662103530294, 'level': 4, 'quoteId': 5, 'spreadTable': 4.7, 'spreadRaw': 0.00047}}
Received: {'command': 'tickPrices', 'data': {'symbol': 'EURUSD', 'ask': 0.99842, 'bid': 0.99833, 'high': 0.99871, 'low': 0.99422, 'askVolume': 500000, 'bidVolume': 500000, 'timestamp': 1662103530586, 'level': 0, 'quoteId': 5, 'spreadTable': 0.9, 'spreadRaw': 9e-05}}
Stream received: {'command': 'tickPrices', 'data': {'symbol': 'EURUSD', 'ask': 0.99842, 'bid': 0.99833, 'high': 0.99871, 'low': 0.99422, 'askVolume': 500000, 'bidVolume': 500000, 'timestamp': 1662103530586, 'level': 0, 'quoteId': 5, 'spreadTable': 0.9, 'spreadRaw': 9e-05}}
Received: {'command': 'tickPrices', 'data': {'symbol': 'EURUSD', 'ask': 0.99844, 'bid': 0.99831, 'high': 0.99871, 'low': 0.99422, 'askVolume': 900000, 'bidVolume': 1200000, 'timestamp': 1662103530586, 'level': 1, 'quoteId': 5, 'spreadTable': 1.3, 'spreadRaw': 0.00013}}
Stream received: {'command': 'tickPrices', 'data': {'symbol': 'EURUSD', 'ask': 0.99844, 'bid': 0.99831, 'high': 0.99871, 'low': 0.99422, 'askVolume': 900000, 'bidVolume': 1200000, 'timestamp': 1662103530586, 'level': 1, 'quoteId': 5, 'spreadTable': 1.3, 'spreadRaw': 0.00013}}
Received: {'command': 'tickPrices', 'data': {'symbol': 'EURUSD', 'ask': 0.99847, 'bid': 0.99828, 'high': 0.99871, 'low': 0.99422, 'askVolume': 900000, 'bidVolume': 900000, 'timestamp': 1662103530586, 'level': 2, 'quoteId': 5, 'spreadTable': 1.9, 'spreadRaw': 0.00019}}
Stream received: {'command': 'tickPrices', 'data': {'symbol': 'EURUSD', 'ask': 0.99847, 'bid': 0.99828, 'high': 0.99871, 'low': 0.99422, 'askVolume': 900000, 'bidVolume': 900000, 'timestamp': 1662103530586, 'level': 2, 'quoteId': 5, 'spreadTable': 1.9, 'spreadRaw': 0.00019}}
Received: {'command': 'tickPrices', 'data': {'symbol': 'EURUSD', 'ask': 0.99855, 'bid': 0.9982, 'high': 0.99871, 'low': 0.99422, 'askVolume': 3500000, 'bidVolume': 4000000, 'timestamp': 1662103530586, 'level': 3, 'quoteId': 5, 'spreadTable': 3.5, 'spreadRaw': 0.00035}}
Stream received: {'command': 'tickPrices', 'data': {'symbol': 'EURUSD', 'ask': 0.99855, 'bid': 0.9982, 'high': 0.99871, 'low': 0.99422, 'askVolume': 3500000, 'bidVolume': 4000000, 'timestamp': 1662103530586, 'level': 3, 'quoteId': 5, 'spreadTable': 3.5, 'spreadRaw': 0.00035}}
Received: {'command': 'tickPrices', 'data': {'symbol': 'EURUSD', 'ask': 0.99863, 'bid': 0.99812, 'high': 0.99871, 'low': 0.99422, 'askVolume': 4000000, 'bidVolume': 5000000, 'timestamp': 1662103530586, 'level': 4, 'quoteId': 5, 'spreadTable': 5.1, 'spreadRaw': 0.00051}}
Stream received: {'command': 'tickPrices', 'data': {'symbol': 'EURUSD', 'ask': 0.99863, 'bid': 0.99812, 'high': 0.99871, 'low': 0.99422, 'askVolume': 4000000, 'bidVolume': 5000000, 'timestamp': 1662103530586, 'level': 4, 'quoteId': 5, 'spreadTable': 5.1, 'spreadRaw': 0.00051}}
Received: {'command': 'tickPrices', 'data': {'symbol': 'EURUSD', 'ask': 0.99843, 'bid': 0.99833, 'high': 0.99871, 'low': 0.99422, 'askVolume': 450000, 'bidVolume': 400000, 'timestamp': 1662103531051, 'level': 0, 'quoteId': 5, 'spreadTable': 1.0, 'spreadRaw': 0.0001}}
Stream received: {'command': 'tickPrices', 'data': {'symbol': 'EURUSD', 'ask': 0.99843, 'bid': 0.99833, 'high': 0.99871, 'low': 0.99422, 'askVolume': 450000, 'bidVolume': 400000, 'timestamp': 1662103531051, 'level': 0, 'quoteId': 5, 'spreadTable': 1.0, 'spreadRaw': 0.0001}}
Received: {'command': 'tickPrices', 'data': {'symbol': 'EURUSD', 'ask': 0.99844, 'bid': 0.99832, 'high': 0.99871, 'low': 0.99422, 'askVolume': 1000000, 'bidVolume': 1000000, 'timestamp': 1662103531051, 'level': 1, 'quoteId': 5, 'spreadTable': 1.2, 'spreadRaw': 0.00012}}
Stream received: {'command': 'tickPrices', 'data': {'symbol': 'EURUSD', 'ask': 0.99844, 'bid': 0.99832, 'high': 0.99871, 'low': 0.99422, 'askVolume': 1000000, 'bidVolume': 1000000, 'timestamp': 1662103531051, 'level': 1, 'quoteId': 5, 'spreadTable': 1.2, 'spreadRaw': 0.00012}}
Received: {'command': 'tickPrices', 'data': {'symbol': 'EURUSD', 'ask': 0.99846, 'bid': 0.9983, 'high': 0.99871, 'low': 0.99422, 'askVolume': 900000, 'bidVolume': 1100000, 'timestamp': 1662103531051, 'level': 2, 'quoteId': 5, 'spreadTable': 1.6, 'spreadRaw': 0.00016}}
Stream received: {'command': 'tickPrices', 'data': {'symbol': 'EURUSD', 'ask': 0.99846, 'bid': 0.9983, 'high': 0.99871, 'low': 0.99422, 'askVolume': 900000, 'bidVolume': 1100000, 'timestamp': 1662103531051, 'level': 2, 'quoteId': 5, 'spreadTable': 1.6, 'spreadRaw': 0.00016}}
Closing socket
Socket connected
Sent: b'{"command": "login", "arguments": {"userId": 13755569, "password": "Nad115el", "appName": ""}}'
Received: {'status': True, 'streamSessionId': 'e41f13fffecd98b0-000028e4-01413c6d-de3880c183e79fdc-67ab893b'}
{'status': True, 'streamSessionId': 'e41f13fffecd98b0-000028e4-01413c6d-de3880c183e79fdc-67ab893b'}
Socket connected
Sent: b'{"command": "getTickPrices", "symbol": "EURUSD", "streamSessionId": "e41f13fffecd98b0-000028e4-01413c6d-de3880c183e79fdc-67ab893b"}'
Received: {'command': 'tickPrices', 'data': {'symbol': 'EURUSD', 'ask': 0.99829, 'bid': 0.99821, 'high': 0.99871, 'low': 0.99422, 'askVolume': 450000, 'bidVolume': 450000, 'timestamp': 1662103569489, 'level': 0, 'quoteId': 5, 'spreadTable': 0.8, 'spreadRaw': 8e-05}}
Stream received: {'command': 'tickPrices', 'data': {'symbol': 'EURUSD', 'ask': 0.99829, 'bid': 0.99821, 'high': 0.99871, 'low': 0.99422, 'askVolume': 450000, 'bidVolume': 450000, 'timestamp': 1662103569489, 'level': 0, 'quoteId': 5, 'spreadTable': 0.8, 'spreadRaw': 8e-05}}
Received: {'command': 'tickPrices', 'data': {'symbol': 'EURUSD', 'ask': 0.9983, 'bid': 0.9982, 'high': 0.99871, 'low': 0.99422, 'askVolume': 1000000, 'bidVolume': 1000000, 'timestamp': 1662103569489, 'level': 1, 'quoteId': 5, 'spreadTable': 1.0, 'spreadRaw': 0.0001}}
Stream received: {'command': 'tickPrices', 'data': {'symbol': 'EURUSD', 'ask': 0.9983, 'bid': 0.9982, 'high': 0.99871, 'low': 0.99422, 'askVolume': 1000000, 'bidVolume': 1000000, 'timestamp': 1662103569489, 'level': 1, 'quoteId': 5, 'spreadTable': 1.0, 'spreadRaw': 0.0001}}
Received: {'command': 'tickPrices', 'data': {'symbol': 'EURUSD', 'ask': 0.99833, 'bid': 0.99817, 'high': 0.99871, 'low': 0.99422, 'askVolume': 1200000, 'bidVolume': 1000000, 'timestamp': 1662103569489, 'level': 2, 'quoteId': 5, 'spreadTable': 1.6, 'spreadRaw': 0.00016}}
Stream received: {'command': 'tickPrices', 'data': {'symbol': 'EURUSD', 'ask': 0.99833, 'bid': 0.99817, 'high': 0.99871, 'low': 0.99422, 'askVolume': 1200000, 'bidVolume': 1000000, 'timestamp': 1662103569489, 'level': 2, 'quoteId': 5, 'spreadTable': 1.6, 'spreadRaw': 0.00016}}
Received: {'command': 'tickPrices', 'data': {'symbol': 'EURUSD', 'ask': 0.99841, 'bid': 0.99809, 'high': 0.99871, 'low': 0.99422, 'askVolume': 3500000, 'bidVolume': 5000000, 'timestamp': 1662103569489, 'level': 3, 'quoteId': 5, 'spreadTable': 3.2, 'spreadRaw': 0.00032}}
Stream received: {'command': 'tickPrices', 'data': {'symbol': 'EURUSD', 'ask': 0.99841, 'bid': 0.99809, 'high': 0.99871, 'low': 0.99422, 'askVolume': 3500000, 'bidVolume': 5000000, 'timestamp': 1662103569489, 'level': 3, 'quoteId': 5, 'spreadTable': 3.2, 'spreadRaw': 0.00032}}
Received: {'command': 'tickPrices', 'data': {'symbol': 'EURUSD', 'ask': 0.99849, 'bid': 0.99801, 'high': 0.99871, 'low': 0.99422, 'askVolume': 3000000, 'bidVolume': 3000000, 'timestamp': 1662103569489, 'level': 4, 'quoteId': 5, 'spreadTable': 4.8, 'spreadRaw': 0.00048}}
Stream received: {'command': 'tickPrices', 'data': {'symbol': 'EURUSD', 'ask': 0.99849, 'bid': 0.99801, 'high': 0.99871, 'low': 0.99422, 'askVolume': 3000000, 'bidVolume': 3000000, 'timestamp': 1662103569489, 'level': 4, 'quoteId': 5, 'spreadTable': 4.8, 'spreadRaw': 0.00048}}
Received: {'command': 'tickPrices', 'data': {'symbol': 'EURUSD', 'ask': 0.99828, 'bid': 0.99819, 'high': 0.99871, 'low': 0.99422, 'askVolume': 400000, 'bidVolume': 349000, 'timestamp': 1662103570097, 'level': 0, 'quoteId': 5, 'spreadTable': 0.9, 'spreadRaw': 9e-05}}
Stream received: {'command': 'tickPrices', 'data': {'symbol': 'EURUSD', 'ask': 0.99828, 'bid': 0.99819, 'high': 0.99871, 'low': 0.99422, 'askVolume': 400000, 'bidVolume': 349000, 'timestamp': 1662103570097, 'level': 0, 'quoteId': 5, 'spreadTable': 0.9, 'spreadRaw': 9e-05}}
Received: {'command': 'tickPrices', 'data': {'symbol': 'EURUSD', 'ask': 0.99831, 'bid': 0.99816, 'high': 0.99871, 'low': 0.99422, 'askVolume': 1000000, 'bidVolume': 1000000, 'timestamp': 1662103570097, 'level': 1, 'quoteId': 5, 'spreadTable': 1.5, 'spreadRaw': 0.00015}}
Stream received: {'command': 'tickPrices', 'data': {'symbol': 'EURUSD', 'ask': 0.99831, 'bid': 0.99816, 'high': 0.99871, 'low': 0.99422, 'askVolume': 1000000, 'bidVolume': 1000000, 'timestamp': 1662103570097, 'level': 1, 'quoteId': 5, 'spreadTable': 1.5, 'spreadRaw': 0.00015}}
Received: {'command': 'tickPrices', 'data': {'symbol': 'EURUSD', 'ask': 0.99833, 'bid': 0.99814, 'high': 0.99871, 'low': 0.99422, 'askVolume': 900000, 'bidVolume': 900000, 'timestamp': 1662103570097, 'level': 2, 'quoteId': 5, 'spreadTable': 1.9, 'spreadRaw': 0.00019}}
Stream received: {'command': 'tickPrices', 'data': {'symbol': 'EURUSD', 'ask': 0.99833, 'bid': 0.99814, 'high': 0.99871, 'low': 0.99422, 'askVolume': 900000, 'bidVolume': 900000, 'timestamp': 1662103570097, 'level': 2, 'quoteId': 5, 'spreadTable': 1.9, 'spreadRaw': 0.00019}}
Received: {'command': 'tickPrices', 'data': {'symbol': 'EURUSD', 'ask': 0.99841, 'bid': 0.99806, 'high': 0.99871, 'low': 0.99422, 'askVolume': 3500000, 'bidVolume': 5000000, 'timestamp': 1662103570097, 'level': 3, 'quoteId': 5, 'spreadTable': 3.5, 'spreadRaw': 0.00035}}
Stream received: {'command': 'tickPrices', 'data': {'symbol': 'EURUSD', 'ask': 0.99841, 'bid': 0.99806, 'high': 0.99871, 'low': 0.99422, 'askVolume': 3500000, 'bidVolume': 5000000, 'timestamp': 1662103570097, 'level': 3, 'quoteId': 5, 'spreadTable': 3.5, 'spreadRaw': 0.00035}}
Received: {'command': 'tickPrices', 'data': {'symbol': 'EURUSD', 'ask': 0.99849, 'bid': 0.99798, 'high': 0.99871, 'low': 0.99422, 'askVolume': 4000000, 'bidVolume': 4000000, 'timestamp': 1662103570097, 'level': 4, 'quoteId': 5, 'spreadTable': 5.1, 'spreadRaw': 0.00051}}
Stream received: {'command': 'tickPrices', 'data': {'symbol': 'EURUSD', 'ask': 0.99849, 'bid': 0.99798, 'high': 0.99871, 'low': 0.99422, 'askVolume': 4000000, 'bidVolume': 4000000, 'timestamp': 1662103570097, 'level': 4, 'quoteId': 5, 'spreadTable': 5.1, 'spreadRaw': 0.00051}}
Received: {'command': 'tickPrices', 'data': {'symbol': 'EURUSD', 'ask': 0.9983, 'bid': 0.99821, 'high': 0.99871, 'low': 0.99422, 'askVolume': 349000, 'bidVolume': 300000, 'timestamp': 1662103570932, 'level': 0, 'quoteId': 5, 'spreadTable': 0.9, 'spreadRaw': 9e-05}}
Stream received: {'command': 'tickPrices', 'data': {'symbol': 'EURUSD', 'ask': 0.9983, 'bid': 0.99821, 'high': 0.99871, 'low': 0.99422, 'askVolume': 349000, 'bidVolume': 300000, 'timestamp': 1662103570932, 'level': 0, 'quoteId': 5, 'spreadTable': 0.9, 'spreadRaw': 9e-05}}
Received: {'command': 'tickPrices', 'data': {'symbol': 'EURUSD', 'ask': 0.99832, 'bid': 0.99819, 'high': 0.99871, 'low': 0.99422, 'askVolume': 800000, 'bidVolume': 1000000, 'timestamp': 1662103570932, 'level': 1, 'quoteId': 5, 'spreadTable': 1.3, 'spreadRaw': 0.00013}}
Stream received: {'command': 'tickPrices', 'data': {'symbol': 'EURUSD', 'ask': 0.99832, 'bid': 0.99819, 'high': 0.99871, 'low': 0.99422, 'askVolume': 800000, 'bidVolume': 1000000, 'timestamp': 1662103570932, 'level': 1, 'quoteId': 5, 'spreadTable': 1.3, 'spreadRaw': 0.00013}}
Received: {'command': 'tickPrices', 'data': {'symbol': 'EURUSD', 'ask': 0.99835, 'bid': 0.99816, 'high': 0.99871, 'low': 0.99422, 'askVolume': 1000000, 'bidVolume': 1000000, 'timestamp': 1662103570932, 'level': 2, 'quoteId': 5, 'spreadTable': 1.9, 'spreadRaw': 0.00019}}
Stream received: {'command': 'tickPrices', 'data': {'symbol': 'EURUSD', 'ask': 0.99835, 'bid': 0.99816, 'high': 0.99871, 'low': 0.99422, 'askVolume': 1000000, 'bidVolume': 1000000, 'timestamp': 1662103570932, 'level': 2, 'quoteId': 5, 'spreadTable': 1.9, 'spreadRaw': 0.00019}}
Closing socket
Socket connected
Sent: b'{"command": "login", "arguments": {"userId": 13755569, "password": "", "appName": ""}}'
Received: {'status': False, 'errorCode': 'BE005', 'errorDescr': 'Password is blank'}
{'status': False, 'errorCode': 'BE005', 'errorDescr': 'Password is blank'}
Socket connected
Sent: b'{"command": "login", "arguments": {"userId": 13755569, "password": "Nad115el", "appName": ""}}'
Received: {'status': True, 'streamSessionId': 'e41f13fffecd98b0-000028e4-01414df5-22982727d2ef51aa-c74f62da'}
{'status': True, 'streamSessionId': 'e41f13fffecd98b0-000028e4-01414df5-22982727d2ef51aa-c74f62da'}
Socket connected
Sent: b'{"command": "getTickPrices", "symbol": "EURUSD", "streamSessionId": "e41f13fffecd98b0-000028e4-01414df5-22982727d2ef51aa-c74f62da"}'
Closing socket
Socket connected
Sent: b'{"command": "login", "arguments": {"userId": 13755569, "password": "Nad115el", "appName": ""}}'
Received: {'status': True, 'streamSessionId': 'e41f13fffecd98b0-000028e4-01414e7f-719c8b74e2ef913a-c08aa662'}
{'status': True, 'streamSessionId': 'e41f13fffecd98b0-000028e4-01414e7f-719c8b74e2ef913a-c08aa662'}
Socket connected
Sent: b'{"command": "getTickPrices", "symbol": "EURUSD", "streamSessionId": "e41f13fffecd98b0-000028e4-01414e7f-719c8b74e2ef913a-c08aa662"}'
Received: {'command': 'tickPrices', 'data': {'symbol': 'EURUSD', 'ask': 0.9989, 'bid': 0.9988, 'high': 0.99905, 'low': 0.99422, 'askVolume': 447000, 'bidVolume': 450000, 'timestamp': 1662104083333, 'level': 0, 'quoteId': 5, 'spreadTable': 1.0, 'spreadRaw': 0.0001}}
Stream received: {'command': 'tickPrices', 'data': {'symbol': 'EURUSD', 'ask': 0.9989, 'bid': 0.9988, 'high': 0.99905, 'low': 0.99422, 'askVolume': 447000, 'bidVolume': 450000, 'timestamp': 1662104083333, 'level': 0, 'quoteId': 5, 'spreadTable': 1.0, 'spreadRaw': 0.0001}}
Received: {'command': 'tickPrices', 'data': {'symbol': 'EURUSD', 'ask': 0.99891, 'bid': 0.99879, 'high': 0.99905, 'low': 0.99422, 'askVolume': 1000000, 'bidVolume': 1000000, 'timestamp': 1662104083333, 'level': 1, 'quoteId': 5, 'spreadTable': 1.2, 'spreadRaw': 0.00012}}
Stream received: {'command': 'tickPrices', 'data': {'symbol': 'EURUSD', 'ask': 0.99891, 'bid': 0.99879, 'high': 0.99905, 'low': 0.99422, 'askVolume': 1000000, 'bidVolume': 1000000, 'timestamp': 1662104083333, 'level': 1, 'quoteId': 5, 'spreadTable': 1.2, 'spreadRaw': 0.00012}}
Received: {'command': 'tickPrices', 'data': {'symbol': 'EURUSD', 'ask': 0.99893, 'bid': 0.99877, 'high': 0.99905, 'low': 0.99422, 'askVolume': 900000, 'bidVolume': 1000000, 'timestamp': 1662104083333, 'level': 2, 'quoteId': 5, 'spreadTable': 1.6, 'spreadRaw': 0.00016}}
Stream received: {'command': 'tickPrices', 'data': {'symbol': 'EURUSD', 'ask': 0.99893, 'bid': 0.99877, 'high': 0.99905, 'low': 0.99422, 'askVolume': 900000, 'bidVolume': 1000000, 'timestamp': 1662104083333, 'level': 2, 'quoteId': 5, 'spreadTable': 1.6, 'spreadRaw': 0.00016}}
Received: {'command': 'tickPrices', 'data': {'symbol': 'EURUSD', 'ask': 0.999, 'bid': 0.9987, 'high': 0.99905, 'low': 0.99422, 'askVolume': 3500000, 'bidVolume': 3500000, 'timestamp': 1662104083333, 'level': 3, 'quoteId': 5, 'spreadTable': 3.0, 'spreadRaw': 0.0003}}
Stream received: {'command': 'tickPrices', 'data': {'symbol': 'EURUSD', 'ask': 0.999, 'bid': 0.9987, 'high': 0.99905, 'low': 0.99422, 'askVolume': 3500000, 'bidVolume': 3500000, 'timestamp': 1662104083333, 'level': 3, 'quoteId': 5, 'spreadTable': 3.0, 'spreadRaw': 0.0003}}
Received: {'command': 'tickPrices', 'data': {'symbol': 'EURUSD', 'ask': 0.99909, 'bid': 0.99861, 'high': 0.99905, 'low': 0.99422, 'askVolume': 4000000, 'bidVolume': 4000000, 'timestamp': 1662104083333, 'level': 4, 'quoteId': 5, 'spreadTable': 4.8, 'spreadRaw': 0.00048}}
Stream received: {'command': 'tickPrices', 'data': {'symbol': 'EURUSD', 'ask': 0.99909, 'bid': 0.99861, 'high': 0.99905, 'low': 0.99422, 'askVolume': 4000000, 'bidVolume': 4000000, 'timestamp': 1662104083333, 'level': 4, 'quoteId': 5, 'spreadTable': 4.8, 'spreadRaw': 0.00048}}
Received: {'command': 'tickPrices', 'data': {'symbol': 'EURUSD', 'ask': 0.99884, 'bid': 0.99875, 'high': 0.99905, 'low': 0.99422, 'askVolume': 500000, 'bidVolume': 444000, 'timestamp': 1662104083592, 'level': 0, 'quoteId': 5, 'spreadTable': 0.9, 'spreadRaw': 9e-05}}
Stream received: {'command': 'tickPrices', 'data': {'symbol': 'EURUSD', 'ask': 0.99884, 'bid': 0.99875, 'high': 0.99905, 'low': 0.99422, 'askVolume': 500000, 'bidVolume': 444000, 'timestamp': 1662104083592, 'level': 0, 'quoteId': 5, 'spreadTable': 0.9, 'spreadRaw': 9e-05}}
Closing socket
Socket connected
Sent: b'{"command": "login", "arguments": {"userId": 13755569, "password": "Nad115el", "appName": ""}}'
Received: {'status': True, 'streamSessionId': 'e41f13fffecd98b0-000028e4-014150b7-019a74c01d2889f6-2c0aff0e'}
{'status': True, 'streamSessionId': 'e41f13fffecd98b0-000028e4-014150b7-019a74c01d2889f6-2c0aff0e'}
Socket connected
Sent: b'{"command": "getTickPrices", "symbol": "EURUSD", "streamSessionId": "e41f13fffecd98b0-000028e4-014150b7-019a74c01d2889f6-2c0aff0e"}'
Received: {'command': 'tickPrices', 'data': {'symbol': 'EURUSD', 'ask': 0.99877, 'bid': 0.99867, 'high': 0.99905, 'low': 0.99422, 'askVolume': 300000, 'bidVolume': 350000, 'timestamp': 1662104147861, 'level': 0, 'quoteId': 5, 'spreadTable': 1.0, 'spreadRaw': 0.0001}}
Stream received: {'command': 'tickPrices', 'data': {'symbol': 'EURUSD', 'ask': 0.99877, 'bid': 0.99867, 'high': 0.99905, 'low': 0.99422, 'askVolume': 300000, 'bidVolume': 350000, 'timestamp': 1662104147861, 'level': 0, 'quoteId': 5, 'spreadTable': 1.0, 'spreadRaw': 0.0001}}
Received: {'command': 'tickPrices', 'data': {'symbol': 'EURUSD', 'ask': 0.9988, 'bid': 0.99864, 'high': 0.99905, 'low': 0.99422, 'askVolume': 700000, 'bidVolume': 800000, 'timestamp': 1662104147861, 'level': 1, 'quoteId': 5, 'spreadTable': 1.6, 'spreadRaw': 0.00016}}
Stream received: {'command': 'tickPrices', 'data': {'symbol': 'EURUSD', 'ask': 0.9988, 'bid': 0.99864, 'high': 0.99905, 'low': 0.99422, 'askVolume': 700000, 'bidVolume': 800000, 'timestamp': 1662104147861, 'level': 1, 'quoteId': 5, 'spreadTable': 1.6, 'spreadRaw': 0.00016}}
Received: {'command': 'tickPrices', 'data': {'symbol': 'EURUSD', 'ask': 0.99883, 'bid': 0.99861, 'high': 0.99905, 'low': 0.99422, 'askVolume': 1000000, 'bidVolume': 1100000, 'timestamp': 1662104147861, 'level': 2, 'quoteId': 5, 'spreadTable': 2.2, 'spreadRaw': 0.00022}}
Stream received: {'command': 'tickPrices', 'data': {'symbol': 'EURUSD', 'ask': 0.99883, 'bid': 0.99861, 'high': 0.99905, 'low': 0.99422, 'askVolume': 1000000, 'bidVolume': 1100000, 'timestamp': 1662104147861, 'level': 2, 'quoteId': 5, 'spreadTable': 2.2, 'spreadRaw': 0.00022}}
Received: {'command': 'tickPrices', 'data': {'symbol': 'EURUSD', 'ask': 0.9989, 'bid': 0.99854, 'high': 0.99905, 'low': 0.99422, 'askVolume': 4000000, 'bidVolume': 3500000, 'timestamp': 1662104147861, 'level': 3, 'quoteId': 5, 'spreadTable': 3.6, 'spreadRaw': 0.00036}}
Stream received: {'command': 'tickPrices', 'data': {'symbol': 'EURUSD', 'ask': 0.9989, 'bid': 0.99854, 'high': 0.99905, 'low': 0.99422, 'askVolume': 4000000, 'bidVolume': 3500000, 'timestamp': 1662104147861, 'level': 3, 'quoteId': 5, 'spreadTable': 3.6, 'spreadRaw': 0.00036}}
Received: {'command': 'tickPrices', 'data': {'symbol': 'EURUSD', 'ask': 0.99898, 'bid': 0.99846, 'high': 0.99905, 'low': 0.99422, 'askVolume': 4000000, 'bidVolume': 4500000, 'timestamp': 1662104147861, 'level': 4, 'quoteId': 5, 'spreadTable': 5.2, 'spreadRaw': 0.00052}}
Stream received: {'command': 'tickPrices', 'data': {'symbol': 'EURUSD', 'ask': 0.99898, 'bid': 0.99846, 'high': 0.99905, 'low': 0.99422, 'askVolume': 4000000, 'bidVolume': 4500000, 'timestamp': 1662104147861, 'level': 4, 'quoteId': 5, 'spreadTable': 5.2, 'spreadRaw': 0.00052}}
Received: {'command': 'tickPrices', 'data': {'symbol': 'EURUSD', 'ask': 0.99875, 'bid': 0.99867, 'high': 0.99905, 'low': 0.99422, 'askVolume': 500000, 'bidVolume': 300000, 'timestamp': 1662104148192, 'level': 0, 'quoteId': 5, 'spreadTable': 0.8, 'spreadRaw': 8e-05}}
Stream received: {'command': 'tickPrices', 'data': {'symbol': 'EURUSD', 'ask': 0.99875, 'bid': 0.99867, 'high': 0.99905, 'low': 0.99422, 'askVolume': 500000, 'bidVolume': 300000, 'timestamp': 1662104148192, 'level': 0, 'quoteId': 5, 'spreadTable': 0.8, 'spreadRaw': 8e-05}}
Received: {'command': 'tickPrices', 'data': {'symbol': 'EURUSD', 'ask': 0.99878, 'bid': 0.99864, 'high': 0.99905, 'low': 0.99422, 'askVolume': 1200000, 'bidVolume': 1000000, 'timestamp': 1662104148192, 'level': 1, 'quoteId': 5, 'spreadTable': 1.4, 'spreadRaw': 0.00014}}
Stream received: {'command': 'tickPrices', 'data': {'symbol': 'EURUSD', 'ask': 0.99878, 'bid': 0.99864, 'high': 0.99905, 'low': 0.99422, 'askVolume': 1200000, 'bidVolume': 1000000, 'timestamp': 1662104148192, 'level': 1, 'quoteId': 5, 'spreadTable': 1.4, 'spreadRaw': 0.00014}}
Received: {'command': 'tickPrices', 'data': {'symbol': 'EURUSD', 'ask': 0.9988, 'bid': 0.99862, 'high': 0.99905, 'low': 0.99422, 'askVolume': 1000000, 'bidVolume': 1200000, 'timestamp': 1662104148192, 'level': 2, 'quoteId': 5, 'spreadTable': 1.8, 'spreadRaw': 0.00018}}
Stream received: {'command': 'tickPrices', 'data': {'symbol': 'EURUSD', 'ask': 0.9988, 'bid': 0.99862, 'high': 0.99905, 'low': 0.99422, 'askVolume': 1000000, 'bidVolume': 1200000, 'timestamp': 1662104148192, 'level': 2, 'quoteId': 5, 'spreadTable': 1.8, 'spreadRaw': 0.00018}}
Closing socket
Socket connected
Sent: b'{"command": "login", "arguments": {"userId": 13755569, "password": "Nad115el", "appName": ""}}'
Received: {'status': True, 'streamSessionId': 'e41f13fffecd98b0-000028e4-014153b6-8a25acc8a529c9c7-2fb2976a'}
{'status': True, 'streamSessionId': 'e41f13fffecd98b0-000028e4-014153b6-8a25acc8a529c9c7-2fb2976a'}
Socket connected
Sent: b'{"command": "getTickPrices", "symbol": "EURUSD", "streamSessionId": "e41f13fffecd98b0-000028e4-014153b6-8a25acc8a529c9c7-2fb2976a"}'
Socket connected
Sent: b'{"command": "login", "arguments": {"userId": 13755569, "password": "Nad115el", "appName": ""}}'
Received: {'status': True, 'streamSessionId': 'e41f13fffecd98b0-000028e4-01415453-f78ae52a052a19a1-3f0e6c81'}
{'status': True, 'streamSessionId': 'e41f13fffecd98b0-000028e4-01415453-f78ae52a052a19a1-3f0e6c81'}
Socket connected
Sent: b'{"command": "getTickPrices", "symbol": "EURUSD", "streamSessionId": "e41f13fffecd98b0-000028e4-01415453-f78ae52a052a19a1-3f0e6c81"}'
Received: {'command': 'tickPrices', 'data': {'symbol': 'EURUSD', 'ask': 0.99884, 'bid': 0.99874, 'high': 0.99905, 'low': 0.99422, 'askVolume': 350000, 'bidVolume': 350000, 'timestamp': 1662104250220, 'level': 0, 'quoteId': 5, 'spreadTable': 1.0, 'spreadRaw': 0.0001}}
Stream received: {'command': 'tickPrices', 'data': {'symbol': 'EURUSD', 'ask': 0.99884, 'bid': 0.99874, 'high': 0.99905, 'low': 0.99422, 'askVolume': 350000, 'bidVolume': 350000, 'timestamp': 1662104250220, 'level': 0, 'quoteId': 5, 'spreadTable': 1.0, 'spreadRaw': 0.0001}}
Received: {'command': 'tickPrices', 'data': {'symbol': 'EURUSD', 'ask': 0.99887, 'bid': 0.99871, 'high': 0.99905, 'low': 0.99422, 'askVolume': 900000, 'bidVolume': 800000, 'timestamp': 1662104250220, 'level': 1, 'quoteId': 5, 'spreadTable': 1.6, 'spreadRaw': 0.00016}}
Stream received: {'command': 'tickPrices', 'data': {'symbol': 'EURUSD', 'ask': 0.99887, 'bid': 0.99871, 'high': 0.99905, 'low': 0.99422, 'askVolume': 900000, 'bidVolume': 800000, 'timestamp': 1662104250220, 'level': 1, 'quoteId': 5, 'spreadTable': 1.6, 'spreadRaw': 0.00016}}
Received: {'command': 'tickPrices', 'data': {'symbol': 'EURUSD', 'ask': 0.99889, 'bid': 0.99869, 'high': 0.99905, 'low': 0.99422, 'askVolume': 900000, 'bidVolume': 1100000, 'timestamp': 1662104250220, 'level': 2, 'quoteId': 5, 'spreadTable': 2.0, 'spreadRaw': 0.0002}}
Stream received: {'command': 'tickPrices', 'data': {'symbol': 'EURUSD', 'ask': 0.99889, 'bid': 0.99869, 'high': 0.99905, 'low': 0.99422, 'askVolume': 900000, 'bidVolume': 1100000, 'timestamp': 1662104250220, 'level': 2, 'quoteId': 5, 'spreadTable': 2.0, 'spreadRaw': 0.0002}}
Received: {'command': 'tickPrices', 'data': {'symbol': 'EURUSD', 'ask': 0.99895, 'bid': 0.99863, 'high': 0.99905, 'low': 0.99422, 'askVolume': 3500000, 'bidVolume': 4500000, 'timestamp': 1662104250220, 'level': 3, 'quoteId': 5, 'spreadTable': 3.2, 'spreadRaw': 0.00032}}
Stream received: {'command': 'tickPrices', 'data': {'symbol': 'EURUSD', 'ask': 0.99895, 'bid': 0.99863, 'high': 0.99905, 'low': 0.99422, 'askVolume': 3500000, 'bidVolume': 4500000, 'timestamp': 1662104250220, 'level': 3, 'quoteId': 5, 'spreadTable': 3.2, 'spreadRaw': 0.00032}}
Received: {'command': 'tickPrices', 'data': {'symbol': 'EURUSD', 'ask': 0.99904, 'bid': 0.99854, 'high': 0.99905, 'low': 0.99422, 'askVolume': 5000000, 'bidVolume': 4500000, 'timestamp': 1662104250220, 'level': 4, 'quoteId': 5, 'spreadTable': 5.0, 'spreadRaw': 0.0005}}
Stream received: {'command': 'tickPrices', 'data': {'symbol': 'EURUSD', 'ask': 0.99904, 'bid': 0.99854, 'high': 0.99905, 'low': 0.99422, 'askVolume': 5000000, 'bidVolume': 4500000, 'timestamp': 1662104250220, 'level': 4, 'quoteId': 5, 'spreadTable': 5.0, 'spreadRaw': 0.0005}}
Received: {'command': 'tickPrices', 'data': {'symbol': 'EURUSD', 'ask': 0.99883, 'bid': 0.99875, 'high': 0.99905, 'low': 0.99422, 'askVolume': 300000, 'bidVolume': 500000, 'timestamp': 1662104251013, 'level': 0, 'quoteId': 5, 'spreadTable': 0.8, 'spreadRaw': 8e-05}}
Stream received: {'command': 'tickPrices', 'data': {'symbol': 'EURUSD', 'ask': 0.99883, 'bid': 0.99875, 'high': 0.99905, 'low': 0.99422, 'askVolume': 300000, 'bidVolume': 500000, 'timestamp': 1662104251013, 'level': 0, 'quoteId': 5, 'spreadTable': 0.8, 'spreadRaw': 8e-05}}
Socket connected
Sent: b'{"command": "login", "arguments": {"userId": 13755569, "password": "Nad115el", "appName": ""}}'
Received: {'status': True, 'streamSessionId': 'e41f13fffecd98b0-000028e4-014154f2-647f88f7392a6ecb-a67c49a3'}
{'status': True, 'streamSessionId': 'e41f13fffecd98b0-000028e4-014154f2-647f88f7392a6ecb-a67c49a3'}
Socket connected
Sent: b'{"command": "getTickPrices", "symbol": "EURUSD", "streamSessionId": "e41f13fffecd98b0-000028e4-014154f2-647f88f7392a6ecb-a67c49a3"}'
Socket connected
Sent: b'{"command": "login", "arguments": {"userId": 13755569, "password": "Nad115el", "appName": ""}}'
Received: {'status': True, 'streamSessionId': 'e41f13fffecd98b0-000028e4-014155b4-0dc01a75192ab62e-c048a2f4'}
{'status': True, 'streamSessionId': 'e41f13fffecd98b0-000028e4-014155b4-0dc01a75192ab62e-c048a2f4'}
Socket connected
Sent: b'{"command": "getTickPrices", "symbol": "EURUSD", "streamSessionId": "e41f13fffecd98b0-000028e4-014155b4-0dc01a75192ab62e-c048a2f4"}'
Received: {'command': 'tickPrices', 'data': {'symbol': 'EURUSD', 'ask': 0.99882, 'bid': 0.99873, 'high': 0.99905, 'low': 0.99422, 'askVolume': 350000, 'bidVolume': 400000, 'timestamp': 1662104289137, 'level': 0, 'quoteId': 5, 'spreadTable': 0.9, 'spreadRaw': 9e-05}}
Stream received: {'command': 'tickPrices', 'data': {'symbol': 'EURUSD', 'ask': 0.99882, 'bid': 0.99873, 'high': 0.99905, 'low': 0.99422, 'askVolume': 350000, 'bidVolume': 400000, 'timestamp': 1662104289137, 'level': 0, 'quoteId': 5, 'spreadTable': 0.9, 'spreadRaw': 9e-05}}
Received: {'command': 'tickPrices', 'data': {'symbol': 'EURUSD', 'ask': 0.99883, 'bid': 0.99872, 'high': 0.99905, 'low': 0.99422, 'askVolume': 1000000, 'bidVolume': 800000, 'timestamp': 1662104289137, 'level': 1, 'quoteId': 5, 'spreadTable': 1.1, 'spreadRaw': 0.00011}}
Stream received: {'command': 'tickPrices', 'data': {'symbol': 'EURUSD', 'ask': 0.99883, 'bid': 0.99872, 'high': 0.99905, 'low': 0.99422, 'askVolume': 1000000, 'bidVolume': 800000, 'timestamp': 1662104289137, 'level': 1, 'quoteId': 5, 'spreadTable': 1.1, 'spreadRaw': 0.00011}}
Received: {'command': 'tickPrices', 'data': {'symbol': 'EURUSD', 'ask': 0.99885, 'bid': 0.9987, 'high': 0.99905, 'low': 0.99422, 'askVolume': 1000000, 'bidVolume': 1000000, 'timestamp': 1662104289137, 'level': 2, 'quoteId': 5, 'spreadTable': 1.5, 'spreadRaw': 0.00015}}
Stream received: {'command': 'tickPrices', 'data': {'symbol': 'EURUSD', 'ask': 0.99885, 'bid': 0.9987, 'high': 0.99905, 'low': 0.99422, 'askVolume': 1000000, 'bidVolume': 1000000, 'timestamp': 1662104289137, 'level': 2, 'quoteId': 5, 'spreadTable': 1.5, 'spreadRaw': 0.00015}}
Received: {'command': 'tickPrices', 'data': {'symbol': 'EURUSD', 'ask': 0.99892, 'bid': 0.99863, 'high': 0.99905, 'low': 0.99422, 'askVolume': 5000000, 'bidVolume': 5000000, 'timestamp': 1662104289137, 'level': 3, 'quoteId': 5, 'spreadTable': 2.9, 'spreadRaw': 0.00029}}
Stream received: {'command': 'tickPrices', 'data': {'symbol': 'EURUSD', 'ask': 0.99892, 'bid': 0.99863, 'high': 0.99905, 'low': 0.99422, 'askVolume': 5000000, 'bidVolume': 5000000, 'timestamp': 1662104289137, 'level': 3, 'quoteId': 5, 'spreadTable': 2.9, 'spreadRaw': 0.00029}}
Received: {'command': 'tickPrices', 'data': {'symbol': 'EURUSD', 'ask': 0.99901, 'bid': 0.99854, 'high': 0.99905, 'low': 0.99422, 'askVolume': 4000000, 'bidVolume': 4000000, 'timestamp': 1662104289137, 'level': 4, 'quoteId': 5, 'spreadTable': 4.7, 'spreadRaw': 0.00047}}
Stream received: {'command': 'tickPrices', 'data': {'symbol': 'EURUSD', 'ask': 0.99901, 'bid': 0.99854, 'high': 0.99905, 'low': 0.99422, 'askVolume': 4000000, 'bidVolume': 4000000, 'timestamp': 1662104289137, 'level': 4, 'quoteId': 5, 'spreadTable': 4.7, 'spreadRaw': 0.00047}}
Received: {'command': 'tickPrices', 'data': {'symbol': 'EURUSD', 'ask': 0.99881, 'bid': 0.99873, 'high': 0.99905, 'low': 0.99422, 'askVolume': 400000, 'bidVolume': 500000, 'timestamp': 1662104289458, 'level': 0, 'quoteId': 5, 'spreadTable': 0.8, 'spreadRaw': 8e-05}}
Stream received: {'command': 'tickPrices', 'data': {'symbol': 'EURUSD', 'ask': 0.99881, 'bid': 0.99873, 'high': 0.99905, 'low': 0.99422, 'askVolume': 400000, 'bidVolume': 500000, 'timestamp': 1662104289458, 'level': 0, 'quoteId': 5, 'spreadTable': 0.8, 'spreadRaw': 8e-05}}
Received: {'command': 'tickPrices', 'data': {'symbol': 'EURUSD', 'ask': 0.99884, 'bid': 0.9987, 'high': 0.99905, 'low': 0.99422, 'askVolume': 900000, 'bidVolume': 1200000, 'timestamp': 1662104289458, 'level': 1, 'quoteId': 5, 'spreadTable': 1.4, 'spreadRaw': 0.00014}}
Stream received: {'command': 'tickPrices', 'data': {'symbol': 'EURUSD', 'ask': 0.99884, 'bid': 0.9987, 'high': 0.99905, 'low': 0.99422, 'askVolume': 900000, 'bidVolume': 1200000, 'timestamp': 1662104289458, 'level': 1, 'quoteId': 5, 'spreadTable': 1.4, 'spreadRaw': 0.00014}}
Received: {'command': 'tickPrices', 'data': {'symbol': 'EURUSD', 'ask': 0.99886, 'bid': 0.99868, 'high': 0.99905, 'low': 0.99422, 'askVolume': 1000000, 'bidVolume': 1000000, 'timestamp': 1662104289458, 'level': 2, 'quoteId': 5, 'spreadTable': 1.8, 'spreadRaw': 0.00018}}
Stream received: {'command': 'tickPrices', 'data': {'symbol': 'EURUSD', 'ask': 0.99886, 'bid': 0.99868, 'high': 0.99905, 'low': 0.99422, 'askVolume': 1000000, 'bidVolume': 1000000, 'timestamp': 1662104289458, 'level': 2, 'quoteId': 5, 'spreadTable': 1.8, 'spreadRaw': 0.00018}}
Received: {'command': 'tickPrices', 'data': {'symbol': 'EURUSD', 'ask': 0.99892, 'bid': 0.99862, 'high': 0.99905, 'low': 0.99422, 'askVolume': 4500000, 'bidVolume': 3500000, 'timestamp': 1662104289458, 'level': 3, 'quoteId': 5, 'spreadTable': 3.0, 'spreadRaw': 0.0003}}
Stream received: {'command': 'tickPrices', 'data': {'symbol': 'EURUSD', 'ask': 0.99892, 'bid': 0.99862, 'high': 0.99905, 'low': 0.99422, 'askVolume': 4500000, 'bidVolume': 3500000, 'timestamp': 1662104289458, 'level': 3, 'quoteId': 5, 'spreadTable': 3.0, 'spreadRaw': 0.0003}}
Received: {'command': 'tickPrices', 'data': {'symbol': 'EURUSD', 'ask': 0.999, 'bid': 0.99854, 'high': 0.99905, 'low': 0.99422, 'askVolume': 4000000, 'bidVolume': 3000000, 'timestamp': 1662104289458, 'level': 4, 'quoteId': 5, 'spreadTable': 4.6, 'spreadRaw': 0.00046}}
Stream received: {'command': 'tickPrices', 'data': {'symbol': 'EURUSD', 'ask': 0.999, 'bid': 0.99854, 'high': 0.99905, 'low': 0.99422, 'askVolume': 4000000, 'bidVolume': 3000000, 'timestamp': 1662104289458, 'level': 4, 'quoteId': 5, 'spreadTable': 4.6, 'spreadRaw': 0.00046}}
Received: {'command': 'tickPrices', 'data': {'symbol': 'EURUSD', 'ask': 0.99881, 'bid': 0.99871, 'high': 0.99905, 'low': 0.99422, 'askVolume': 350000, 'bidVolume': 350000, 'timestamp': 1662104289834, 'level': 0, 'quoteId': 5, 'spreadTable': 1.0, 'spreadRaw': 0.0001}}
Stream received: {'command': 'tickPrices', 'data': {'symbol': 'EURUSD', 'ask': 0.99881, 'bid': 0.99871, 'high': 0.99905, 'low': 0.99422, 'askVolume': 350000, 'bidVolume': 350000, 'timestamp': 1662104289834, 'level': 0, 'quoteId': 5, 'spreadTable': 1.0, 'spreadRaw': 0.0001}}
Received: {'command': 'tickPrices', 'data': {'symbol': 'EURUSD', 'ask': 0.99884, 'bid': 0.99868, 'high': 0.99905, 'low': 0.99422, 'askVolume': 1000000, 'bidVolume': 700000, 'timestamp': 1662104289834, 'level': 1, 'quoteId': 5, 'spreadTable': 1.6, 'spreadRaw': 0.00016}}
Stream received: {'command': 'tickPrices', 'data': {'symbol': 'EURUSD', 'ask': 0.99884, 'bid': 0.99868, 'high': 0.99905, 'low': 0.99422, 'askVolume': 1000000, 'bidVolume': 700000, 'timestamp': 1662104289834, 'level': 1, 'quoteId': 5, 'spreadTable': 1.6, 'spreadRaw': 0.00016}}
Received: {'command': 'tickPrices', 'data': {'symbol': 'EURUSD', 'ask': 0.99887, 'bid': 0.99865, 'high': 0.99905, 'low': 0.99422, 'askVolume': 900000, 'bidVolume': 1000000, 'timestamp': 1662104289834, 'level': 2, 'quoteId': 5, 'spreadTable': 2.2, 'spreadRaw': 0.00022}}
Stream received: {'command': 'tickPrices', 'data': {'symbol': 'EURUSD', 'ask': 0.99887, 'bid': 0.99865, 'high': 0.99905, 'low': 0.99422, 'askVolume': 900000, 'bidVolume': 1000000, 'timestamp': 1662104289834, 'level': 2, 'quoteId': 5, 'spreadTable': 2.2, 'spreadRaw': 0.00022}}
Received: {'command': 'tickPrices', 'data': {'symbol': 'EURUSD', 'ask': 0.99894, 'bid': 0.99858, 'high': 0.99905, 'low': 0.99422, 'askVolume': 3000000, 'bidVolume': 3000000, 'timestamp': 1662104289834, 'level': 3, 'quoteId': 5, 'spreadTable': 3.6, 'spreadRaw': 0.00036}}
Stream received: {'command': 'tickPrices', 'data': {'symbol': 'EURUSD', 'ask': 0.99894, 'bid': 0.99858, 'high': 0.99905, 'low': 0.99422, 'askVolume': 3000000, 'bidVolume': 3000000, 'timestamp': 1662104289834, 'level': 3, 'quoteId': 5, 'spreadTable': 3.6, 'spreadRaw': 0.00036}}
Received: {'command': 'tickPrices', 'data': {'symbol': 'EURUSD', 'ask': 0.99903, 'bid': 0.99849, 'high': 0.99905, 'low': 0.99422, 'askVolume': 3000000, 'bidVolume': 5000000, 'timestamp': 1662104289834, 'level': 4, 'quoteId': 5, 'spreadTable': 5.4, 'spreadRaw': 0.00054}}
Stream received: {'command': 'tickPrices', 'data': {'symbol': 'EURUSD', 'ask': 0.99903, 'bid': 0.99849, 'high': 0.99905, 'low': 0.99422, 'askVolume': 3000000, 'bidVolume': 5000000, 'timestamp': 1662104289834, 'level': 4, 'quoteId': 5, 'spreadTable': 5.4, 'spreadRaw': 0.00054}}
Closing socket
Socket connected
Sent: b'{"command": "login", "arguments": {"userId": 13755569, "password": "Nad115el", "appName": ""}}'
Received: {'status': True, 'streamSessionId': 'e41f13fffecd98b0-000028e4-01415842-ea8d2aa0612bd0f6-9b559260'}
{'status': True, 'streamSessionId': 'e41f13fffecd98b0-000028e4-01415842-ea8d2aa0612bd0f6-9b559260'}
Socket connected
Sent: b'{"command": "getTickPrices", "symbol": "EURUSD", "streamSessionId": "e41f13fffecd98b0-000028e4-01415842-ea8d2aa0612bd0f6-9b559260"}'
Received: {'command': 'tickPrices', 'data': {'symbol': 'EURUSD', 'ask': 0.999, 'bid': 0.99892, 'high': 0.99905, 'low': 0.99422, 'askVolume': 500000, 'bidVolume': 450000, 'timestamp': 1662104364215, 'level': 0, 'quoteId': 5, 'spreadTable': 0.8, 'spreadRaw': 8e-05}}
Stream received: {'command': 'tickPrices', 'data': {'symbol': 'EURUSD', 'ask': 0.999, 'bid': 0.99892, 'high': 0.99905, 'low': 0.99422, 'askVolume': 500000, 'bidVolume': 450000, 'timestamp': 1662104364215, 'level': 0, 'quoteId': 5, 'spreadTable': 0.8, 'spreadRaw': 8e-05}}
Received: {'command': 'tickPrices', 'data': {'symbol': 'EURUSD', 'ask': 0.99902, 'bid': 0.9989, 'high': 0.99905, 'low': 0.99422, 'askVolume': 800000, 'bidVolume': 1200000, 'timestamp': 1662104364215, 'level': 1, 'quoteId': 5, 'spreadTable': 1.2, 'spreadRaw': 0.00012}}
Stream received: {'command': 'tickPrices', 'data': {'symbol': 'EURUSD', 'ask': 0.99902, 'bid': 0.9989, 'high': 0.99905, 'low': 0.99422, 'askVolume': 800000, 'bidVolume': 1200000, 'timestamp': 1662104364215, 'level': 1, 'quoteId': 5, 'spreadTable': 1.2, 'spreadRaw': 0.00012}}
Received: {'command': 'tickPrices', 'data': {'symbol': 'EURUSD', 'ask': 0.99904, 'bid': 0.99888, 'high': 0.99905, 'low': 0.99422, 'askVolume': 1000000, 'bidVolume': 1000000, 'timestamp': 1662104364215, 'level': 2, 'quoteId': 5, 'spreadTable': 1.6, 'spreadRaw': 0.00016}}
Stream received: {'command': 'tickPrices', 'data': {'symbol': 'EURUSD', 'ask': 0.99904, 'bid': 0.99888, 'high': 0.99905, 'low': 0.99422, 'askVolume': 1000000, 'bidVolume': 1000000, 'timestamp': 1662104364215, 'level': 2, 'quoteId': 5, 'spreadTable': 1.6, 'spreadRaw': 0.00016}}
Received: {'command': 'tickPrices', 'data': {'symbol': 'EURUSD', 'ask': 0.99912, 'bid': 0.9988, 'high': 0.99905, 'low': 0.99422, 'askVolume': 4000000, 'bidVolume': 3500000, 'timestamp': 1662104364215, 'level': 3, 'quoteId': 5, 'spreadTable': 3.2, 'spreadRaw': 0.00032}}
Stream received: {'command': 'tickPrices', 'data': {'symbol': 'EURUSD', 'ask': 0.99912, 'bid': 0.9988, 'high': 0.99905, 'low': 0.99422, 'askVolume': 4000000, 'bidVolume': 3500000, 'timestamp': 1662104364215, 'level': 3, 'quoteId': 5, 'spreadTable': 3.2, 'spreadRaw': 0.00032}}
Received: {'command': 'tickPrices', 'data': {'symbol': 'EURUSD', 'ask': 0.9992, 'bid': 0.99872, 'high': 0.99905, 'low': 0.99422, 'askVolume': 3500000, 'bidVolume': 3500000, 'timestamp': 1662104364215, 'level': 4, 'quoteId': 5, 'spreadTable': 4.8, 'spreadRaw': 0.00048}}
Stream received: {'command': 'tickPrices', 'data': {'symbol': 'EURUSD', 'ask': 0.9992, 'bid': 0.99872, 'high': 0.99905, 'low': 0.99422, 'askVolume': 3500000, 'bidVolume': 3500000, 'timestamp': 1662104364215, 'level': 4, 'quoteId': 5, 'spreadTable': 4.8, 'spreadRaw': 0.00048}}
Received: {'command': 'tickPrices', 'data': {'symbol': 'EURUSD', 'ask': 0.99902, 'bid': 0.99893, 'high': 0.99905, 'low': 0.99422, 'askVolume': 400000, 'bidVolume': 350000, 'timestamp': 1662104364426, 'level': 0, 'quoteId': 5, 'spreadTable': 0.9, 'spreadRaw': 9e-05}}
Stream received: {'command': 'tickPrices', 'data': {'symbol': 'EURUSD', 'ask': 0.99902, 'bid': 0.99893, 'high': 0.99905, 'low': 0.99422, 'askVolume': 400000, 'bidVolume': 350000, 'timestamp': 1662104364426, 'level': 0, 'quoteId': 5, 'spreadTable': 0.9, 'spreadRaw': 9e-05}}
Received: {'command': 'tickPrices', 'data': {'symbol': 'EURUSD', 'ask': 0.99905, 'bid': 0.9989, 'high': 0.99905, 'low': 0.99422, 'askVolume': 900000, 'bidVolume': 1000000, 'timestamp': 1662104364426, 'level': 1, 'quoteId': 5, 'spreadTable': 1.5, 'spreadRaw': 0.00015}}
Stream received: {'command': 'tickPrices', 'data': {'symbol': 'EURUSD', 'ask': 0.99905, 'bid': 0.9989, 'high': 0.99905, 'low': 0.99422, 'askVolume': 900000, 'bidVolume': 1000000, 'timestamp': 1662104364426, 'level': 1, 'quoteId': 5, 'spreadTable': 1.5, 'spreadRaw': 0.00015}}
Received: {'command': 'tickPrices', 'data': {'symbol': 'EURUSD', 'ask': 0.99908, 'bid': 0.99887, 'high': 0.99905, 'low': 0.99422, 'askVolume': 1100000, 'bidVolume': 800000, 'timestamp': 1662104364426, 'level': 2, 'quoteId': 5, 'spreadTable': 2.1, 'spreadRaw': 0.00021}}
Stream received: {'command': 'tickPrices', 'data': {'symbol': 'EURUSD', 'ask': 0.99908, 'bid': 0.99887, 'high': 0.99905, 'low': 0.99422, 'askVolume': 1100000, 'bidVolume': 800000, 'timestamp': 1662104364426, 'level': 2, 'quoteId': 5, 'spreadTable': 2.1, 'spreadRaw': 0.00021}}
Closing socket
Socket connected
Sent: b'{"command": "login", "arguments": {"userId": 13755569, "password": "Nad115el", "appName": ""}}'
Received: {'status': True, 'streamSessionId': 'e41f13fffecd98b0-000028e4-014159a5-91d8ca563f2c7f19-eafd459b'}
{'status': True, 'streamSessionId': 'e41f13fffecd98b0-000028e4-014159a5-91d8ca563f2c7f19-eafd459b'}
Socket connected
Sent: b'{"command": "getTickPrices", "symbol": "EURUSD", "streamSessionId": "e41f13fffecd98b0-000028e4-014159a5-91d8ca563f2c7f19-eafd459b"}'
Received: {'command': 'tickPrices', 'data': {'symbol': 'EURUSD', 'ask': 0.99915, 'bid': 0.99903, 'high': 0.99915, 'low': 0.99422, 'askVolume': 300000, 'bidVolume': 400000, 'timestamp': 1662104407903, 'level': 0, 'quoteId': 5, 'spreadTable': 1.2, 'spreadRaw': 0.00012}}
Stream received: {'command': 'tickPrices', 'data': {'symbol': 'EURUSD', 'ask': 0.99915, 'bid': 0.99903, 'high': 0.99915, 'low': 0.99422, 'askVolume': 300000, 'bidVolume': 400000, 'timestamp': 1662104407903, 'level': 0, 'quoteId': 5, 'spreadTable': 1.2, 'spreadRaw': 0.00012}}
Received: {'command': 'tickPrices', 'data': {'symbol': 'EURUSD', 'ask': 0.99917, 'bid': 0.99901, 'high': 0.99915, 'low': 0.99422, 'askVolume': 1000000, 'bidVolume': 1000000, 'timestamp': 1662104407903, 'level': 1, 'quoteId': 5, 'spreadTable': 1.6, 'spreadRaw': 0.00016}}
Stream received: {'command': 'tickPrices', 'data': {'symbol': 'EURUSD', 'ask': 0.99917, 'bid': 0.99901, 'high': 0.99915, 'low': 0.99422, 'askVolume': 1000000, 'bidVolume': 1000000, 'timestamp': 1662104407903, 'level': 1, 'quoteId': 5, 'spreadTable': 1.6, 'spreadRaw': 0.00016}}
Received: {'command': 'tickPrices', 'data': {'symbol': 'EURUSD', 'ask': 0.9992, 'bid': 0.99898, 'high': 0.99915, 'low': 0.99422, 'askVolume': 1000000, 'bidVolume': 1100000, 'timestamp': 1662104407903, 'level': 2, 'quoteId': 5, 'spreadTable': 2.2, 'spreadRaw': 0.00022}}
Stream received: {'command': 'tickPrices', 'data': {'symbol': 'EURUSD', 'ask': 0.9992, 'bid': 0.99898, 'high': 0.99915, 'low': 0.99422, 'askVolume': 1000000, 'bidVolume': 1100000, 'timestamp': 1662104407903, 'level': 2, 'quoteId': 5, 'spreadTable': 2.2, 'spreadRaw': 0.00022}}
Received: {'command': 'tickPrices', 'data': {'symbol': 'EURUSD', 'ask': 0.99928, 'bid': 0.9989, 'high': 0.99915, 'low': 0.99422, 'askVolume': 3500000, 'bidVolume': 4500000, 'timestamp': 1662104407903, 'level': 3, 'quoteId': 5, 'spreadTable': 3.8, 'spreadRaw': 0.00038}}
Stream received: {'command': 'tickPrices', 'data': {'symbol': 'EURUSD', 'ask': 0.99928, 'bid': 0.9989, 'high': 0.99915, 'low': 0.99422, 'askVolume': 3500000, 'bidVolume': 4500000, 'timestamp': 1662104407903, 'level': 3, 'quoteId': 5, 'spreadTable': 3.8, 'spreadRaw': 0.00038}}
Received: {'command': 'tickPrices', 'data': {'symbol': 'EURUSD', 'ask': 0.99936, 'bid': 0.99882, 'high': 0.99915, 'low': 0.99422, 'askVolume': 4000000, 'bidVolume': 4000000, 'timestamp': 1662104407903, 'level': 4, 'quoteId': 5, 'spreadTable': 5.4, 'spreadRaw': 0.00054}}
Stream received: {'command': 'tickPrices', 'data': {'symbol': 'EURUSD', 'ask': 0.99936, 'bid': 0.99882, 'high': 0.99915, 'low': 0.99422, 'askVolume': 4000000, 'bidVolume': 4000000, 'timestamp': 1662104407903, 'level': 4, 'quoteId': 5, 'spreadTable': 5.4, 'spreadRaw': 0.00054}}
Received: {'command': 'tickPrices', 'data': {'symbol': 'EURUSD', 'ask': 0.99915, 'bid': 0.99904, 'high': 0.99915, 'low': 0.99422, 'askVolume': 350000, 'bidVolume': 350000, 'timestamp': 1662104408166, 'level': 0, 'quoteId': 5, 'spreadTable': 1.1, 'spreadRaw': 0.00011}}
Stream received: {'command': 'tickPrices', 'data': {'symbol': 'EURUSD', 'ask': 0.99915, 'bid': 0.99904, 'high': 0.99915, 'low': 0.99422, 'askVolume': 350000, 'bidVolume': 350000, 'timestamp': 1662104408166, 'level': 0, 'quoteId': 5, 'spreadTable': 1.1, 'spreadRaw': 0.00011}}
Received: {'command': 'tickPrices', 'data': {'symbol': 'EURUSD', 'ask': 0.99917, 'bid': 0.99902, 'high': 0.99915, 'low': 0.99422, 'askVolume': 1000000, 'bidVolume': 1000000, 'timestamp': 1662104408166, 'level': 1, 'quoteId': 5, 'spreadTable': 1.5, 'spreadRaw': 0.00015}}
Stream received: {'command': 'tickPrices', 'data': {'symbol': 'EURUSD', 'ask': 0.99917, 'bid': 0.99902, 'high': 0.99915, 'low': 0.99422, 'askVolume': 1000000, 'bidVolume': 1000000, 'timestamp': 1662104408166, 'level': 1, 'quoteId': 5, 'spreadTable': 1.5, 'spreadRaw': 0.00015}}
Received: {'command': 'tickPrices', 'data': {'symbol': 'EURUSD', 'ask': 0.9992, 'bid': 0.99899, 'high': 0.99915, 'low': 0.99422, 'askVolume': 900000, 'bidVolume': 1000000, 'timestamp': 1662104408166, 'level': 2, 'quoteId': 5, 'spreadTable': 2.1, 'spreadRaw': 0.00021}}
Stream received: {'command': 'tickPrices', 'data': {'symbol': 'EURUSD', 'ask': 0.9992, 'bid': 0.99899, 'high': 0.99915, 'low': 0.99422, 'askVolume': 900000, 'bidVolume': 1000000, 'timestamp': 1662104408166, 'level': 2, 'quoteId': 5, 'spreadTable': 2.1, 'spreadRaw': 0.00021}}
Received: {'command': 'tickPrices', 'data': {'symbol': 'EURUSD', 'ask': 0.99927, 'bid': 0.99892, 'high': 0.99915, 'low': 0.99422, 'askVolume': 3000000, 'bidVolume': 4000000, 'timestamp': 1662104408166, 'level': 3, 'quoteId': 5, 'spreadTable': 3.5, 'spreadRaw': 0.00035}}
Stream received: {'command': 'tickPrices', 'data': {'symbol': 'EURUSD', 'ask': 0.99927, 'bid': 0.99892, 'high': 0.99915, 'low': 0.99422, 'askVolume': 3000000, 'bidVolume': 4000000, 'timestamp': 1662104408166, 'level': 3, 'quoteId': 5, 'spreadTable': 3.5, 'spreadRaw': 0.00035}}
Received: {'command': 'tickPrices', 'data': {'symbol': 'EURUSD', 'ask': 0.99935, 'bid': 0.99884, 'high': 0.99915, 'low': 0.99422, 'askVolume': 4000000, 'bidVolume': 3500000, 'timestamp': 1662104408166, 'level': 4, 'quoteId': 5, 'spreadTable': 5.1, 'spreadRaw': 0.00051}}
Stream received: {'command': 'tickPrices', 'data': {'symbol': 'EURUSD', 'ask': 0.99935, 'bid': 0.99884, 'high': 0.99915, 'low': 0.99422, 'askVolume': 4000000, 'bidVolume': 3500000, 'timestamp': 1662104408166, 'level': 4, 'quoteId': 5, 'spreadTable': 5.1, 'spreadRaw': 0.00051}}
Received: {'command': 'tickPrices', 'data': {'symbol': 'EURUSD', 'ask': 0.99914, 'bid': 0.99904, 'high': 0.99915, 'low': 0.99422, 'askVolume': 350000, 'bidVolume': 300000, 'timestamp': 1662104408497, 'level': 0, 'quoteId': 5, 'spreadTable': 1.0, 'spreadRaw': 0.0001}}
Stream received: {'command': 'tickPrices', 'data': {'symbol': 'EURUSD', 'ask': 0.99914, 'bid': 0.99904, 'high': 0.99915, 'low': 0.99422, 'askVolume': 350000, 'bidVolume': 300000, 'timestamp': 1662104408497, 'level': 0, 'quoteId': 5, 'spreadTable': 1.0, 'spreadRaw': 0.0001}}
Received: {'command': 'tickPrices', 'data': {'symbol': 'EURUSD', 'ask': 0.99916, 'bid': 0.99902, 'high': 0.99915, 'low': 0.99422, 'askVolume': 1200000, 'bidVolume': 800000, 'timestamp': 1662104408497, 'level': 1, 'quoteId': 5, 'spreadTable': 1.4, 'spreadRaw': 0.00014}}
Stream received: {'command': 'tickPrices', 'data': {'symbol': 'EURUSD', 'ask': 0.99916, 'bid': 0.99902, 'high': 0.99915, 'low': 0.99422, 'askVolume': 1200000, 'bidVolume': 800000, 'timestamp': 1662104408497, 'level': 1, 'quoteId': 5, 'spreadTable': 1.4, 'spreadRaw': 0.00014}}
Received: {'command': 'tickPrices', 'data': {'symbol': 'EURUSD', 'ask': 0.99918, 'bid': 0.999, 'high': 0.99915, 'low': 0.99422, 'askVolume': 900000, 'bidVolume': 1100000, 'timestamp': 1662104408497, 'level': 2, 'quoteId': 5, 'spreadTable': 1.8, 'spreadRaw': 0.00018}}
Stream received: {'command': 'tickPrices', 'data': {'symbol': 'EURUSD', 'ask': 0.99918, 'bid': 0.999, 'high': 0.99915, 'low': 0.99422, 'askVolume': 900000, 'bidVolume': 1100000, 'timestamp': 1662104408497, 'level': 2, 'quoteId': 5, 'spreadTable': 1.8, 'spreadRaw': 0.00018}}
Received: {'command': 'tickPrices', 'data': {'symbol': 'EURUSD', 'ask': 0.99925, 'bid': 0.99893, 'high': 0.99915, 'low': 0.99422, 'askVolume': 3500000, 'bidVolume': 4000000, 'timestamp': 1662104408497, 'level': 3, 'quoteId': 5, 'spreadTable': 3.2, 'spreadRaw': 0.00032}}
Stream received: {'command': 'tickPrices', 'data': {'symbol': 'EURUSD', 'ask': 0.99925, 'bid': 0.99893, 'high': 0.99915, 'low': 0.99422, 'askVolume': 3500000, 'bidVolume': 4000000, 'timestamp': 1662104408497, 'level': 3, 'quoteId': 5, 'spreadTable': 3.2, 'spreadRaw': 0.00032}}
Received: {'command': 'tickPrices', 'data': {'symbol': 'EURUSD', 'ask': 0.99934, 'bid': 0.99884, 'high': 0.99915, 'low': 0.99422, 'askVolume': 5000000, 'bidVolume': 4500000, 'timestamp': 1662104408497, 'level': 4, 'quoteId': 5, 'spreadTable': 5.0, 'spreadRaw': 0.0005}}
Stream received: {'command': 'tickPrices', 'data': {'symbol': 'EURUSD', 'ask': 0.99934, 'bid': 0.99884, 'high': 0.99915, 'low': 0.99422, 'askVolume': 5000000, 'bidVolume': 4500000, 'timestamp': 1662104408497, 'level': 4, 'quoteId': 5, 'spreadTable': 5.0, 'spreadRaw': 0.0005}}
Received: {'command': 'tickPrices', 'data': {'symbol': 'EURUSD', 'ask': 0.99914, 'bid': 0.99903, 'high': 0.99915, 'low': 0.99422, 'askVolume': 449000, 'bidVolume': 300000, 'timestamp': 1662104409649, 'level': 0, 'quoteId': 5, 'spreadTable': 1.1, 'spreadRaw': 0.00011}}
Stream received: {'command': 'tickPrices', 'data': {'symbol': 'EURUSD', 'ask': 0.99914, 'bid': 0.99903, 'high': 0.99915, 'low': 0.99422, 'askVolume': 449000, 'bidVolume': 300000, 'timestamp': 1662104409649, 'level': 0, 'quoteId': 5, 'spreadTable': 1.1, 'spreadRaw': 0.00011}}
Received: {'command': 'tickPrices', 'data': {'symbol': 'EURUSD', 'ask': 0.99917, 'bid': 0.999, 'high': 0.99915, 'low': 0.99422, 'askVolume': 800000, 'bidVolume': 800000, 'timestamp': 1662104409649, 'level': 1, 'quoteId': 5, 'spreadTable': 1.7, 'spreadRaw': 0.00017}}
Stream received: {'command': 'tickPrices', 'data': {'symbol': 'EURUSD', 'ask': 0.99917, 'bid': 0.999, 'high': 0.99915, 'low': 0.99422, 'askVolume': 800000, 'bidVolume': 800000, 'timestamp': 1662104409649, 'level': 1, 'quoteId': 5, 'spreadTable': 1.7, 'spreadRaw': 0.00017}}
Received: {'command': 'tickPrices', 'data': {'symbol': 'EURUSD', 'ask': 0.9992, 'bid': 0.99897, 'high': 0.99915, 'low': 0.99422, 'askVolume': 1200000, 'bidVolume': 1000000, 'timestamp': 1662104409649, 'level': 2, 'quoteId': 5, 'spreadTable': 2.3, 'spreadRaw': 0.00023}}
Stream received: {'command': 'tickPrices', 'data': {'symbol': 'EURUSD', 'ask': 0.9992, 'bid': 0.99897, 'high': 0.99915, 'low': 0.99422, 'askVolume': 1200000, 'bidVolume': 1000000, 'timestamp': 1662104409649, 'level': 2, 'quoteId': 5, 'spreadTable': 2.3, 'spreadRaw': 0.00023}}
Closing socket
Socket connected
Sent: b'{"command": "login", "arguments": {"userId": 13755569, "password": "Nad115el", "appName": ""}}'
Received: {'status': True, 'streamSessionId': 'e41f13fffecd98b0-000028e4-01416039-55c6252b8b2f576b-dccb5af2'}
{'status': True, 'streamSessionId': 'e41f13fffecd98b0-000028e4-01416039-55c6252b8b2f576b-dccb5af2'}
Socket connected
Sent: b'{"command": "getTickPrices", "symbol": "EURUSD", "streamSessionId": "e41f13fffecd98b0-000028e4-01416039-55c6252b8b2f576b-dccb5af2"}'
Received: {'command': 'tickPrices', 'data': {'symbol': 'EURUSD', 'ask': 0.99942, 'bid': 0.99931, 'high': 0.99937, 'low': 0.99422, 'askVolume': 400000, 'bidVolume': 400000, 'timestamp': 1662104590151, 'level': 0, 'quoteId': 5, 'spreadTable': 1.1, 'spreadRaw': 0.00011}}
Stream received: {'command': 'tickPrices', 'data': {'symbol': 'EURUSD', 'ask': 0.99942, 'bid': 0.99931, 'high': 0.99937, 'low': 0.99422, 'askVolume': 400000, 'bidVolume': 400000, 'timestamp': 1662104590151, 'level': 0, 'quoteId': 5, 'spreadTable': 1.1, 'spreadRaw': 0.00011}}
Received: {'command': 'tickPrices', 'data': {'symbol': 'EURUSD', 'ask': 0.99945, 'bid': 0.99928, 'high': 0.99937, 'low': 0.99422, 'askVolume': 1000000, 'bidVolume': 1000000, 'timestamp': 1662104590151, 'level': 1, 'quoteId': 5, 'spreadTable': 1.7, 'spreadRaw': 0.00017}}
Stream received: {'command': 'tickPrices', 'data': {'symbol': 'EURUSD', 'ask': 0.99945, 'bid': 0.99928, 'high': 0.99937, 'low': 0.99422, 'askVolume': 1000000, 'bidVolume': 1000000, 'timestamp': 1662104590151, 'level': 1, 'quoteId': 5, 'spreadTable': 1.7, 'spreadRaw': 0.00017}}
Received: {'command': 'tickPrices', 'data': {'symbol': 'EURUSD', 'ask': 0.99948, 'bid': 0.99925, 'high': 0.99937, 'low': 0.99422, 'askVolume': 1000000, 'bidVolume': 1000000, 'timestamp': 1662104590151, 'level': 2, 'quoteId': 5, 'spreadTable': 2.3, 'spreadRaw': 0.00023}}
Stream received: {'command': 'tickPrices', 'data': {'symbol': 'EURUSD', 'ask': 0.99948, 'bid': 0.99925, 'high': 0.99937, 'low': 0.99422, 'askVolume': 1000000, 'bidVolume': 1000000, 'timestamp': 1662104590151, 'level': 2, 'quoteId': 5, 'spreadTable': 2.3, 'spreadRaw': 0.00023}}
Received: {'command': 'tickPrices', 'data': {'symbol': 'EURUSD', 'ask': 0.99955, 'bid': 0.99918, 'high': 0.99937, 'low': 0.99422, 'askVolume': 4500000, 'bidVolume': 3500000, 'timestamp': 1662104590151, 'level': 3, 'quoteId': 5, 'spreadTable': 3.7, 'spreadRaw': 0.00037}}
Stream received: {'command': 'tickPrices', 'data': {'symbol': 'EURUSD', 'ask': 0.99955, 'bid': 0.99918, 'high': 0.99937, 'low': 0.99422, 'askVolume': 4500000, 'bidVolume': 3500000, 'timestamp': 1662104590151, 'level': 3, 'quoteId': 5, 'spreadTable': 3.7, 'spreadRaw': 0.00037}}
Received: {'command': 'tickPrices', 'data': {'symbol': 'EURUSD', 'ask': 0.99963, 'bid': 0.9991, 'high': 0.99937, 'low': 0.99422, 'askVolume': 4000000, 'bidVolume': 3500000, 'timestamp': 1662104590151, 'level': 4, 'quoteId': 5, 'spreadTable': 5.3, 'spreadRaw': 0.00053}}
Stream received: {'command': 'tickPrices', 'data': {'symbol': 'EURUSD', 'ask': 0.99963, 'bid': 0.9991, 'high': 0.99937, 'low': 0.99422, 'askVolume': 4000000, 'bidVolume': 3500000, 'timestamp': 1662104590151, 'level': 4, 'quoteId': 5, 'spreadTable': 5.3, 'spreadRaw': 0.00053}}
Received: {'command': 'tickPrices', 'data': {'symbol': 'EURUSD', 'ask': 0.99942, 'bid': 0.99932, 'high': 0.99937, 'low': 0.99422, 'askVolume': 350000, 'bidVolume': 350000, 'timestamp': 1662104591674, 'level': 0, 'quoteId': 5, 'spreadTable': 1.0, 'spreadRaw': 0.0001}}
Stream received: {'command': 'tickPrices', 'data': {'symbol': 'EURUSD', 'ask': 0.99942, 'bid': 0.99932, 'high': 0.99937, 'low': 0.99422, 'askVolume': 350000, 'bidVolume': 350000, 'timestamp': 1662104591674, 'level': 0, 'quoteId': 5, 'spreadTable': 1.0, 'spreadRaw': 0.0001}}
Received: {'command': 'tickPrices', 'data': {'symbol': 'EURUSD', 'ask': 0.99945, 'bid': 0.99929, 'high': 0.99937, 'low': 0.99422, 'askVolume': 900000, 'bidVolume': 1000000, 'timestamp': 1662104591674, 'level': 1, 'quoteId': 5, 'spreadTable': 1.6, 'spreadRaw': 0.00016}}
Stream received: {'command': 'tickPrices', 'data': {'symbol': 'EURUSD', 'ask': 0.99945, 'bid': 0.99929, 'high': 0.99937, 'low': 0.99422, 'askVolume': 900000, 'bidVolume': 1000000, 'timestamp': 1662104591674, 'level': 1, 'quoteId': 5, 'spreadTable': 1.6, 'spreadRaw': 0.00016}}
Received: {'command': 'tickPrices', 'data': {'symbol': 'EURUSD', 'ask': 0.99948, 'bid': 0.99926, 'high': 0.99937, 'low': 0.99422, 'askVolume': 1000000, 'bidVolume': 1000000, 'timestamp': 1662104591674, 'level': 2, 'quoteId': 5, 'spreadTable': 2.2, 'spreadRaw': 0.00022}}
Stream received: {'command': 'tickPrices', 'data': {'symbol': 'EURUSD', 'ask': 0.99948, 'bid': 0.99926, 'high': 0.99937, 'low': 0.99422, 'askVolume': 1000000, 'bidVolume': 1000000, 'timestamp': 1662104591674, 'level': 2, 'quoteId': 5, 'spreadTable': 2.2, 'spreadRaw': 0.00022}}
Received: {'command': 'tickPrices', 'data': {'symbol': 'EURUSD', 'ask': 0.99956, 'bid': 0.99918, 'high': 0.99937, 'low': 0.99422, 'askVolume': 4000000, 'bidVolume': 4000000, 'timestamp': 1662104591674, 'level': 3, 'quoteId': 5, 'spreadTable': 3.8, 'spreadRaw': 0.00038}}
Stream received: {'command': 'tickPrices', 'data': {'symbol': 'EURUSD', 'ask': 0.99956, 'bid': 0.99918, 'high': 0.99937, 'low': 0.99422, 'askVolume': 4000000, 'bidVolume': 4000000, 'timestamp': 1662104591674, 'level': 3, 'quoteId': 5, 'spreadTable': 3.8, 'spreadRaw': 0.00038}}
Received: {'command': 'tickPrices', 'data': {'symbol': 'EURUSD', 'ask': 0.99966, 'bid': 0.99908, 'high': 0.99937, 'low': 0.99422, 'askVolume': 3000000, 'bidVolume': 4500000, 'timestamp': 1662104591674, 'level': 4, 'quoteId': 5, 'spreadTable': 5.8, 'spreadRaw': 0.00058}}
Stream received: {'command': 'tickPrices', 'data': {'symbol': 'EURUSD', 'ask': 0.99966, 'bid': 0.99908, 'high': 0.99937, 'low': 0.99422, 'askVolume': 3000000, 'bidVolume': 4500000, 'timestamp': 1662104591674, 'level': 4, 'quoteId': 5, 'spreadTable': 5.8, 'spreadRaw': 0.00058}}
Received: {'command': 'tickPrices', 'data': {'symbol': 'EURUSD', 'ask': 0.99952, 'bid': 0.99942, 'high': 0.99937, 'low': 0.99422, 'askVolume': 500000, 'bidVolume': 350000, 'timestamp': 1662104592100, 'level': 0, 'quoteId': 5, 'spreadTable': 1.0, 'spreadRaw': 0.0001}}
Stream received: {'command': 'tickPrices', 'data': {'symbol': 'EURUSD', 'ask': 0.99952, 'bid': 0.99942, 'high': 0.99937, 'low': 0.99422, 'askVolume': 500000, 'bidVolume': 350000, 'timestamp': 1662104592100, 'level': 0, 'quoteId': 5, 'spreadTable': 1.0, 'spreadRaw': 0.0001}}
Received: {'command': 'tickPrices', 'data': {'symbol': 'EURUSD', 'ask': 0.99953, 'bid': 0.99941, 'high': 0.99937, 'low': 0.99422, 'askVolume': 1200000, 'bidVolume': 1000000, 'timestamp': 1662104592100, 'level': 1, 'quoteId': 5, 'spreadTable': 1.2, 'spreadRaw': 0.00012}}
Stream received: {'command': 'tickPrices', 'data': {'symbol': 'EURUSD', 'ask': 0.99953, 'bid': 0.99941, 'high': 0.99937, 'low': 0.99422, 'askVolume': 1200000, 'bidVolume': 1000000, 'timestamp': 1662104592100, 'level': 1, 'quoteId': 5, 'spreadTable': 1.2, 'spreadRaw': 0.00012}}
Received: {'command': 'tickPrices', 'data': {'symbol': 'EURUSD', 'ask': 0.99955, 'bid': 0.99939, 'high': 0.99937, 'low': 0.99422, 'askVolume': 1000000, 'bidVolume': 1000000, 'timestamp': 1662104592100, 'level': 2, 'quoteId': 5, 'spreadTable': 1.6, 'spreadRaw': 0.00016}}
Stream received: {'command': 'tickPrices', 'data': {'symbol': 'EURUSD', 'ask': 0.99955, 'bid': 0.99939, 'high': 0.99937, 'low': 0.99422, 'askVolume': 1000000, 'bidVolume': 1000000, 'timestamp': 1662104592100, 'level': 2, 'quoteId': 5, 'spreadTable': 1.6, 'spreadRaw': 0.00016}}
Received: {'command': 'tickPrices', 'data': {'symbol': 'EURUSD', 'ask': 0.99963, 'bid': 0.99931, 'high': 0.99937, 'low': 0.99422, 'askVolume': 4500000, 'bidVolume': 4000000, 'timestamp': 1662104592100, 'level': 3, 'quoteId': 5, 'spreadTable': 3.2, 'spreadRaw': 0.00032}}
Stream received: {'command': 'tickPrices', 'data': {'symbol': 'EURUSD', 'ask': 0.99963, 'bid': 0.99931, 'high': 0.99937, 'low': 0.99422, 'askVolume': 4500000, 'bidVolume': 4000000, 'timestamp': 1662104592100, 'level': 3, 'quoteId': 5, 'spreadTable': 3.2, 'spreadRaw': 0.00032}}
Received: {'command': 'tickPrices', 'data': {'symbol': 'EURUSD', 'ask': 0.99971, 'bid': 0.99923, 'high': 0.99937, 'low': 0.99422, 'askVolume': 3000000, 'bidVolume': 4000000, 'timestamp': 1662104592100, 'level': 4, 'quoteId': 5, 'spreadTable': 4.8, 'spreadRaw': 0.00048}}
Stream received: {'command': 'tickPrices', 'data': {'symbol': 'EURUSD', 'ask': 0.99971, 'bid': 0.99923, 'high': 0.99937, 'low': 0.99422, 'askVolume': 3000000, 'bidVolume': 4000000, 'timestamp': 1662104592100, 'level': 4, 'quoteId': 5, 'spreadTable': 4.8, 'spreadRaw': 0.00048}}
Received: {'command': 'tickPrices', 'data': {'symbol': 'EURUSD', 'ask': 0.99953, 'bid': 0.99942, 'high': 0.99943, 'low': 0.99422, 'askVolume': 349000, 'bidVolume': 400000, 'timestamp': 1662104592301, 'level': 0, 'quoteId': 5, 'spreadTable': 1.1, 'spreadRaw': 0.00011}}
Stream received: {'command': 'tickPrices', 'data': {'symbol': 'EURUSD', 'ask': 0.99953, 'bid': 0.99942, 'high': 0.99943, 'low': 0.99422, 'askVolume': 349000, 'bidVolume': 400000, 'timestamp': 1662104592301, 'level': 0, 'quoteId': 5, 'spreadTable': 1.1, 'spreadRaw': 0.00011}}
Received: {'command': 'tickPrices', 'data': {'symbol': 'EURUSD', 'ask': 0.99954, 'bid': 0.99941, 'high': 0.99943, 'low': 0.99422, 'askVolume': 1000000, 'bidVolume': 800000, 'timestamp': 1662104592301, 'level': 1, 'quoteId': 5, 'spreadTable': 1.3, 'spreadRaw': 0.00013}}
Stream received: {'command': 'tickPrices', 'data': {'symbol': 'EURUSD', 'ask': 0.99954, 'bid': 0.99941, 'high': 0.99943, 'low': 0.99422, 'askVolume': 1000000, 'bidVolume': 800000, 'timestamp': 1662104592301, 'level': 1, 'quoteId': 5, 'spreadTable': 1.3, 'spreadRaw': 0.00013}}
Received: {'command': 'tickPrices', 'data': {'symbol': 'EURUSD', 'ask': 0.99956, 'bid': 0.99939, 'high': 0.99943, 'low': 0.99422, 'askVolume': 1200000, 'bidVolume': 1100000, 'timestamp': 1662104592301, 'level': 2, 'quoteId': 5, 'spreadTable': 1.7, 'spreadRaw': 0.00017}}
Stream received: {'command': 'tickPrices', 'data': {'symbol': 'EURUSD', 'ask': 0.99956, 'bid': 0.99939, 'high': 0.99943, 'low': 0.99422, 'askVolume': 1200000, 'bidVolume': 1100000, 'timestamp': 1662104592301, 'level': 2, 'quoteId': 5, 'spreadTable': 1.7, 'spreadRaw': 0.00017}}
Received: {'command': 'tickPrices', 'data': {'symbol': 'EURUSD', 'ask': 0.99962, 'bid': 0.99933, 'high': 0.99943, 'low': 0.99422, 'askVolume': 3000000, 'bidVolume': 3500000, 'timestamp': 1662104592301, 'level': 3, 'quoteId': 5, 'spreadTable': 2.9, 'spreadRaw': 0.00029}}
Stream received: {'command': 'tickPrices', 'data': {'symbol': 'EURUSD', 'ask': 0.99962, 'bid': 0.99933, 'high': 0.99943, 'low': 0.99422, 'askVolume': 3000000, 'bidVolume': 3500000, 'timestamp': 1662104592301, 'level': 3, 'quoteId': 5, 'spreadTable': 2.9, 'spreadRaw': 0.00029}}
Received: {'command': 'tickPrices', 'data': {'symbol': 'EURUSD', 'ask': 0.99972, 'bid': 0.99923, 'high': 0.99943, 'low': 0.99422, 'askVolume': 4000000, 'bidVolume': 3500000, 'timestamp': 1662104592301, 'level': 4, 'quoteId': 5, 'spreadTable': 4.9, 'spreadRaw': 0.00049}}
Stream received: {'command': 'tickPrices', 'data': {'symbol': 'EURUSD', 'ask': 0.99972, 'bid': 0.99923, 'high': 0.99943, 'low': 0.99422, 'askVolume': 4000000, 'bidVolume': 3500000, 'timestamp': 1662104592301, 'level': 4, 'quoteId': 5, 'spreadTable': 4.9, 'spreadRaw': 0.00049}}
Received: {'command': 'tickPrices', 'data': {'symbol': 'EURUSD', 'ask': 0.99952, 'bid': 0.99942, 'high': 0.99943, 'low': 0.99422, 'askVolume': 400000, 'bidVolume': 400000, 'timestamp': 1662104592657, 'level': 0, 'quoteId': 5, 'spreadTable': 1.0, 'spreadRaw': 0.0001}}
Stream received: {'command': 'tickPrices', 'data': {'symbol': 'EURUSD', 'ask': 0.99952, 'bid': 0.99942, 'high': 0.99943, 'low': 0.99422, 'askVolume': 400000, 'bidVolume': 400000, 'timestamp': 1662104592657, 'level': 0, 'quoteId': 5, 'spreadTable': 1.0, 'spreadRaw': 0.0001}}
Received: {'command': 'tickPrices', 'data': {'symbol': 'EURUSD', 'ask': 0.99953, 'bid': 0.99941, 'high': 0.99943, 'low': 0.99422, 'askVolume': 1000000, 'bidVolume': 1000000, 'timestamp': 1662104592657, 'level': 1, 'quoteId': 5, 'spreadTable': 1.2, 'spreadRaw': 0.00012}}
Stream received: {'command': 'tickPrices', 'data': {'symbol': 'EURUSD', 'ask': 0.99953, 'bid': 0.99941, 'high': 0.99943, 'low': 0.99422, 'askVolume': 1000000, 'bidVolume': 1000000, 'timestamp': 1662104592657, 'level': 1, 'quoteId': 5, 'spreadTable': 1.2, 'spreadRaw': 0.00012}}
Received: {'command': 'tickPrices', 'data': {'symbol': 'EURUSD', 'ask': 0.99956, 'bid': 0.99938, 'high': 0.99943, 'low': 0.99422, 'askVolume': 800000, 'bidVolume': 1200000, 'timestamp': 1662104592657, 'level': 2, 'quoteId': 5, 'spreadTable': 1.8, 'spreadRaw': 0.00018}}
Stream received: {'command': 'tickPrices', 'data': {'symbol': 'EURUSD', 'ask': 0.99956, 'bid': 0.99938, 'high': 0.99943, 'low': 0.99422, 'askVolume': 800000, 'bidVolume': 1200000, 'timestamp': 1662104592657, 'level': 2, 'quoteId': 5, 'spreadTable': 1.8, 'spreadRaw': 0.00018}}
Received: {'command': 'tickPrices', 'data': {'symbol': 'EURUSD', 'ask': 0.99963, 'bid': 0.99931, 'high': 0.99943, 'low': 0.99422, 'askVolume': 5000000, 'bidVolume': 4000000, 'timestamp': 1662104592657, 'level': 3, 'quoteId': 5, 'spreadTable': 3.2, 'spreadRaw': 0.00032}}
Stream received: {'command': 'tickPrices', 'data': {'symbol': 'EURUSD', 'ask': 0.99963, 'bid': 0.99931, 'high': 0.99943, 'low': 0.99422, 'askVolume': 5000000, 'bidVolume': 4000000, 'timestamp': 1662104592657, 'level': 3, 'quoteId': 5, 'spreadTable': 3.2, 'spreadRaw': 0.00032}}
Received: {'command': 'tickPrices', 'data': {'symbol': 'EURUSD', 'ask': 0.99972, 'bid': 0.99922, 'high': 0.99943, 'low': 0.99422, 'askVolume': 4000000, 'bidVolume': 3000000, 'timestamp': 1662104592657, 'level': 4, 'quoteId': 5, 'spreadTable': 5.0, 'spreadRaw': 0.0005}}
Stream received: {'command': 'tickPrices', 'data': {'symbol': 'EURUSD', 'ask': 0.99972, 'bid': 0.99922, 'high': 0.99943, 'low': 0.99422, 'askVolume': 4000000, 'bidVolume': 3000000, 'timestamp': 1662104592657, 'level': 4, 'quoteId': 5, 'spreadTable': 5.0, 'spreadRaw': 0.0005}}
Received: {'command': 'tickPrices', 'data': {'symbol': 'EURUSD', 'ask': 0.99952, 'bid': 0.99942, 'high': 0.99943, 'low': 0.99422, 'askVolume': 397000, 'bidVolume': 400000, 'timestamp': 1662104592967, 'level': 0, 'quoteId': 5, 'spreadTable': 1.0, 'spreadRaw': 0.0001}}
Stream received: {'command': 'tickPrices', 'data': {'symbol': 'EURUSD', 'ask': 0.99952, 'bid': 0.99942, 'high': 0.99943, 'low': 0.99422, 'askVolume': 397000, 'bidVolume': 400000, 'timestamp': 1662104592967, 'level': 0, 'quoteId': 5, 'spreadTable': 1.0, 'spreadRaw': 0.0001}}
Received: {'command': 'tickPrices', 'data': {'symbol': 'EURUSD', 'ask': 0.99953, 'bid': 0.99941, 'high': 0.99943, 'low': 0.99422, 'askVolume': 1000000, 'bidVolume': 1000000, 'timestamp': 1662104592967, 'level': 1, 'quoteId': 5, 'spreadTable': 1.2, 'spreadRaw': 0.00012}}
Stream received: {'command': 'tickPrices', 'data': {'symbol': 'EURUSD', 'ask': 0.99953, 'bid': 0.99941, 'high': 0.99943, 'low': 0.99422, 'askVolume': 1000000, 'bidVolume': 1000000, 'timestamp': 1662104592967, 'level': 1, 'quoteId': 5, 'spreadTable': 1.2, 'spreadRaw': 0.00012}}
Received: {'command': 'tickPrices', 'data': {'symbol': 'EURUSD', 'ask': 0.99956, 'bid': 0.99938, 'high': 0.99943, 'low': 0.99422, 'askVolume': 800000, 'bidVolume': 1200000, 'timestamp': 1662104592967, 'level': 2, 'quoteId': 5, 'spreadTable': 1.8, 'spreadRaw': 0.00018}}
Stream received: {'command': 'tickPrices', 'data': {'symbol': 'EURUSD', 'ask': 0.99956, 'bid': 0.99938, 'high': 0.99943, 'low': 0.99422, 'askVolume': 800000, 'bidVolume': 1200000, 'timestamp': 1662104592967, 'level': 2, 'quoteId': 5, 'spreadTable': 1.8, 'spreadRaw': 0.00018}}
Received: {'command': 'tickPrices', 'data': {'symbol': 'EURUSD', 'ask': 0.99963, 'bid': 0.99931, 'high': 0.99943, 'low': 0.99422, 'askVolume': 5000000, 'bidVolume': 4000000, 'timestamp': 1662104592967, 'level': 3, 'quoteId': 5, 'spreadTable': 3.2, 'spreadRaw': 0.00032}}
Stream received: {'command': 'tickPrices', 'data': {'symbol': 'EURUSD', 'ask': 0.99963, 'bid': 0.99931, 'high': 0.99943, 'low': 0.99422, 'askVolume': 5000000, 'bidVolume': 4000000, 'timestamp': 1662104592967, 'level': 3, 'quoteId': 5, 'spreadTable': 3.2, 'spreadRaw': 0.00032}}
Received: {'command': 'tickPrices', 'data': {'symbol': 'EURUSD', 'ask': 0.99972, 'bid': 0.99922, 'high': 0.99943, 'low': 0.99422, 'askVolume': 4000000, 'bidVolume': 3000000, 'timestamp': 1662104592967, 'level': 4, 'quoteId': 5, 'spreadTable': 5.0, 'spreadRaw': 0.0005}}
Stream received: {'command': 'tickPrices', 'data': {'symbol': 'EURUSD', 'ask': 0.99972, 'bid': 0.99922, 'high': 0.99943, 'low': 0.99422, 'askVolume': 4000000, 'bidVolume': 3000000, 'timestamp': 1662104592967, 'level': 4, 'quoteId': 5, 'spreadTable': 5.0, 'spreadRaw': 0.0005}}
Received: {'command': 'tickPrices', 'data': {'symbol': 'EURUSD', 'ask': 0.99952, 'bid': 0.99941, 'high': 0.99943, 'low': 0.99422, 'askVolume': 350000, 'bidVolume': 450000, 'timestamp': 1662104593664, 'level': 0, 'quoteId': 5, 'spreadTable': 1.1, 'spreadRaw': 0.00011}}
Stream received: {'command': 'tickPrices', 'data': {'symbol': 'EURUSD', 'ask': 0.99952, 'bid': 0.99941, 'high': 0.99943, 'low': 0.99422, 'askVolume': 350000, 'bidVolume': 450000, 'timestamp': 1662104593664, 'level': 0, 'quoteId': 5, 'spreadTable': 1.1, 'spreadRaw': 0.00011}}
Received: {'command': 'tickPrices', 'data': {'symbol': 'EURUSD', 'ask': 0.99955, 'bid': 0.99938, 'high': 0.99943, 'low': 0.99422, 'askVolume': 1000000, 'bidVolume': 800000, 'timestamp': 1662104593664, 'level': 1, 'quoteId': 5, 'spreadTable': 1.7, 'spreadRaw': 0.00017}}
Stream received: {'command': 'tickPrices', 'data': {'symbol': 'EURUSD', 'ask': 0.99955, 'bid': 0.99938, 'high': 0.99943, 'low': 0.99422, 'askVolume': 1000000, 'bidVolume': 800000, 'timestamp': 1662104593664, 'level': 1, 'quoteId': 5, 'spreadTable': 1.7, 'spreadRaw': 0.00017}}
Received: {'command': 'tickPrices', 'data': {'symbol': 'EURUSD', 'ask': 0.99958, 'bid': 0.99935, 'high': 0.99943, 'low': 0.99422, 'askVolume': 1000000, 'bidVolume': 900000, 'timestamp': 1662104593664, 'level': 2, 'quoteId': 5, 'spreadTable': 2.3, 'spreadRaw': 0.00023}}
Stream received: {'command': 'tickPrices', 'data': {'symbol': 'EURUSD', 'ask': 0.99958, 'bid': 0.99935, 'high': 0.99943, 'low': 0.99422, 'askVolume': 1000000, 'bidVolume': 900000, 'timestamp': 1662104593664, 'level': 2, 'quoteId': 5, 'spreadTable': 2.3, 'spreadRaw': 0.00023}}
Received: {'command': 'tickPrices', 'data': {'symbol': 'EURUSD', 'ask': 0.99965, 'bid': 0.99928, 'high': 0.99943, 'low': 0.99422, 'askVolume': 3500000, 'bidVolume': 4000000, 'timestamp': 1662104593664, 'level': 3, 'quoteId': 5, 'spreadTable': 3.7, 'spreadRaw': 0.00037}}
Stream received: {'command': 'tickPrices', 'data': {'symbol': 'EURUSD', 'ask': 0.99965, 'bid': 0.99928, 'high': 0.99943, 'low': 0.99422, 'askVolume': 3500000, 'bidVolume': 4000000, 'timestamp': 1662104593664, 'level': 3, 'quoteId': 5, 'spreadTable': 3.7, 'spreadRaw': 0.00037}}
Received: {'command': 'tickPrices', 'data': {'symbol': 'EURUSD', 'ask': 0.99974, 'bid': 0.99919, 'high': 0.99943, 'low': 0.99422, 'askVolume': 4500000, 'bidVolume': 4000000, 'timestamp': 1662104593664, 'level': 4, 'quoteId': 5, 'spreadTable': 5.5, 'spreadRaw': 0.00055}}
Stream received: {'command': 'tickPrices', 'data': {'symbol': 'EURUSD', 'ask': 0.99974, 'bid': 0.99919, 'high': 0.99943, 'low': 0.99422, 'askVolume': 4500000, 'bidVolume': 4000000, 'timestamp': 1662104593664, 'level': 4, 'quoteId': 5, 'spreadTable': 5.5, 'spreadRaw': 0.00055}}
Received: {'command': 'tickPrices', 'data': {'symbol': 'EURUSD', 'ask': 0.99952, 'bid': 0.99941, 'high': 0.99943, 'low': 0.99422, 'askVolume': 350000, 'bidVolume': 449000, 'timestamp': 1662104594696, 'level': 0, 'quoteId': 5, 'spreadTable': 1.1, 'spreadRaw': 0.00011}}
Stream received: {'command': 'tickPrices', 'data': {'symbol': 'EURUSD', 'ask': 0.99952, 'bid': 0.99941, 'high': 0.99943, 'low': 0.99422, 'askVolume': 350000, 'bidVolume': 449000, 'timestamp': 1662104594696, 'level': 0, 'quoteId': 5, 'spreadTable': 1.1, 'spreadRaw': 0.00011}}
Closing socket
Socket connected
Sent: b'{"command": "login", "arguments": {"userId": 13755569, "password": "Nad115el", "appName": ""}}'
Received: {'status': True, 'streamSessionId': 'e41f13fffecd98b0-000028e4-01416359-8e0c8be25c20cfef-40871755'}
{'status': True, 'streamSessionId': 'e41f13fffecd98b0-000028e4-01416359-8e0c8be25c20cfef-40871755'}
Socket connected
Sent: b'{"command": "getTickPrices", "symbol": "EURUSD", "streamSessionId": "e41f13fffecd98b0-000028e4-01416359-8e0c8be25c20cfef-40871755"}'
Received: {'command': 'tickPrices', 'data': {'symbol': 'EURUSD', 'ask': 0.99931, 'bid': 0.99919, 'high': 0.99956, 'low': 0.99422, 'askVolume': 400000, 'bidVolume': 500000, 'timestamp': 1662104687833, 'level': 0, 'quoteId': 5, 'spreadTable': 1.2, 'spreadRaw': 0.00012}}
Stream received: {'command': 'tickPrices', 'data': {'symbol': 'EURUSD', 'ask': 0.99931, 'bid': 0.99919, 'high': 0.99956, 'low': 0.99422, 'askVolume': 400000, 'bidVolume': 500000, 'timestamp': 1662104687833, 'level': 0, 'quoteId': 5, 'spreadTable': 1.2, 'spreadRaw': 0.00012}}
Received: {'command': 'tickPrices', 'data': {'symbol': 'EURUSD', 'ask': 0.99932, 'bid': 0.99918, 'high': 0.99956, 'low': 0.99422, 'askVolume': 1000000, 'bidVolume': 1000000, 'timestamp': 1662104687833, 'level': 1, 'quoteId': 5, 'spreadTable': 1.4, 'spreadRaw': 0.00014}}
Stream received: {'command': 'tickPrices', 'data': {'symbol': 'EURUSD', 'ask': 0.99932, 'bid': 0.99918, 'high': 0.99956, 'low': 0.99422, 'askVolume': 1000000, 'bidVolume': 1000000, 'timestamp': 1662104687833, 'level': 1, 'quoteId': 5, 'spreadTable': 1.4, 'spreadRaw': 0.00014}}
Received: {'command': 'tickPrices', 'data': {'symbol': 'EURUSD', 'ask': 0.99934, 'bid': 0.99916, 'high': 0.99956, 'low': 0.99422, 'askVolume': 1000000, 'bidVolume': 800000, 'timestamp': 1662104687833, 'level': 2, 'quoteId': 5, 'spreadTable': 1.8, 'spreadRaw': 0.00018}}
Stream received: {'command': 'tickPrices', 'data': {'symbol': 'EURUSD', 'ask': 0.99934, 'bid': 0.99916, 'high': 0.99956, 'low': 0.99422, 'askVolume': 1000000, 'bidVolume': 800000, 'timestamp': 1662104687833, 'level': 2, 'quoteId': 5, 'spreadTable': 1.8, 'spreadRaw': 0.00018}}
Received: {'command': 'tickPrices', 'data': {'symbol': 'EURUSD', 'ask': 0.99941, 'bid': 0.99909, 'high': 0.99956, 'low': 0.99422, 'askVolume': 4500000, 'bidVolume': 3500000, 'timestamp': 1662104687833, 'level': 3, 'quoteId': 5, 'spreadTable': 3.2, 'spreadRaw': 0.00032}}
Stream received: {'command': 'tickPrices', 'data': {'symbol': 'EURUSD', 'ask': 0.99941, 'bid': 0.99909, 'high': 0.99956, 'low': 0.99422, 'askVolume': 4500000, 'bidVolume': 3500000, 'timestamp': 1662104687833, 'level': 3, 'quoteId': 5, 'spreadTable': 3.2, 'spreadRaw': 0.00032}}
Received: {'command': 'tickPrices', 'data': {'symbol': 'EURUSD', 'ask': 0.99949, 'bid': 0.99901, 'high': 0.99956, 'low': 0.99422, 'askVolume': 4000000, 'bidVolume': 3000000, 'timestamp': 1662104687833, 'level': 4, 'quoteId': 5, 'spreadTable': 4.8, 'spreadRaw': 0.00048}}
Stream received: {'command': 'tickPrices', 'data': {'symbol': 'EURUSD', 'ask': 0.99949, 'bid': 0.99901, 'high': 0.99956, 'low': 0.99422, 'askVolume': 4000000, 'bidVolume': 3000000, 'timestamp': 1662104687833, 'level': 4, 'quoteId': 5, 'spreadTable': 4.8, 'spreadRaw': 0.00048}}
Received: {'command': 'tickPrices', 'data': {'symbol': 'EURUSD', 'ask': 0.9993, 'bid': 0.99917, 'high': 0.99956, 'low': 0.99422, 'askVolume': 450000, 'bidVolume': 350000, 'timestamp': 1662104688243, 'level': 0, 'quoteId': 5, 'spreadTable': 1.3, 'spreadRaw': 0.00013}}
Stream received: {'command': 'tickPrices', 'data': {'symbol': 'EURUSD', 'ask': 0.9993, 'bid': 0.99917, 'high': 0.99956, 'low': 0.99422, 'askVolume': 450000, 'bidVolume': 350000, 'timestamp': 1662104688243, 'level': 0, 'quoteId': 5, 'spreadTable': 1.3, 'spreadRaw': 0.00013}}
Received: {'command': 'tickPrices', 'data': {'symbol': 'EURUSD', 'ask': 0.99932, 'bid': 0.99915, 'high': 0.99956, 'low': 0.99422, 'askVolume': 1000000, 'bidVolume': 1000000, 'timestamp': 1662104688243, 'level': 1, 'quoteId': 5, 'spreadTable': 1.7, 'spreadRaw': 0.00017}}
Stream received: {'command': 'tickPrices', 'data': {'symbol': 'EURUSD', 'ask': 0.99932, 'bid': 0.99915, 'high': 0.99956, 'low': 0.99422, 'askVolume': 1000000, 'bidVolume': 1000000, 'timestamp': 1662104688243, 'level': 1, 'quoteId': 5, 'spreadTable': 1.7, 'spreadRaw': 0.00017}}
Received: {'command': 'tickPrices', 'data': {'symbol': 'EURUSD', 'ask': 0.99934, 'bid': 0.99913, 'high': 0.99956, 'low': 0.99422, 'askVolume': 1100000, 'bidVolume': 1000000, 'timestamp': 1662104688243, 'level': 2, 'quoteId': 5, 'spreadTable': 2.1, 'spreadRaw': 0.00021}}
Stream received: {'command': 'tickPrices', 'data': {'symbol': 'EURUSD', 'ask': 0.99934, 'bid': 0.99913, 'high': 0.99956, 'low': 0.99422, 'askVolume': 1100000, 'bidVolume': 1000000, 'timestamp': 1662104688243, 'level': 2, 'quoteId': 5, 'spreadTable': 2.1, 'spreadRaw': 0.00021}}
Received: {'command': 'tickPrices', 'data': {'symbol': 'EURUSD', 'ask': 0.99942, 'bid': 0.99905, 'high': 0.99956, 'low': 0.99422, 'askVolume': 4500000, 'bidVolume': 4000000, 'timestamp': 1662104688243, 'level': 3, 'quoteId': 5, 'spreadTable': 3.7, 'spreadRaw': 0.00037}}
Stream received: {'command': 'tickPrices', 'data': {'symbol': 'EURUSD', 'ask': 0.99942, 'bid': 0.99905, 'high': 0.99956, 'low': 0.99422, 'askVolume': 4500000, 'bidVolume': 4000000, 'timestamp': 1662104688243, 'level': 3, 'quoteId': 5, 'spreadTable': 3.7, 'spreadRaw': 0.00037}}
Received: {'command': 'tickPrices', 'data': {'symbol': 'EURUSD', 'ask': 0.99952, 'bid': 0.99895, 'high': 0.99956, 'low': 0.99422, 'askVolume': 3000000, 'bidVolume': 5000000, 'timestamp': 1662104688243, 'level': 4, 'quoteId': 5, 'spreadTable': 5.7, 'spreadRaw': 0.00057}}
Stream received: {'command': 'tickPrices', 'data': {'symbol': 'EURUSD', 'ask': 0.99952, 'bid': 0.99895, 'high': 0.99956, 'low': 0.99422, 'askVolume': 3000000, 'bidVolume': 5000000, 'timestamp': 1662104688243, 'level': 4, 'quoteId': 5, 'spreadTable': 5.7, 'spreadRaw': 0.00057}}
Received: {'command': 'tickPrices', 'data': {'symbol': 'EURUSD', 'ask': 0.99928, 'bid': 0.99919, 'high': 0.99956, 'low': 0.99422, 'askVolume': 500000, 'bidVolume': 300000, 'timestamp': 1662104689002, 'level': 0, 'quoteId': 5, 'spreadTable': 0.9, 'spreadRaw': 9e-05}}
Stream received: {'command': 'tickPrices', 'data': {'symbol': 'EURUSD', 'ask': 0.99928, 'bid': 0.99919, 'high': 0.99956, 'low': 0.99422, 'askVolume': 500000, 'bidVolume': 300000, 'timestamp': 1662104689002, 'level': 0, 'quoteId': 5, 'spreadTable': 0.9, 'spreadRaw': 9e-05}}
Received: {'command': 'tickPrices', 'data': {'symbol': 'EURUSD', 'ask': 0.9993, 'bid': 0.99917, 'high': 0.99956, 'low': 0.99422, 'askVolume': 1200000, 'bidVolume': 1000000, 'timestamp': 1662104689002, 'level': 1, 'quoteId': 5, 'spreadTable': 1.3, 'spreadRaw': 0.00013}}
Stream received: {'command': 'tickPrices', 'data': {'symbol': 'EURUSD', 'ask': 0.9993, 'bid': 0.99917, 'high': 0.99956, 'low': 0.99422, 'askVolume': 1200000, 'bidVolume': 1000000, 'timestamp': 1662104689002, 'level': 1, 'quoteId': 5, 'spreadTable': 1.3, 'spreadRaw': 0.00013}}
Received: {'command': 'tickPrices', 'data': {'symbol': 'EURUSD', 'ask': 0.99932, 'bid': 0.99915, 'high': 0.99956, 'low': 0.99422, 'askVolume': 1000000, 'bidVolume': 1000000, 'timestamp': 1662104689002, 'level': 2, 'quoteId': 5, 'spreadTable': 1.7, 'spreadRaw': 0.00017}}
Stream received: {'command': 'tickPrices', 'data': {'symbol': 'EURUSD', 'ask': 0.99932, 'bid': 0.99915, 'high': 0.99956, 'low': 0.99422, 'askVolume': 1000000, 'bidVolume': 1000000, 'timestamp': 1662104689002, 'level': 2, 'quoteId': 5, 'spreadTable': 1.7, 'spreadRaw': 0.00017}}
Received: {'command': 'tickPrices', 'data': {'symbol': 'EURUSD', 'ask': 0.99938, 'bid': 0.99909, 'high': 0.99956, 'low': 0.99422, 'askVolume': 3500000, 'bidVolume': 4500000, 'timestamp': 1662104689002, 'level': 3, 'quoteId': 5, 'spreadTable': 2.9, 'spreadRaw': 0.00029}}
Stream received: {'command': 'tickPrices', 'data': {'symbol': 'EURUSD', 'ask': 0.99938, 'bid': 0.99909, 'high': 0.99956, 'low': 0.99422, 'askVolume': 3500000, 'bidVolume': 4500000, 'timestamp': 1662104689002, 'level': 3, 'quoteId': 5, 'spreadTable': 2.9, 'spreadRaw': 0.00029}}
Received: {'command': 'tickPrices', 'data': {'symbol': 'EURUSD', 'ask': 0.99948, 'bid': 0.99899, 'high': 0.99956, 'low': 0.99422, 'askVolume': 5000000, 'bidVolume': 4000000, 'timestamp': 1662104689002, 'level': 4, 'quoteId': 5, 'spreadTable': 4.9, 'spreadRaw': 0.00049}}
Stream received: {'command': 'tickPrices', 'data': {'symbol': 'EURUSD', 'ask': 0.99948, 'bid': 0.99899, 'high': 0.99956, 'low': 0.99422, 'askVolume': 5000000, 'bidVolume': 4000000, 'timestamp': 1662104689002, 'level': 4, 'quoteId': 5, 'spreadTable': 4.9, 'spreadRaw': 0.00049}}
Received: {'command': 'tickPrices', 'data': {'symbol': 'EURUSD', 'ask': 0.99928, 'bid': 0.99919, 'high': 0.99956, 'low': 0.99422, 'askVolume': 493000, 'bidVolume': 280000, 'timestamp': 1662104689439, 'level': 0, 'quoteId': 5, 'spreadTable': 0.9, 'spreadRaw': 9e-05}}
Stream received: {'command': 'tickPrices', 'data': {'symbol': 'EURUSD', 'ask': 0.99928, 'bid': 0.99919, 'high': 0.99956, 'low': 0.99422, 'askVolume': 493000, 'bidVolume': 280000, 'timestamp': 1662104689439, 'level': 0, 'quoteId': 5, 'spreadTable': 0.9, 'spreadRaw': 9e-05}}
Received: {'command': 'tickPrices', 'data': {'symbol': 'EURUSD', 'ask': 0.9993, 'bid': 0.99917, 'high': 0.99956, 'low': 0.99422, 'askVolume': 1200000, 'bidVolume': 1000000, 'timestamp': 1662104689439, 'level': 1, 'quoteId': 5, 'spreadTable': 1.3, 'spreadRaw': 0.00013}}
Stream received: {'command': 'tickPrices', 'data': {'symbol': 'EURUSD', 'ask': 0.9993, 'bid': 0.99917, 'high': 0.99956, 'low': 0.99422, 'askVolume': 1200000, 'bidVolume': 1000000, 'timestamp': 1662104689439, 'level': 1, 'quoteId': 5, 'spreadTable': 1.3, 'spreadRaw': 0.00013}}
Received: {'command': 'tickPrices', 'data': {'symbol': 'EURUSD', 'ask': 0.99932, 'bid': 0.99915, 'high': 0.99956, 'low': 0.99422, 'askVolume': 1000000, 'bidVolume': 1000000, 'timestamp': 1662104689439, 'level': 2, 'quoteId': 5, 'spreadTable': 1.7, 'spreadRaw': 0.00017}}
Stream received: {'command': 'tickPrices', 'data': {'symbol': 'EURUSD', 'ask': 0.99932, 'bid': 0.99915, 'high': 0.99956, 'low': 0.99422, 'askVolume': 1000000, 'bidVolume': 1000000, 'timestamp': 1662104689439, 'level': 2, 'quoteId': 5, 'spreadTable': 1.7, 'spreadRaw': 0.00017}}
Received: {'command': 'tickPrices', 'data': {'symbol': 'EURUSD', 'ask': 0.99938, 'bid': 0.99909, 'high': 0.99956, 'low': 0.99422, 'askVolume': 3500000, 'bidVolume': 4500000, 'timestamp': 1662104689439, 'level': 3, 'quoteId': 5, 'spreadTable': 2.9, 'spreadRaw': 0.00029}}
Stream received: {'command': 'tickPrices', 'data': {'symbol': 'EURUSD', 'ask': 0.99938, 'bid': 0.99909, 'high': 0.99956, 'low': 0.99422, 'askVolume': 3500000, 'bidVolume': 4500000, 'timestamp': 1662104689439, 'level': 3, 'quoteId': 5, 'spreadTable': 2.9, 'spreadRaw': 0.00029}}
Received: {'command': 'tickPrices', 'data': {'symbol': 'EURUSD', 'ask': 0.99948, 'bid': 0.99899, 'high': 0.99956, 'low': 0.99422, 'askVolume': 5000000, 'bidVolume': 4000000, 'timestamp': 1662104689439, 'level': 4, 'quoteId': 5, 'spreadTable': 4.9, 'spreadRaw': 0.00049}}
Stream received: {'command': 'tickPrices', 'data': {'symbol': 'EURUSD', 'ask': 0.99948, 'bid': 0.99899, 'high': 0.99956, 'low': 0.99422, 'askVolume': 5000000, 'bidVolume': 4000000, 'timestamp': 1662104689439, 'level': 4, 'quoteId': 5, 'spreadTable': 4.9, 'spreadRaw': 0.00049}}
Received: {'command': 'tickPrices', 'data': {'symbol': 'EURUSD', 'ask': 0.99928, 'bid': 0.9992, 'high': 0.99956, 'low': 0.99422, 'askVolume': 450000, 'bidVolume': 350000, 'timestamp': 1662104691222, 'level': 0, 'quoteId': 5, 'spreadTable': 0.8, 'spreadRaw': 8e-05}}
Stream received: {'command': 'tickPrices', 'data': {'symbol': 'EURUSD', 'ask': 0.99928, 'bid': 0.9992, 'high': 0.99956, 'low': 0.99422, 'askVolume': 450000, 'bidVolume': 350000, 'timestamp': 1662104691222, 'level': 0, 'quoteId': 5, 'spreadTable': 0.8, 'spreadRaw': 8e-05}}
Received: {'command': 'tickPrices', 'data': {'symbol': 'EURUSD', 'ask': 0.99929, 'bid': 0.99919, 'high': 0.99956, 'low': 0.99422, 'askVolume': 900000, 'bidVolume': 800000, 'timestamp': 1662104691222, 'level': 1, 'quoteId': 5, 'spreadTable': 1.0, 'spreadRaw': 0.0001}}
Stream received: {'command': 'tickPrices', 'data': {'symbol': 'EURUSD', 'ask': 0.99929, 'bid': 0.99919, 'high': 0.99956, 'low': 0.99422, 'askVolume': 900000, 'bidVolume': 800000, 'timestamp': 1662104691222, 'level': 1, 'quoteId': 5, 'spreadTable': 1.0, 'spreadRaw': 0.0001}}
Received: {'command': 'tickPrices', 'data': {'symbol': 'EURUSD', 'ask': 0.99932, 'bid': 0.99916, 'high': 0.99956, 'low': 0.99422, 'askVolume': 900000, 'bidVolume': 1000000, 'timestamp': 1662104691222, 'level': 2, 'quoteId': 5, 'spreadTable': 1.6, 'spreadRaw': 0.00016}}
Stream received: {'command': 'tickPrices', 'data': {'symbol': 'EURUSD', 'ask': 0.99932, 'bid': 0.99916, 'high': 0.99956, 'low': 0.99422, 'askVolume': 900000, 'bidVolume': 1000000, 'timestamp': 1662104691222, 'level': 2, 'quoteId': 5, 'spreadTable': 1.6, 'spreadRaw': 0.00016}}
Received: {'command': 'tickPrices', 'data': {'symbol': 'EURUSD', 'ask': 0.99938, 'bid': 0.9991, 'high': 0.99956, 'low': 0.99422, 'askVolume': 3500000, 'bidVolume': 3000000, 'timestamp': 1662104691222, 'level': 3, 'quoteId': 5, 'spreadTable': 2.8, 'spreadRaw': 0.00028}}
Stream received: {'command': 'tickPrices', 'data': {'symbol': 'EURUSD', 'ask': 0.99938, 'bid': 0.9991, 'high': 0.99956, 'low': 0.99422, 'askVolume': 3500000, 'bidVolume': 3000000, 'timestamp': 1662104691222, 'level': 3, 'quoteId': 5, 'spreadTable': 2.8, 'spreadRaw': 0.00028}}
Received: {'command': 'tickPrices', 'data': {'symbol': 'EURUSD', 'ask': 0.99947, 'bid': 0.99901, 'high': 0.99956, 'low': 0.99422, 'askVolume': 3000000, 'bidVolume': 4000000, 'timestamp': 1662104691222, 'level': 4, 'quoteId': 5, 'spreadTable': 4.6, 'spreadRaw': 0.00046}}
Stream received: {'command': 'tickPrices', 'data': {'symbol': 'EURUSD', 'ask': 0.99947, 'bid': 0.99901, 'high': 0.99956, 'low': 0.99422, 'askVolume': 3000000, 'bidVolume': 4000000, 'timestamp': 1662104691222, 'level': 4, 'quoteId': 5, 'spreadTable': 4.6, 'spreadRaw': 0.00046}}
Received: {'command': 'tickPrices', 'data': {'symbol': 'EURUSD', 'ask': 0.99933, 'bid': 0.99925, 'high': 0.99956, 'low': 0.99422, 'askVolume': 500000, 'bidVolume': 300000, 'timestamp': 1662104691611, 'level': 0, 'quoteId': 5, 'spreadTable': 0.8, 'spreadRaw': 8e-05}}
Stream received: {'command': 'tickPrices', 'data': {'symbol': 'EURUSD', 'ask': 0.99933, 'bid': 0.99925, 'high': 0.99956, 'low': 0.99422, 'askVolume': 500000, 'bidVolume': 300000, 'timestamp': 1662104691611, 'level': 0, 'quoteId': 5, 'spreadTable': 0.8, 'spreadRaw': 8e-05}}
Received: {'command': 'tickPrices', 'data': {'symbol': 'EURUSD', 'ask': 0.99936, 'bid': 0.99922, 'high': 0.99956, 'low': 0.99422, 'askVolume': 1000000, 'bidVolume': 700000, 'timestamp': 1662104691611, 'level': 1, 'quoteId': 5, 'spreadTable': 1.4, 'spreadRaw': 0.00014}}
Stream received: {'command': 'tickPrices', 'data': {'symbol': 'EURUSD', 'ask': 0.99936, 'bid': 0.99922, 'high': 0.99956, 'low': 0.99422, 'askVolume': 1000000, 'bidVolume': 700000, 'timestamp': 1662104691611, 'level': 1, 'quoteId': 5, 'spreadTable': 1.4, 'spreadRaw': 0.00014}}
Received: {'command': 'tickPrices', 'data': {'symbol': 'EURUSD', 'ask': 0.99939, 'bid': 0.99919, 'high': 0.99956, 'low': 0.99422, 'askVolume': 1200000, 'bidVolume': 1100000, 'timestamp': 1662104691611, 'level': 2, 'quoteId': 5, 'spreadTable': 2.0, 'spreadRaw': 0.0002}}
Stream received: {'command': 'tickPrices', 'data': {'symbol': 'EURUSD', 'ask': 0.99939, 'bid': 0.99919, 'high': 0.99956, 'low': 0.99422, 'askVolume': 1200000, 'bidVolume': 1100000, 'timestamp': 1662104691611, 'level': 2, 'quoteId': 5, 'spreadTable': 2.0, 'spreadRaw': 0.0002}}
Received: {'command': 'tickPrices', 'data': {'symbol': 'EURUSD', 'ask': 0.99947, 'bid': 0.99911, 'high': 0.99956, 'low': 0.99422, 'askVolume': 3000000, 'bidVolume': 4000000, 'timestamp': 1662104691611, 'level': 3, 'quoteId': 5, 'spreadTable': 3.6, 'spreadRaw': 0.00036}}
Stream received: {'command': 'tickPrices', 'data': {'symbol': 'EURUSD', 'ask': 0.99947, 'bid': 0.99911, 'high': 0.99956, 'low': 0.99422, 'askVolume': 3000000, 'bidVolume': 4000000, 'timestamp': 1662104691611, 'level': 3, 'quoteId': 5, 'spreadTable': 3.6, 'spreadRaw': 0.00036}}
Received: {'command': 'tickPrices', 'data': {'symbol': 'EURUSD', 'ask': 0.99955, 'bid': 0.99903, 'high': 0.99956, 'low': 0.99422, 'askVolume': 4000000, 'bidVolume': 4000000, 'timestamp': 1662104691611, 'level': 4, 'quoteId': 5, 'spreadTable': 5.2, 'spreadRaw': 0.00052}}
Stream received: {'command': 'tickPrices', 'data': {'symbol': 'EURUSD', 'ask': 0.99955, 'bid': 0.99903, 'high': 0.99956, 'low': 0.99422, 'askVolume': 4000000, 'bidVolume': 4000000, 'timestamp': 1662104691611, 'level': 4, 'quoteId': 5, 'spreadTable': 5.2, 'spreadRaw': 0.00052}}
Received: {'command': 'tickPrices', 'data': {'symbol': 'EURUSD', 'ask': 0.99939, 'bid': 0.9993, 'high': 0.99956, 'low': 0.99422, 'askVolume': 400000, 'bidVolume': 450000, 'timestamp': 1662104691862, 'level': 0, 'quoteId': 5, 'spreadTable': 0.9, 'spreadRaw': 9e-05}}
Stream received: {'command': 'tickPrices', 'data': {'symbol': 'EURUSD', 'ask': 0.99939, 'bid': 0.9993, 'high': 0.99956, 'low': 0.99422, 'askVolume': 400000, 'bidVolume': 450000, 'timestamp': 1662104691862, 'level': 0, 'quoteId': 5, 'spreadTable': 0.9, 'spreadRaw': 9e-05}}
Closing socket
Socket connected
Sent: b'{"command": "login", "arguments": {"userId": 13755569, "password": "Nad115el", "appName": ""}}'
Received: {'status': True, 'streamSessionId': 'e41f13fffecd98b0-000028e4-0141cbfc-a3fd1d28e99d09ba-c73201ef'}
{'status': True, 'streamSessionId': 'e41f13fffecd98b0-000028e4-0141cbfc-a3fd1d28e99d09ba-c73201ef'}
Socket connected
Sent: b'{"command": "getTickPrices", "symbol": "EURUSD", "streamSessionId": "e41f13fffecd98b0-000028e4-0141cbfc-a3fd1d28e99d09ba-c73201ef"}'
Received: {'command': 'tickPrices', 'data': {'symbol': 'EURUSD', 'ask': 0.99828, 'bid': 0.99818, 'high': 0.99956, 'low': 0.99422, 'askVolume': 300000, 'bidVolume': 350000, 'timestamp': 1662107587250, 'level': 0, 'quoteId': 5, 'spreadTable': 1.0, 'spreadRaw': 0.0001}}
Stream received: {'command': 'tickPrices', 'data': {'symbol': 'EURUSD', 'ask': 0.99828, 'bid': 0.99818, 'high': 0.99956, 'low': 0.99422, 'askVolume': 300000, 'bidVolume': 350000, 'timestamp': 1662107587250, 'level': 0, 'quoteId': 5, 'spreadTable': 1.0, 'spreadRaw': 0.0001}}
Closing socket
Closing socket
SockThread Error: [Errno 11004] getaddrinfo failed
Socket connected
Sent: b'{"command": "login", "arguments": {"userId": 13755569, "password": "Nad115el", "appName": ""}}'
Received: {'status': True, 'streamSessionId': 'e41f13fffecd98b0-000028e4-0141d0b5-4a62fe12ef9f25ab-f37fb7cb'}
{'status': True, 'streamSessionId': 'e41f13fffecd98b0-000028e4-0141d0b5-4a62fe12ef9f25ab-f37fb7cb'}
Socket connected
Sent: b'{"command": "login", "arguments": {"userId": 13755569, "password": "Nad115el", "appName": ""}}'
Received: {'status': True, 'streamSessionId': 'e41f13fffecd98b0-000028e4-0141d386-30e7c05327906cec-8fe1c29b'}
{'status': True, 'streamSessionId': 'e41f13fffecd98b0-000028e4-0141d386-30e7c05327906cec-8fe1c29b'}
Socket connected
Sent: b'{"command": "login", "arguments": {"userId": 13755569, "password": "Nad115el", "appName": ""}}'
Received: {'status': True, 'streamSessionId': 'e41f13fffecd98b0-000028e4-0141d583-6ec60b2feb9141c4-59f59dc2'}
{'status': True, 'streamSessionId': 'e41f13fffecd98b0-000028e4-0141d583-6ec60b2feb9141c4-59f59dc2'}
Socket connected
Sent: b'{"command": "getTickPrices", "symbol": "EURUSD", "streamSessionId": "e41f13fffecd98b0-000028e4-0141d583-6ec60b2feb9141c4-59f59dc2"}'
Received: {'command': 'tickPrices', 'data': {'symbol': 'EURUSD', 'ask': 0.99791, 'bid': 0.99781, 'high': 0.99956, 'low': 0.99422, 'askVolume': 399000, 'bidVolume': 499000, 'timestamp': 1662107864094, 'level': 0, 'quoteId': 5, 'spreadTable': 1.0, 'spreadRaw': 0.0001}}
Stream received: {'command': 'tickPrices', 'data': {'symbol': 'EURUSD', 'ask': 0.99791, 'bid': 0.99781, 'high': 0.99956, 'low': 0.99422, 'askVolume': 399000, 'bidVolume': 499000, 'timestamp': 1662107864094, 'level': 0, 'quoteId': 5, 'spreadTable': 1.0, 'spreadRaw': 0.0001}}
Closing socket
Closing socket
Socket connected
Sent: b'{"command": "login", "arguments": {"userId": 13755569, "password": "Nad115el", "appName": ""}}'
Received: {'status': True, 'streamSessionId': 'e41f13fffecd98b0-000028e4-0141d6f7-15feb4f97391db79-b89ff42b'}
{'status': True, 'streamSessionId': 'e41f13fffecd98b0-000028e4-0141d6f7-15feb4f97391db79-b89ff42b'}
Socket connected
Sent: b'{"command": "getTickPrices", "symbol": "EURUSD", "streamSessionId": "e41f13fffecd98b0-000028e4-0141d6f7-15feb4f97391db79-b89ff42b"}'
Received: {'command': 'tickPrices', 'data': {'symbol': 'EURUSD', 'ask': 0.99803, 'bid': 0.99795, 'high': 0.99956, 'low': 0.99422, 'askVolume': 350000, 'bidVolume': 499000, 'timestamp': 1662107902222, 'level': 0, 'quoteId': 5, 'spreadTable': 0.8, 'spreadRaw': 8e-05}}
Stream received: {'command': 'tickPrices', 'data': {'symbol': 'EURUSD', 'ask': 0.99803, 'bid': 0.99795, 'high': 0.99956, 'low': 0.99422, 'askVolume': 350000, 'bidVolume': 499000, 'timestamp': 1662107902222, 'level': 0, 'quoteId': 5, 'spreadTable': 0.8, 'spreadRaw': 8e-05}}
Closing socket
Closing socket
Socket connected
Sent: b'{"command": "login", "arguments": {"userId": 13755569, "password": "Nad115el", "appName": ""}}'
Received: {'status': True, 'streamSessionId': 'e41f13fffecd98b0-000028e4-0141d8e8-722dfbc38392b787-4131585a'}
{'status': True, 'streamSessionId': 'e41f13fffecd98b0-000028e4-0141d8e8-722dfbc38392b787-4131585a'}
Socket connected
Sent: b'{"command": "getTickPrices", "symbol": "EURUSD", "streamSessionId": "e41f13fffecd98b0-000028e4-0141d8e8-722dfbc38392b787-4131585a"}'
Received: {'command': 'tickPrices', 'data': {'symbol': 'EURUSD', 'ask': 0.99783, 'bid': 0.99774, 'high': 0.99956, 'low': 0.99422, 'askVolume': 350000, 'bidVolume': 448000, 'timestamp': 1662107957922, 'level': 0, 'quoteId': 5, 'spreadTable': 0.9, 'spreadRaw': 9e-05}}
Stream received: {'command': 'tickPrices', 'data': {'symbol': 'EURUSD', 'ask': 0.99783, 'bid': 0.99774, 'high': 0.99956, 'low': 0.99422, 'askVolume': 350000, 'bidVolume': 448000, 'timestamp': 1662107957922, 'level': 0, 'quoteId': 5, 'spreadTable': 0.9, 'spreadRaw': 9e-05}}
Closing socket
Closing socket
Socket connected
Sent: b'{"command": "login", "arguments": {"userId": 13755569, "password": "Nad115el", "appName": ""}}'
Received: {'status': True, 'streamSessionId': 'e41f13fffecd98b0-000028e4-0141d996-11a9f2583c9300e2-87ca060c'}
{'status': True, 'streamSessionId': 'e41f13fffecd98b0-000028e4-0141d996-11a9f2583c9300e2-87ca060c'}
Socket connected
Sent: b'{"command": "getTickPrices", "symbol": "EURUSD", "streamSessionId": "e41f13fffecd98b0-000028e4-0141d996-11a9f2583c9300e2-87ca060c"}'
Received: {'command': 'tickPrices', 'data': {'symbol': 'EURUSD', 'ask': 0.99782, 'bid': 0.99773, 'high': 0.99956, 'low': 0.99422, 'askVolume': 400000, 'bidVolume': 346000, 'timestamp': 1662107978336, 'level': 0, 'quoteId': 5, 'spreadTable': 0.9, 'spreadRaw': 9e-05}}
Stream received: {'command': 'tickPrices', 'data': {'symbol': 'EURUSD', 'ask': 0.99782, 'bid': 0.99773, 'high': 0.99956, 'low': 0.99422, 'askVolume': 400000, 'bidVolume': 346000, 'timestamp': 1662107978336, 'level': 0, 'quoteId': 5, 'spreadTable': 0.9, 'spreadRaw': 9e-05}}
Closing socket
Closing socket
Socket connected
Sent: b'{"command": "login", "arguments": {"userId": 13755569, "password": "Nad115el", "appName": ""}}'
Received: {'status': True, 'streamSessionId': 'e41f13fffecd98b0-000028e4-0141da36-7c8b99bd1c935680-b27edbb2'}
{'status': True, 'streamSessionId': 'e41f13fffecd98b0-000028e4-0141da36-7c8b99bd1c935680-b27edbb2'}
Socket connected
Sent: b'{"command": "getTickPrices", "symbol": "EURUSD", "streamSessionId": "e41f13fffecd98b0-000028e4-0141da36-7c8b99bd1c935680-b27edbb2"}'
Received: {'command': 'tickPrices', 'data': {'symbol': 'EURUSD', 'ask': 0.99786, 'bid': 0.99775, 'high': 0.99956, 'low': 0.99422, 'askVolume': 350000, 'bidVolume': 448000, 'timestamp': 1662107998714, 'level': 0, 'quoteId': 5, 'spreadTable': 1.1, 'spreadRaw': 0.00011}}
Stream received: {'command': 'tickPrices', 'data': {'symbol': 'EURUSD', 'ask': 0.99786, 'bid': 0.99775, 'high': 0.99956, 'low': 0.99422, 'askVolume': 350000, 'bidVolume': 448000, 'timestamp': 1662107998714, 'level': 0, 'quoteId': 5, 'spreadTable': 1.1, 'spreadRaw': 0.00011}}
Received: {'command': 'tickPrices', 'data': {'symbol': 'EURUSD', 'ask': 0.99787, 'bid': 0.99774, 'high': 0.99956, 'low': 0.99422, 'askVolume': 1000000, 'bidVolume': 900000, 'timestamp': 1662107998714, 'level': 1, 'quoteId': 5, 'spreadTable': 1.3, 'spreadRaw': 0.00013}}
Stream received: {'command': 'tickPrices', 'data': {'symbol': 'EURUSD', 'ask': 0.99787, 'bid': 0.99774, 'high': 0.99956, 'low': 0.99422, 'askVolume': 1000000, 'bidVolume': 900000, 'timestamp': 1662107998714, 'level': 1, 'quoteId': 5, 'spreadTable': 1.3, 'spreadRaw': 0.00013}}
Received: {'command': 'tickPrices', 'data': {'symbol': 'EURUSD', 'ask': 0.99789, 'bid': 0.99772, 'high': 0.99956, 'low': 0.99422, 'askVolume': 1200000, 'bidVolume': 1000000, 'timestamp': 1662107998714, 'level': 2, 'quoteId': 5, 'spreadTable': 1.7, 'spreadRaw': 0.00017}}
Stream received: {'command': 'tickPrices', 'data': {'symbol': 'EURUSD', 'ask': 0.99789, 'bid': 0.99772, 'high': 0.99956, 'low': 0.99422, 'askVolume': 1200000, 'bidVolume': 1000000, 'timestamp': 1662107998714, 'level': 2, 'quoteId': 5, 'spreadTable': 1.7, 'spreadRaw': 0.00017}}
Received: {'command': 'tickPrices', 'data': {'symbol': 'EURUSD', 'ask': 0.99797, 'bid': 0.99764, 'high': 0.99956, 'low': 0.99422, 'askVolume': 4000000, 'bidVolume': 3500000, 'timestamp': 1662107998714, 'level': 3, 'quoteId': 5, 'spreadTable': 3.3, 'spreadRaw': 0.00033}}
Stream received: {'command': 'tickPrices', 'data': {'symbol': 'EURUSD', 'ask': 0.99797, 'bid': 0.99764, 'high': 0.99956, 'low': 0.99422, 'askVolume': 4000000, 'bidVolume': 3500000, 'timestamp': 1662107998714, 'level': 3, 'quoteId': 5, 'spreadTable': 3.3, 'spreadRaw': 0.00033}}
Closing socket
Closing socket
Socket connected
Sent: b'{"command": "login", "arguments": {"userId": 13755569, "password": "Nad115el", "appName": ""}}'
Received: {'status': True, 'streamSessionId': 'e41f13fffecd98b0-000028e4-0141daf3-bd7fed012c9395c0-2a06a1b5'}
{'status': True, 'streamSessionId': 'e41f13fffecd98b0-000028e4-0141daf3-bd7fed012c9395c0-2a06a1b5'}
Socket connected
Sent: b'{"command": "getTickPrices", "symbol": "EURUSD", "streamSessionId": "e41f13fffecd98b0-000028e4-0141daf3-bd7fed012c9395c0-2a06a1b5"}'
Received: {'command': 'tickPrices', 'data': {'symbol': 'EURUSD', 'ask': 0.99785, 'bid': 0.99777, 'high': 0.99956, 'low': 0.99422, 'askVolume': 400000, 'bidVolume': 450000, 'timestamp': 1662108013388, 'level': 0, 'quoteId': 5, 'spreadTable': 0.8, 'spreadRaw': 8e-05}}
Stream received: {'command': 'tickPrices', 'data': {'symbol': 'EURUSD', 'ask': 0.99785, 'bid': 0.99777, 'high': 0.99956, 'low': 0.99422, 'askVolume': 400000, 'bidVolume': 450000, 'timestamp': 1662108013388, 'level': 0, 'quoteId': 5, 'spreadTable': 0.8, 'spreadRaw': 8e-05}}
Received: {'command': 'tickPrices', 'data': {'symbol': 'EURUSD', 'ask': 0.99786, 'bid': 0.99776, 'high': 0.99956, 'low': 0.99422, 'askVolume': 1000000, 'bidVolume': 1000000, 'timestamp': 1662108013388, 'level': 1, 'quoteId': 5, 'spreadTable': 1.0, 'spreadRaw': 0.0001}}
Stream received: {'command': 'tickPrices', 'data': {'symbol': 'EURUSD', 'ask': 0.99786, 'bid': 0.99776, 'high': 0.99956, 'low': 0.99422, 'askVolume': 1000000, 'bidVolume': 1000000, 'timestamp': 1662108013388, 'level': 1, 'quoteId': 5, 'spreadTable': 1.0, 'spreadRaw': 0.0001}}
Received: {'command': 'tickPrices', 'data': {'symbol': 'EURUSD', 'ask': 0.99788, 'bid': 0.99774, 'high': 0.99956, 'low': 0.99422, 'askVolume': 900000, 'bidVolume': 1000000, 'timestamp': 1662108013388, 'level': 2, 'quoteId': 5, 'spreadTable': 1.4, 'spreadRaw': 0.00014}}
Stream received: {'command': 'tickPrices', 'data': {'symbol': 'EURUSD', 'ask': 0.99788, 'bid': 0.99774, 'high': 0.99956, 'low': 0.99422, 'askVolume': 900000, 'bidVolume': 1000000, 'timestamp': 1662108013388, 'level': 2, 'quoteId': 5, 'spreadTable': 1.4, 'spreadRaw': 0.00014}}
Received: {'command': 'tickPrices', 'data': {'symbol': 'EURUSD', 'ask': 0.99795, 'bid': 0.99767, 'high': 0.99956, 'low': 0.99422, 'askVolume': 4000000, 'bidVolume': 4500000, 'timestamp': 1662108013388, 'level': 3, 'quoteId': 5, 'spreadTable': 2.8, 'spreadRaw': 0.00028}}
Stream received: {'command': 'tickPrices', 'data': {'symbol': 'EURUSD', 'ask': 0.99795, 'bid': 0.99767, 'high': 0.99956, 'low': 0.99422, 'askVolume': 4000000, 'bidVolume': 4500000, 'timestamp': 1662108013388, 'level': 3, 'quoteId': 5, 'spreadTable': 2.8, 'spreadRaw': 0.00028}}
Closing socket
Closing socket
Socket connected
Sent: b'{"command": "login", "arguments": {"userId": 13755569, "password": "Nad115el", "appName": ""}}'
Received: {'status': True, 'streamSessionId': 'e41f13fffecd98b0-000028e4-0141dd42-b00dd15624949058-4138c193'}
{'status': True, 'streamSessionId': 'e41f13fffecd98b0-000028e4-0141dd42-b00dd15624949058-4138c193'}
Socket connected
Sent: b'{"command": "getTickPrices", "symbol": "EURUSD", "streamSessionId": "e41f13fffecd98b0-000028e4-0141dd42-b00dd15624949058-4138c193"}'
Received: {'command': 'tickPrices', 'data': {'symbol': 'EURUSD', 'ask': 0.99786, 'bid': 0.99777, 'high': 0.99956, 'low': 0.99422, 'askVolume': 400000, 'bidVolume': 400000, 'timestamp': 1662108079670, 'level': 0, 'quoteId': 5, 'spreadTable': 0.9, 'spreadRaw': 9e-05}}
Stream received: {'command': 'tickPrices', 'data': {'symbol': 'EURUSD', 'ask': 0.99786, 'bid': 0.99777, 'high': 0.99956, 'low': 0.99422, 'askVolume': 400000, 'bidVolume': 400000, 'timestamp': 1662108079670, 'level': 0, 'quoteId': 5, 'spreadTable': 0.9, 'spreadRaw': 9e-05}}
Received: {'command': 'tickPrices', 'data': {'symbol': 'EURUSD', 'ask': 0.99789, 'bid': 0.99774, 'high': 0.99956, 'low': 0.99422, 'askVolume': 1000000, 'bidVolume': 700000, 'timestamp': 1662108079670, 'level': 1, 'quoteId': 5, 'spreadTable': 1.5, 'spreadRaw': 0.00015}}
Stream received: {'command': 'tickPrices', 'data': {'symbol': 'EURUSD', 'ask': 0.99789, 'bid': 0.99774, 'high': 0.99956, 'low': 0.99422, 'askVolume': 1000000, 'bidVolume': 700000, 'timestamp': 1662108079670, 'level': 1, 'quoteId': 5, 'spreadTable': 1.5, 'spreadRaw': 0.00015}}
Received: {'command': 'tickPrices', 'data': {'symbol': 'EURUSD', 'ask': 0.99792, 'bid': 0.99771, 'high': 0.99956, 'low': 0.99422, 'askVolume': 1000000, 'bidVolume': 900000, 'timestamp': 1662108079670, 'level': 2, 'quoteId': 5, 'spreadTable': 2.1, 'spreadRaw': 0.00021}}
Stream received: {'command': 'tickPrices', 'data': {'symbol': 'EURUSD', 'ask': 0.99792, 'bid': 0.99771, 'high': 0.99956, 'low': 0.99422, 'askVolume': 1000000, 'bidVolume': 900000, 'timestamp': 1662108079670, 'level': 2, 'quoteId': 5, 'spreadTable': 2.1, 'spreadRaw': 0.00021}}
Received: {'command': 'tickPrices', 'data': {'symbol': 'EURUSD', 'ask': 0.998, 'bid': 0.99763, 'high': 0.99956, 'low': 0.99422, 'askVolume': 4000000, 'bidVolume': 4500000, 'timestamp': 1662108079670, 'level': 3, 'quoteId': 5, 'spreadTable': 3.7, 'spreadRaw': 0.00037}}
Stream received: {'command': 'tickPrices', 'data': {'symbol': 'EURUSD', 'ask': 0.998, 'bid': 0.99763, 'high': 0.99956, 'low': 0.99422, 'askVolume': 4000000, 'bidVolume': 4500000, 'timestamp': 1662108079670, 'level': 3, 'quoteId': 5, 'spreadTable': 3.7, 'spreadRaw': 0.00037}}
Received: {'command': 'tickPrices', 'data': {'symbol': 'EURUSD', 'ask': 0.99809, 'bid': 0.99754, 'high': 0.99956, 'low': 0.99422, 'askVolume': 4000000, 'bidVolume': 4000000, 'timestamp': 1662108079670, 'level': 4, 'quoteId': 5, 'spreadTable': 5.5, 'spreadRaw': 0.00055}}
Stream received: {'command': 'tickPrices', 'data': {'symbol': 'EURUSD', 'ask': 0.99809, 'bid': 0.99754, 'high': 0.99956, 'low': 0.99422, 'askVolume': 4000000, 'bidVolume': 4000000, 'timestamp': 1662108079670, 'level': 4, 'quoteId': 5, 'spreadTable': 5.5, 'spreadRaw': 0.00055}}
Received: {'command': 'tickPrices', 'data': {'symbol': 'EURUSD', 'ask': 0.9979, 'bid': 0.99781, 'high': 0.99956, 'low': 0.99422, 'askVolume': 350000, 'bidVolume': 500000, 'timestamp': 1662108080039, 'level': 0, 'quoteId': 5, 'spreadTable': 0.9, 'spreadRaw': 9e-05}}
Stream received: {'command': 'tickPrices', 'data': {'symbol': 'EURUSD', 'ask': 0.9979, 'bid': 0.99781, 'high': 0.99956, 'low': 0.99422, 'askVolume': 350000, 'bidVolume': 500000, 'timestamp': 1662108080039, 'level': 0, 'quoteId': 5, 'spreadTable': 0.9, 'spreadRaw': 9e-05}}
Received: {'command': 'tickPrices', 'data': {'symbol': 'EURUSD', 'ask': 0.99793, 'bid': 0.99778, 'high': 0.99956, 'low': 0.99422, 'askVolume': 700000, 'bidVolume': 700000, 'timestamp': 1662108080039, 'level': 1, 'quoteId': 5, 'spreadTable': 1.5, 'spreadRaw': 0.00015}}
Stream received: {'command': 'tickPrices', 'data': {'symbol': 'EURUSD', 'ask': 0.99793, 'bid': 0.99778, 'high': 0.99956, 'low': 0.99422, 'askVolume': 700000, 'bidVolume': 700000, 'timestamp': 1662108080039, 'level': 1, 'quoteId': 5, 'spreadTable': 1.5, 'spreadRaw': 0.00015}}
Received: {'command': 'tickPrices', 'data': {'symbol': 'EURUSD', 'ask': 0.99795, 'bid': 0.99776, 'high': 0.99956, 'low': 0.99422, 'askVolume': 1000000, 'bidVolume': 1000000, 'timestamp': 1662108080039, 'level': 2, 'quoteId': 5, 'spreadTable': 1.9, 'spreadRaw': 0.00019}}
Stream received: {'command': 'tickPrices', 'data': {'symbol': 'EURUSD', 'ask': 0.99795, 'bid': 0.99776, 'high': 0.99956, 'low': 0.99422, 'askVolume': 1000000, 'bidVolume': 1000000, 'timestamp': 1662108080039, 'level': 2, 'quoteId': 5, 'spreadTable': 1.9, 'spreadRaw': 0.00019}}
Received: {'command': 'tickPrices', 'data': {'symbol': 'EURUSD', 'ask': 0.99801, 'bid': 0.9977, 'high': 0.99956, 'low': 0.99422, 'askVolume': 3000000, 'bidVolume': 3500000, 'timestamp': 1662108080039, 'level': 3, 'quoteId': 5, 'spreadTable': 3.1, 'spreadRaw': 0.00031}}
Stream received: {'command': 'tickPrices', 'data': {'symbol': 'EURUSD', 'ask': 0.99801, 'bid': 0.9977, 'high': 0.99956, 'low': 0.99422, 'askVolume': 3000000, 'bidVolume': 3500000, 'timestamp': 1662108080039, 'level': 3, 'quoteId': 5, 'spreadTable': 3.1, 'spreadRaw': 0.00031}}
Received: {'command': 'tickPrices', 'data': {'symbol': 'EURUSD', 'ask': 0.99809, 'bid': 0.99762, 'high': 0.99956, 'low': 0.99422, 'askVolume': 4000000, 'bidVolume': 3000000, 'timestamp': 1662108080039, 'level': 4, 'quoteId': 5, 'spreadTable': 4.7, 'spreadRaw': 0.00047}}
Stream received: {'command': 'tickPrices', 'data': {'symbol': 'EURUSD', 'ask': 0.99809, 'bid': 0.99762, 'high': 0.99956, 'low': 0.99422, 'askVolume': 4000000, 'bidVolume': 3000000, 'timestamp': 1662108080039, 'level': 4, 'quoteId': 5, 'spreadTable': 4.7, 'spreadRaw': 0.00047}}
Received: {'command': 'tickPrices', 'data': {'symbol': 'EURUSD', 'ask': 0.9979, 'bid': 0.9978, 'high': 0.99956, 'low': 0.99422, 'askVolume': 350000, 'bidVolume': 500000, 'timestamp': 1662108081151, 'level': 0, 'quoteId': 5, 'spreadTable': 1.0, 'spreadRaw': 0.0001}}
Stream received: {'command': 'tickPrices', 'data': {'symbol': 'EURUSD', 'ask': 0.9979, 'bid': 0.9978, 'high': 0.99956, 'low': 0.99422, 'askVolume': 350000, 'bidVolume': 500000, 'timestamp': 1662108081151, 'level': 0, 'quoteId': 5, 'spreadTable': 1.0, 'spreadRaw': 0.0001}}
Received: {'command': 'tickPrices', 'data': {'symbol': 'EURUSD', 'ask': 0.99791, 'bid': 0.99779, 'high': 0.99956, 'low': 0.99422, 'askVolume': 1000000, 'bidVolume': 800000, 'timestamp': 1662108081151, 'level': 1, 'quoteId': 5, 'spreadTable': 1.2, 'spreadRaw': 0.00012}}
Stream received: {'command': 'tickPrices', 'data': {'symbol': 'EURUSD', 'ask': 0.99791, 'bid': 0.99779, 'high': 0.99956, 'low': 0.99422, 'askVolume': 1000000, 'bidVolume': 800000, 'timestamp': 1662108081151, 'level': 1, 'quoteId': 5, 'spreadTable': 1.2, 'spreadRaw': 0.00012}}
Received: {'command': 'tickPrices', 'data': {'symbol': 'EURUSD', 'ask': 0.99794, 'bid': 0.99776, 'high': 0.99956, 'low': 0.99422, 'askVolume': 900000, 'bidVolume': 1000000, 'timestamp': 1662108081151, 'level': 2, 'quoteId': 5, 'spreadTable': 1.8, 'spreadRaw': 0.00018}}
Stream received: {'command': 'tickPrices', 'data': {'symbol': 'EURUSD', 'ask': 0.99794, 'bid': 0.99776, 'high': 0.99956, 'low': 0.99422, 'askVolume': 900000, 'bidVolume': 1000000, 'timestamp': 1662108081151, 'level': 2, 'quoteId': 5, 'spreadTable': 1.8, 'spreadRaw': 0.00018}}
Received: {'command': 'tickPrices', 'data': {'symbol': 'EURUSD', 'ask': 0.998, 'bid': 0.9977, 'high': 0.99956, 'low': 0.99422, 'askVolume': 4000000, 'bidVolume': 5000000, 'timestamp': 1662108081151, 'level': 3, 'quoteId': 5, 'spreadTable': 3.0, 'spreadRaw': 0.0003}}
Stream received: {'command': 'tickPrices', 'data': {'symbol': 'EURUSD', 'ask': 0.998, 'bid': 0.9977, 'high': 0.99956, 'low': 0.99422, 'askVolume': 4000000, 'bidVolume': 5000000, 'timestamp': 1662108081151, 'level': 3, 'quoteId': 5, 'spreadTable': 3.0, 'spreadRaw': 0.0003}}
Received: {'command': 'tickPrices', 'data': {'symbol': 'EURUSD', 'ask': 0.9981, 'bid': 0.9976, 'high': 0.99956, 'low': 0.99422, 'askVolume': 4500000, 'bidVolume': 5000000, 'timestamp': 1662108081151, 'level': 4, 'quoteId': 5, 'spreadTable': 5.0, 'spreadRaw': 0.0005}}
Stream received: {'command': 'tickPrices', 'data': {'symbol': 'EURUSD', 'ask': 0.9981, 'bid': 0.9976, 'high': 0.99956, 'low': 0.99422, 'askVolume': 4500000, 'bidVolume': 5000000, 'timestamp': 1662108081151, 'level': 4, 'quoteId': 5, 'spreadTable': 5.0, 'spreadRaw': 0.0005}}
Closing socket
Closing socket
Socket connected
Sent: b'{"command": "login", "arguments": {"userId": 13755569, "password": "Nad115el", "appName": ""}}'
Received: {'status': True, 'streamSessionId': 'e41f13fffecd98b0-000028e4-0141e83a-2913d05ebaa9389b-d3815973'}
{'status': True, 'streamSessionId': 'e41f13fffecd98b0-000028e4-0141e83a-2913d05ebaa9389b-d3815973'}
Socket connected
Sent: b'{"command": "getTickPrices", "symbol": "EURUSD", "streamSessionId": "e41f13fffecd98b0-000028e4-0141e83a-2913d05ebaa9389b-d3815973"}'
Received: {'command': 'tickPrices', 'data': {'symbol': 'EURUSD', 'ask': 0.99806, 'bid': 0.99797, 'high': 0.99956, 'low': 0.99422, 'askVolume': 500000, 'bidVolume': 298000, 'timestamp': 1662108385707, 'level': 0, 'quoteId': 5, 'spreadTable': 0.9, 'spreadRaw': 9e-05}}
Stream received: {'command': 'tickPrices', 'data': {'symbol': 'EURUSD', 'ask': 0.99806, 'bid': 0.99797, 'high': 0.99956, 'low': 0.99422, 'askVolume': 500000, 'bidVolume': 298000, 'timestamp': 1662108385707, 'level': 0, 'quoteId': 5, 'spreadTable': 0.9, 'spreadRaw': 9e-05}}
Received: {'command': 'tickPrices', 'data': {'symbol': 'EURUSD', 'ask': 0.99808, 'bid': 0.99795, 'high': 0.99956, 'low': 0.99422, 'askVolume': 800000, 'bidVolume': 1000000, 'timestamp': 1662108385707, 'level': 1, 'quoteId': 5, 'spreadTable': 1.3, 'spreadRaw': 0.00013}}
Stream received: {'command': 'tickPrices', 'data': {'symbol': 'EURUSD', 'ask': 0.99808, 'bid': 0.99795, 'high': 0.99956, 'low': 0.99422, 'askVolume': 800000, 'bidVolume': 1000000, 'timestamp': 1662108385707, 'level': 1, 'quoteId': 5, 'spreadTable': 1.3, 'spreadRaw': 0.00013}}
Received: {'command': 'tickPrices', 'data': {'symbol': 'EURUSD', 'ask': 0.9981, 'bid': 0.99793, 'high': 0.99956, 'low': 0.99422, 'askVolume': 900000, 'bidVolume': 1100000, 'timestamp': 1662108385707, 'level': 2, 'quoteId': 5, 'spreadTable': 1.7, 'spreadRaw': 0.00017}}
Stream received: {'command': 'tickPrices', 'data': {'symbol': 'EURUSD', 'ask': 0.9981, 'bid': 0.99793, 'high': 0.99956, 'low': 0.99422, 'askVolume': 900000, 'bidVolume': 1100000, 'timestamp': 1662108385707, 'level': 2, 'quoteId': 5, 'spreadTable': 1.7, 'spreadRaw': 0.00017}}
Received: {'command': 'tickPrices', 'data': {'symbol': 'EURUSD', 'ask': 0.99817, 'bid': 0.99786, 'high': 0.99956, 'low': 0.99422, 'askVolume': 3500000, 'bidVolume': 3500000, 'timestamp': 1662108385707, 'level': 3, 'quoteId': 5, 'spreadTable': 3.1, 'spreadRaw': 0.00031}}
Stream received: {'command': 'tickPrices', 'data': {'symbol': 'EURUSD', 'ask': 0.99817, 'bid': 0.99786, 'high': 0.99956, 'low': 0.99422, 'askVolume': 3500000, 'bidVolume': 3500000, 'timestamp': 1662108385707, 'level': 3, 'quoteId': 5, 'spreadTable': 3.1, 'spreadRaw': 0.00031}}
Received: {'command': 'tickPrices', 'data': {'symbol': 'EURUSD', 'ask': 0.99825, 'bid': 0.99778, 'high': 0.99956, 'low': 0.99422, 'askVolume': 3000000, 'bidVolume': 5000000, 'timestamp': 1662108385707, 'level': 4, 'quoteId': 5, 'spreadTable': 4.7, 'spreadRaw': 0.00047}}
Stream received: {'command': 'tickPrices', 'data': {'symbol': 'EURUSD', 'ask': 0.99825, 'bid': 0.99778, 'high': 0.99956, 'low': 0.99422, 'askVolume': 3000000, 'bidVolume': 5000000, 'timestamp': 1662108385707, 'level': 4, 'quoteId': 5, 'spreadTable': 4.7, 'spreadRaw': 0.00047}}
Received: {'command': 'tickPrices', 'data': {'symbol': 'EURUSD', 'ask': 0.99806, 'bid': 0.99796, 'high': 0.99956, 'low': 0.99422, 'askVolume': 350000, 'bidVolume': 350000, 'timestamp': 1662108386083, 'level': 0, 'quoteId': 5, 'spreadTable': 1.0, 'spreadRaw': 0.0001}}
Stream received: {'command': 'tickPrices', 'data': {'symbol': 'EURUSD', 'ask': 0.99806, 'bid': 0.99796, 'high': 0.99956, 'low': 0.99422, 'askVolume': 350000, 'bidVolume': 350000, 'timestamp': 1662108386083, 'level': 0, 'quoteId': 5, 'spreadTable': 1.0, 'spreadRaw': 0.0001}}
Received: {'command': 'tickPrices', 'data': {'symbol': 'EURUSD', 'ask': 0.99807, 'bid': 0.99795, 'high': 0.99956, 'low': 0.99422, 'askVolume': 900000, 'bidVolume': 900000, 'timestamp': 1662108386083, 'level': 1, 'quoteId': 5, 'spreadTable': 1.2, 'spreadRaw': 0.00012}}
Stream received: {'command': 'tickPrices', 'data': {'symbol': 'EURUSD', 'ask': 0.99807, 'bid': 0.99795, 'high': 0.99956, 'low': 0.99422, 'askVolume': 900000, 'bidVolume': 900000, 'timestamp': 1662108386083, 'level': 1, 'quoteId': 5, 'spreadTable': 1.2, 'spreadRaw': 0.00012}}
Received: {'command': 'tickPrices', 'data': {'symbol': 'EURUSD', 'ask': 0.9981, 'bid': 0.99792, 'high': 0.99956, 'low': 0.99422, 'askVolume': 800000, 'bidVolume': 1200000, 'timestamp': 1662108386083, 'level': 2, 'quoteId': 5, 'spreadTable': 1.8, 'spreadRaw': 0.00018}}
Stream received: {'command': 'tickPrices', 'data': {'symbol': 'EURUSD', 'ask': 0.9981, 'bid': 0.99792, 'high': 0.99956, 'low': 0.99422, 'askVolume': 800000, 'bidVolume': 1200000, 'timestamp': 1662108386083, 'level': 2, 'quoteId': 5, 'spreadTable': 1.8, 'spreadRaw': 0.00018}}
Received: {'command': 'tickPrices', 'data': {'symbol': 'EURUSD', 'ask': 0.99816, 'bid': 0.99786, 'high': 0.99956, 'low': 0.99422, 'askVolume': 5000000, 'bidVolume': 3000000, 'timestamp': 1662108386083, 'level': 3, 'quoteId': 5, 'spreadTable': 3.0, 'spreadRaw': 0.0003}}
Stream received: {'command': 'tickPrices', 'data': {'symbol': 'EURUSD', 'ask': 0.99816, 'bid': 0.99786, 'high': 0.99956, 'low': 0.99422, 'askVolume': 5000000, 'bidVolume': 3000000, 'timestamp': 1662108386083, 'level': 3, 'quoteId': 5, 'spreadTable': 3.0, 'spreadRaw': 0.0003}}
Received: {'command': 'tickPrices', 'data': {'symbol': 'EURUSD', 'ask': 0.99826, 'bid': 0.99776, 'high': 0.99956, 'low': 0.99422, 'askVolume': 3000000, 'bidVolume': 4000000, 'timestamp': 1662108386083, 'level': 4, 'quoteId': 5, 'spreadTable': 5.0, 'spreadRaw': 0.0005}}
Stream received: {'command': 'tickPrices', 'data': {'symbol': 'EURUSD', 'ask': 0.99826, 'bid': 0.99776, 'high': 0.99956, 'low': 0.99422, 'askVolume': 3000000, 'bidVolume': 4000000, 'timestamp': 1662108386083, 'level': 4, 'quoteId': 5, 'spreadTable': 5.0, 'spreadRaw': 0.0005}}
Received: {'command': 'tickPrices', 'data': {'symbol': 'EURUSD', 'ask': 0.998, 'bid': 0.99792, 'high': 0.99956, 'low': 0.99422, 'askVolume': 450000, 'bidVolume': 450000, 'timestamp': 1662108386292, 'level': 0, 'quoteId': 5, 'spreadTable': 0.8, 'spreadRaw': 8e-05}}
Stream received: {'command': 'tickPrices', 'data': {'symbol': 'EURUSD', 'ask': 0.998, 'bid': 0.99792, 'high': 0.99956, 'low': 0.99422, 'askVolume': 450000, 'bidVolume': 450000, 'timestamp': 1662108386292, 'level': 0, 'quoteId': 5, 'spreadTable': 0.8, 'spreadRaw': 8e-05}}
Received: {'command': 'tickPrices', 'data': {'symbol': 'EURUSD', 'ask': 0.99802, 'bid': 0.9979, 'high': 0.99956, 'low': 0.99422, 'askVolume': 700000, 'bidVolume': 1000000, 'timestamp': 1662108386292, 'level': 1, 'quoteId': 5, 'spreadTable': 1.2, 'spreadRaw': 0.00012}}
Stream received: {'command': 'tickPrices', 'data': {'symbol': 'EURUSD', 'ask': 0.99802, 'bid': 0.9979, 'high': 0.99956, 'low': 0.99422, 'askVolume': 700000, 'bidVolume': 1000000, 'timestamp': 1662108386292, 'level': 1, 'quoteId': 5, 'spreadTable': 1.2, 'spreadRaw': 0.00012}}
Received: {'command': 'tickPrices', 'data': {'symbol': 'EURUSD', 'ask': 0.99804, 'bid': 0.99788, 'high': 0.99956, 'low': 0.99422, 'askVolume': 1000000, 'bidVolume': 800000, 'timestamp': 1662108386292, 'level': 2, 'quoteId': 5, 'spreadTable': 1.6, 'spreadRaw': 0.00016}}
Stream received: {'command': 'tickPrices', 'data': {'symbol': 'EURUSD', 'ask': 0.99804, 'bid': 0.99788, 'high': 0.99956, 'low': 0.99422, 'askVolume': 1000000, 'bidVolume': 800000, 'timestamp': 1662108386292, 'level': 2, 'quoteId': 5, 'spreadTable': 1.6, 'spreadRaw': 0.00016}}
Socket connected
Sent: b'{"command": "login", "arguments": {"userId": 13755569, "password": "Nad115el", "appName": ""}}'
Received: {'status': True, 'streamSessionId': 'e41f13fffecd98b0-000028e4-0141edfc-d446817c2d4bf4e4-f4d9a87d'}
{'status': True, 'streamSessionId': 'e41f13fffecd98b0-000028e4-0141edfc-d446817c2d4bf4e4-f4d9a87d'}
Socket connected
Sent: b'{"command": "getTickPrices", "symbol": "EURUSD", "streamSessionId": "e41f13fffecd98b0-000028e4-0141edfc-d446817c2d4bf4e4-f4d9a87d"}'
Received: {'command': 'tickPrices', 'data': {'symbol': 'EURUSD', 'ask': 0.99814, 'bid': 0.99804, 'high': 0.99956, 'low': 0.99422, 'askVolume': 400000, 'bidVolume': 350000, 'timestamp': 1662108562387, 'level': 0, 'quoteId': 5, 'spreadTable': 1.0, 'spreadRaw': 0.0001}}
Stream received: {'command': 'tickPrices', 'data': {'symbol': 'EURUSD', 'ask': 0.99814, 'bid': 0.99804, 'high': 0.99956, 'low': 0.99422, 'askVolume': 400000, 'bidVolume': 350000, 'timestamp': 1662108562387, 'level': 0, 'quoteId': 5, 'spreadTable': 1.0, 'spreadRaw': 0.0001}}
Received: {'command': 'tickPrices', 'data': {'symbol': 'EURUSD', 'ask': 0.99817, 'bid': 0.99801, 'high': 0.99956, 'low': 0.99422, 'askVolume': 800000, 'bidVolume': 1000000, 'timestamp': 1662108562387, 'level': 1, 'quoteId': 5, 'spreadTable': 1.6, 'spreadRaw': 0.00016}}
Stream received: {'command': 'tickPrices', 'data': {'symbol': 'EURUSD', 'ask': 0.99817, 'bid': 0.99801, 'high': 0.99956, 'low': 0.99422, 'askVolume': 800000, 'bidVolume': 1000000, 'timestamp': 1662108562387, 'level': 1, 'quoteId': 5, 'spreadTable': 1.6, 'spreadRaw': 0.00016}}
Received: {'command': 'tickPrices', 'data': {'symbol': 'EURUSD', 'ask': 0.9982, 'bid': 0.99798, 'high': 0.99956, 'low': 0.99422, 'askVolume': 800000, 'bidVolume': 1200000, 'timestamp': 1662108562387, 'level': 2, 'quoteId': 5, 'spreadTable': 2.2, 'spreadRaw': 0.00022}}
Stream received: {'command': 'tickPrices', 'data': {'symbol': 'EURUSD', 'ask': 0.9982, 'bid': 0.99798, 'high': 0.99956, 'low': 0.99422, 'askVolume': 800000, 'bidVolume': 1200000, 'timestamp': 1662108562387, 'level': 2, 'quoteId': 5, 'spreadTable': 2.2, 'spreadRaw': 0.00022}}
Received: {'command': 'tickPrices', 'data': {'symbol': 'EURUSD', 'ask': 0.99826, 'bid': 0.99792, 'high': 0.99956, 'low': 0.99422, 'askVolume': 4000000, 'bidVolume': 3500000, 'timestamp': 1662108562387, 'level': 3, 'quoteId': 5, 'spreadTable': 3.4, 'spreadRaw': 0.00034}}
Stream received: {'command': 'tickPrices', 'data': {'symbol': 'EURUSD', 'ask': 0.99826, 'bid': 0.99792, 'high': 0.99956, 'low': 0.99422, 'askVolume': 4000000, 'bidVolume': 3500000, 'timestamp': 1662108562387, 'level': 3, 'quoteId': 5, 'spreadTable': 3.4, 'spreadRaw': 0.00034}}
Received: {'command': 'tickPrices', 'data': {'symbol': 'EURUSD', 'ask': 0.99836, 'bid': 0.99782, 'high': 0.99956, 'low': 0.99422, 'askVolume': 3000000, 'bidVolume': 4000000, 'timestamp': 1662108562387, 'level': 4, 'quoteId': 5, 'spreadTable': 5.4, 'spreadRaw': 0.00054}}
Stream received: {'command': 'tickPrices', 'data': {'symbol': 'EURUSD', 'ask': 0.99836, 'bid': 0.99782, 'high': 0.99956, 'low': 0.99422, 'askVolume': 3000000, 'bidVolume': 4000000, 'timestamp': 1662108562387, 'level': 4, 'quoteId': 5, 'spreadTable': 5.4, 'spreadRaw': 0.00054}}
Received: {'command': 'tickPrices', 'data': {'symbol': 'EURUSD', 'ask': 0.99812, 'bid': 0.99802, 'high': 0.99956, 'low': 0.99422, 'askVolume': 400000, 'bidVolume': 300000, 'timestamp': 1662108563298, 'level': 0, 'quoteId': 5, 'spreadTable': 1.0, 'spreadRaw': 0.0001}}
Stream received: {'command': 'tickPrices', 'data': {'symbol': 'EURUSD', 'ask': 0.99812, 'bid': 0.99802, 'high': 0.99956, 'low': 0.99422, 'askVolume': 400000, 'bidVolume': 300000, 'timestamp': 1662108563298, 'level': 0, 'quoteId': 5, 'spreadTable': 1.0, 'spreadRaw': 0.0001}}
Received: {'command': 'tickPrices', 'data': {'symbol': 'EURUSD', 'ask': 0.99815, 'bid': 0.99799, 'high': 0.99956, 'low': 0.99422, 'askVolume': 700000, 'bidVolume': 700000, 'timestamp': 1662108563298, 'level': 1, 'quoteId': 5, 'spreadTable': 1.6, 'spreadRaw': 0.00016}}
Stream received: {'command': 'tickPrices', 'data': {'symbol': 'EURUSD', 'ask': 0.99815, 'bid': 0.99799, 'high': 0.99956, 'low': 0.99422, 'askVolume': 700000, 'bidVolume': 700000, 'timestamp': 1662108563298, 'level': 1, 'quoteId': 5, 'spreadTable': 1.6, 'spreadRaw': 0.00016}}
Received: {'command': 'tickPrices', 'data': {'symbol': 'EURUSD', 'ask': 0.99818, 'bid': 0.99796, 'high': 0.99956, 'low': 0.99422, 'askVolume': 1200000, 'bidVolume': 1100000, 'timestamp': 1662108563298, 'level': 2, 'quoteId': 5, 'spreadTable': 2.2, 'spreadRaw': 0.00022}}
Stream received: {'command': 'tickPrices', 'data': {'symbol': 'EURUSD', 'ask': 0.99818, 'bid': 0.99796, 'high': 0.99956, 'low': 0.99422, 'askVolume': 1200000, 'bidVolume': 1100000, 'timestamp': 1662108563298, 'level': 2, 'quoteId': 5, 'spreadTable': 2.2, 'spreadRaw': 0.00022}}
Received: {'command': 'tickPrices', 'data': {'symbol': 'EURUSD', 'ask': 0.99826, 'bid': 0.99788, 'high': 0.99956, 'low': 0.99422, 'askVolume': 4000000, 'bidVolume': 5000000, 'timestamp': 1662108563298, 'level': 3, 'quoteId': 5, 'spreadTable': 3.8, 'spreadRaw': 0.00038}}
Stream received: {'command': 'tickPrices', 'data': {'symbol': 'EURUSD', 'ask': 0.99826, 'bid': 0.99788, 'high': 0.99956, 'low': 0.99422, 'askVolume': 4000000, 'bidVolume': 5000000, 'timestamp': 1662108563298, 'level': 3, 'quoteId': 5, 'spreadTable': 3.8, 'spreadRaw': 0.00038}}
Received: {'command': 'tickPrices', 'data': {'symbol': 'EURUSD', 'ask': 0.99835, 'bid': 0.99779, 'high': 0.99956, 'low': 0.99422, 'askVolume': 5000000, 'bidVolume': 3000000, 'timestamp': 1662108563298, 'level': 4, 'quoteId': 5, 'spreadTable': 5.6, 'spreadRaw': 0.00056}}
Stream received: {'command': 'tickPrices', 'data': {'symbol': 'EURUSD', 'ask': 0.99835, 'bid': 0.99779, 'high': 0.99956, 'low': 0.99422, 'askVolume': 5000000, 'bidVolume': 3000000, 'timestamp': 1662108563298, 'level': 4, 'quoteId': 5, 'spreadTable': 5.6, 'spreadRaw': 0.00056}}
Received: {'command': 'tickPrices', 'data': {'symbol': 'EURUSD', 'ask': 0.99813, 'bid': 0.99805, 'high': 0.99956, 'low': 0.99422, 'askVolume': 400000, 'bidVolume': 450000, 'timestamp': 1662108563524, 'level': 0, 'quoteId': 5, 'spreadTable': 0.8, 'spreadRaw': 8e-05}}
Stream received: {'command': 'tickPrices', 'data': {'symbol': 'EURUSD', 'ask': 0.99813, 'bid': 0.99805, 'high': 0.99956, 'low': 0.99422, 'askVolume': 400000, 'bidVolume': 450000, 'timestamp': 1662108563524, 'level': 0, 'quoteId': 5, 'spreadTable': 0.8, 'spreadRaw': 8e-05}}
Received: {'command': 'tickPrices', 'data': {'symbol': 'EURUSD', 'ask': 0.99815, 'bid': 0.99803, 'high': 0.99956, 'low': 0.99422, 'askVolume': 1200000, 'bidVolume': 1200000, 'timestamp': 1662108563524, 'level': 1, 'quoteId': 5, 'spreadTable': 1.2, 'spreadRaw': 0.00012}}
Stream received: {'command': 'tickPrices', 'data': {'symbol': 'EURUSD', 'ask': 0.99815, 'bid': 0.99803, 'high': 0.99956, 'low': 0.99422, 'askVolume': 1200000, 'bidVolume': 1200000, 'timestamp': 1662108563524, 'level': 1, 'quoteId': 5, 'spreadTable': 1.2, 'spreadRaw': 0.00012}}
Received: {'command': 'tickPrices', 'data': {'symbol': 'EURUSD', 'ask': 0.99818, 'bid': 0.998, 'high': 0.99956, 'low': 0.99422, 'askVolume': 800000, 'bidVolume': 1200000, 'timestamp': 1662108563524, 'level': 2, 'quoteId': 5, 'spreadTable': 1.8, 'spreadRaw': 0.00018}}
Stream received: {'command': 'tickPrices', 'data': {'symbol': 'EURUSD', 'ask': 0.99818, 'bid': 0.998, 'high': 0.99956, 'low': 0.99422, 'askVolume': 800000, 'bidVolume': 1200000, 'timestamp': 1662108563524, 'level': 2, 'quoteId': 5, 'spreadTable': 1.8, 'spreadRaw': 0.00018}}
Closing socket
Closing socket
Socket connected
Sent: b'{"command": "login", "arguments": {"userId": 13755569, "password": "Nad115el", "appName": ""}}'
Received: {'status': True, 'streamSessionId': 'e41f13fffecd98b0-000028e4-0141f04d-03df462cf94d549e-bd02c08d'}
{'status': True, 'streamSessionId': 'e41f13fffecd98b0-000028e4-0141f04d-03df462cf94d549e-bd02c08d'}
Socket connected
Sent: b'{"command": "getTickPrices", "symbol": "EURUSD", "streamSessionId": "e41f13fffecd98b0-000028e4-0141f04d-03df462cf94d549e-bd02c08d"}'
Received: {'command': 'tickPrices', 'data': {'symbol': 'EURUSD', 'ask': 0.99818, 'bid': 0.99809, 'high': 0.99956, 'low': 0.99422, 'askVolume': 300000, 'bidVolume': 350000, 'timestamp': 1662108652327, 'level': 0, 'quoteId': 5, 'spreadTable': 0.9, 'spreadRaw': 9e-05}}
Stream received: {'command': 'tickPrices', 'data': {'symbol': 'EURUSD', 'ask': 0.99818, 'bid': 0.99809, 'high': 0.99956, 'low': 0.99422, 'askVolume': 300000, 'bidVolume': 350000, 'timestamp': 1662108652327, 'level': 0, 'quoteId': 5, 'spreadTable': 0.9, 'spreadRaw': 9e-05}}
Received: {'command': 'tickPrices', 'data': {'symbol': 'EURUSD', 'ask': 0.99819, 'bid': 0.99808, 'high': 0.99956, 'low': 0.99422, 'askVolume': 1000000, 'bidVolume': 1000000, 'timestamp': 1662108652327, 'level': 1, 'quoteId': 5, 'spreadTable': 1.1, 'spreadRaw': 0.00011}}
Stream received: {'command': 'tickPrices', 'data': {'symbol': 'EURUSD', 'ask': 0.99819, 'bid': 0.99808, 'high': 0.99956, 'low': 0.99422, 'askVolume': 1000000, 'bidVolume': 1000000, 'timestamp': 1662108652327, 'level': 1, 'quoteId': 5, 'spreadTable': 1.1, 'spreadRaw': 0.00011}}
Received: {'command': 'tickPrices', 'data': {'symbol': 'EURUSD', 'ask': 0.99822, 'bid': 0.99805, 'high': 0.99956, 'low': 0.99422, 'askVolume': 1200000, 'bidVolume': 1100000, 'timestamp': 1662108652327, 'level': 2, 'quoteId': 5, 'spreadTable': 1.7, 'spreadRaw': 0.00017}}
Stream received: {'command': 'tickPrices', 'data': {'symbol': 'EURUSD', 'ask': 0.99822, 'bid': 0.99805, 'high': 0.99956, 'low': 0.99422, 'askVolume': 1200000, 'bidVolume': 1100000, 'timestamp': 1662108652327, 'level': 2, 'quoteId': 5, 'spreadTable': 1.7, 'spreadRaw': 0.00017}}
Received: {'command': 'tickPrices', 'data': {'symbol': 'EURUSD', 'ask': 0.99828, 'bid': 0.99799, 'high': 0.99956, 'low': 0.99422, 'askVolume': 4000000, 'bidVolume': 5000000, 'timestamp': 1662108652327, 'level': 3, 'quoteId': 5, 'spreadTable': 2.9, 'spreadRaw': 0.00029}}
Stream received: {'command': 'tickPrices', 'data': {'symbol': 'EURUSD', 'ask': 0.99828, 'bid': 0.99799, 'high': 0.99956, 'low': 0.99422, 'askVolume': 4000000, 'bidVolume': 5000000, 'timestamp': 1662108652327, 'level': 3, 'quoteId': 5, 'spreadTable': 2.9, 'spreadRaw': 0.00029}}
Received: {'command': 'tickPrices', 'data': {'symbol': 'EURUSD', 'ask': 0.99838, 'bid': 0.99789, 'high': 0.99956, 'low': 0.99422, 'askVolume': 5000000, 'bidVolume': 4500000, 'timestamp': 1662108652327, 'level': 4, 'quoteId': 5, 'spreadTable': 4.9, 'spreadRaw': 0.00049}}
Stream received: {'command': 'tickPrices', 'data': {'symbol': 'EURUSD', 'ask': 0.99838, 'bid': 0.99789, 'high': 0.99956, 'low': 0.99422, 'askVolume': 5000000, 'bidVolume': 4500000, 'timestamp': 1662108652327, 'level': 4, 'quoteId': 5, 'spreadTable': 4.9, 'spreadRaw': 0.00049}}
Received: {'command': 'tickPrices', 'data': {'symbol': 'EURUSD', 'ask': 0.99819, 'bid': 0.99809, 'high': 0.99956, 'low': 0.99422, 'askVolume': 500000, 'bidVolume': 300000, 'timestamp': 1662108653968, 'level': 0, 'quoteId': 5, 'spreadTable': 1.0, 'spreadRaw': 0.0001}}
Stream received: {'command': 'tickPrices', 'data': {'symbol': 'EURUSD', 'ask': 0.99819, 'bid': 0.99809, 'high': 0.99956, 'low': 0.99422, 'askVolume': 500000, 'bidVolume': 300000, 'timestamp': 1662108653968, 'level': 0, 'quoteId': 5, 'spreadTable': 1.0, 'spreadRaw': 0.0001}}
Closing socket
Closing socket
Socket connected
Sent: b'{"command": "login", "arguments": {"userId": 13755569, "password": "Nad115el", "appName": ""}}'
Received: {'status': True, 'streamSessionId': 'e41f13fffecd98b0-000028e4-0141f292-c59c79c7314e9648-b6a411fd'}
{'status': True, 'streamSessionId': 'e41f13fffecd98b0-000028e4-0141f292-c59c79c7314e9648-b6a411fd'}
Socket connected
Sent: b'{"command": "getTickPrices", "symbol": "EURUSD", "streamSessionId": "e41f13fffecd98b0-000028e4-0141f292-c59c79c7314e9648-b6a411fd"}'
Received: {'command': 'tickPrices', 'data': {'symbol': 'EURUSD', 'ask': 0.99807, 'bid': 0.99796, 'high': 0.99956, 'low': 0.99422, 'askVolume': 500000, 'bidVolume': 479000, 'timestamp': 1662108735983, 'level': 0, 'quoteId': 5, 'spreadTable': 1.1, 'spreadRaw': 0.00011}}
Stream received: {'command': 'tickPrices', 'data': {'symbol': 'EURUSD', 'ask': 0.99807, 'bid': 0.99796, 'high': 0.99956, 'low': 0.99422, 'askVolume': 500000, 'bidVolume': 479000, 'timestamp': 1662108735983, 'level': 0, 'quoteId': 5, 'spreadTable': 1.1, 'spreadRaw': 0.00011}}
Received: {'command': 'tickPrices', 'data': {'symbol': 'EURUSD', 'ask': 0.99809, 'bid': 0.99794, 'high': 0.99956, 'low': 0.99422, 'askVolume': 1000000, 'bidVolume': 700000, 'timestamp': 1662108735983, 'level': 1, 'quoteId': 5, 'spreadTable': 1.5, 'spreadRaw': 0.00015}}
Stream received: {'command': 'tickPrices', 'data': {'symbol': 'EURUSD', 'ask': 0.99809, 'bid': 0.99794, 'high': 0.99956, 'low': 0.99422, 'askVolume': 1000000, 'bidVolume': 700000, 'timestamp': 1662108735983, 'level': 1, 'quoteId': 5, 'spreadTable': 1.5, 'spreadRaw': 0.00015}}
Received: {'command': 'tickPrices', 'data': {'symbol': 'EURUSD', 'ask': 0.99812, 'bid': 0.99791, 'high': 0.99956, 'low': 0.99422, 'askVolume': 900000, 'bidVolume': 1200000, 'timestamp': 1662108735983, 'level': 2, 'quoteId': 5, 'spreadTable': 2.1, 'spreadRaw': 0.00021}}
Stream received: {'command': 'tickPrices', 'data': {'symbol': 'EURUSD', 'ask': 0.99812, 'bid': 0.99791, 'high': 0.99956, 'low': 0.99422, 'askVolume': 900000, 'bidVolume': 1200000, 'timestamp': 1662108735983, 'level': 2, 'quoteId': 5, 'spreadTable': 2.1, 'spreadRaw': 0.00021}}
Received: {'command': 'tickPrices', 'data': {'symbol': 'EURUSD', 'ask': 0.99818, 'bid': 0.99785, 'high': 0.99956, 'low': 0.99422, 'askVolume': 4000000, 'bidVolume': 4500000, 'timestamp': 1662108735983, 'level': 3, 'quoteId': 5, 'spreadTable': 3.3, 'spreadRaw': 0.00033}}
Stream received: {'command': 'tickPrices', 'data': {'symbol': 'EURUSD', 'ask': 0.99818, 'bid': 0.99785, 'high': 0.99956, 'low': 0.99422, 'askVolume': 4000000, 'bidVolume': 4500000, 'timestamp': 1662108735983, 'level': 3, 'quoteId': 5, 'spreadTable': 3.3, 'spreadRaw': 0.00033}}
Closing socket
Closing socket
Socket connected
Sent: b'{"command": "login", "arguments": {"userId": 13755569, "password": "Nad115el", "appName": ""}}'
Received: {'status': True, 'streamSessionId': 'e41f13fffecd98b0-000028e4-0141f5db-70d16463f7407316-596f9485'}
{'status': True, 'streamSessionId': 'e41f13fffecd98b0-000028e4-0141f5db-70d16463f7407316-596f9485'}
Socket connected
Sent: b'{"command": "getTickPrices", "symbol": "EURUSD", "streamSessionId": "e41f13fffecd98b0-000028e4-0141f5db-70d16463f7407316-596f9485"}'
Received: {'command': 'tickPrices', 'data': {'symbol': 'EURUSD', 'ask': 0.99814, 'bid': 0.99805, 'high': 0.99956, 'low': 0.99422, 'askVolume': 450000, 'bidVolume': 449000, 'timestamp': 1662108859806, 'level': 0, 'quoteId': 5, 'spreadTable': 0.9, 'spreadRaw': 9e-05}}
Stream received: {'command': 'tickPrices', 'data': {'symbol': 'EURUSD', 'ask': 0.99814, 'bid': 0.99805, 'high': 0.99956, 'low': 0.99422, 'askVolume': 450000, 'bidVolume': 449000, 'timestamp': 1662108859806, 'level': 0, 'quoteId': 5, 'spreadTable': 0.9, 'spreadRaw': 9e-05}}
Received: {'command': 'tickPrices', 'data': {'symbol': 'EURUSD', 'ask': 0.99815, 'bid': 0.99804, 'high': 0.99956, 'low': 0.99422, 'askVolume': 900000, 'bidVolume': 800000, 'timestamp': 1662108859806, 'level': 1, 'quoteId': 5, 'spreadTable': 1.1, 'spreadRaw': 0.00011}}
Stream received: {'command': 'tickPrices', 'data': {'symbol': 'EURUSD', 'ask': 0.99815, 'bid': 0.99804, 'high': 0.99956, 'low': 0.99422, 'askVolume': 900000, 'bidVolume': 800000, 'timestamp': 1662108859806, 'level': 1, 'quoteId': 5, 'spreadTable': 1.1, 'spreadRaw': 0.00011}}
Received: {'command': 'tickPrices', 'data': {'symbol': 'EURUSD', 'ask': 0.99818, 'bid': 0.99801, 'high': 0.99956, 'low': 0.99422, 'askVolume': 1000000, 'bidVolume': 1200000, 'timestamp': 1662108859806, 'level': 2, 'quoteId': 5, 'spreadTable': 1.7, 'spreadRaw': 0.00017}}
Stream received: {'command': 'tickPrices', 'data': {'symbol': 'EURUSD', 'ask': 0.99818, 'bid': 0.99801, 'high': 0.99956, 'low': 0.99422, 'askVolume': 1000000, 'bidVolume': 1200000, 'timestamp': 1662108859806, 'level': 2, 'quoteId': 5, 'spreadTable': 1.7, 'spreadRaw': 0.00017}}
Received: {'command': 'tickPrices', 'data': {'symbol': 'EURUSD', 'ask': 0.99824, 'bid': 0.99795, 'high': 0.99956, 'low': 0.99422, 'askVolume': 3500000, 'bidVolume': 4000000, 'timestamp': 1662108859806, 'level': 3, 'quoteId': 5, 'spreadTable': 2.9, 'spreadRaw': 0.00029}}
Stream received: {'command': 'tickPrices', 'data': {'symbol': 'EURUSD', 'ask': 0.99824, 'bid': 0.99795, 'high': 0.99956, 'low': 0.99422, 'askVolume': 3500000, 'bidVolume': 4000000, 'timestamp': 1662108859806, 'level': 3, 'quoteId': 5, 'spreadTable': 2.9, 'spreadRaw': 0.00029}}
Received: {'command': 'tickPrices', 'data': {'symbol': 'EURUSD', 'ask': 0.99834, 'bid': 0.99785, 'high': 0.99956, 'low': 0.99422, 'askVolume': 4000000, 'bidVolume': 3000000, 'timestamp': 1662108859806, 'level': 4, 'quoteId': 5, 'spreadTable': 4.9, 'spreadRaw': 0.00049}}
Stream received: {'command': 'tickPrices', 'data': {'symbol': 'EURUSD', 'ask': 0.99834, 'bid': 0.99785, 'high': 0.99956, 'low': 0.99422, 'askVolume': 4000000, 'bidVolume': 3000000, 'timestamp': 1662108859806, 'level': 4, 'quoteId': 5, 'spreadTable': 4.9, 'spreadRaw': 0.00049}}
Received: {'command': 'tickPrices', 'data': {'symbol': 'EURUSD', 'ask': 0.99814, 'bid': 0.99805, 'high': 0.99956, 'low': 0.99422, 'askVolume': 449000, 'bidVolume': 449000, 'timestamp': 1662108860152, 'level': 0, 'quoteId': 5, 'spreadTable': 0.9, 'spreadRaw': 9e-05}}
Stream received: {'command': 'tickPrices', 'data': {'symbol': 'EURUSD', 'ask': 0.99814, 'bid': 0.99805, 'high': 0.99956, 'low': 0.99422, 'askVolume': 449000, 'bidVolume': 449000, 'timestamp': 1662108860152, 'level': 0, 'quoteId': 5, 'spreadTable': 0.9, 'spreadRaw': 9e-05}}
Closing socket
Closing socket
Socket connected
Sent: b'{"command": "login", "arguments": {"userId": 13755569, "password": "Nad115el", "appName": ""}}'
Received: {'status': True, 'streamSessionId': 'e41f13fffecd98b0-000028e4-0141f885-ae128c1beb420eec-93bdf611'}
{'status': True, 'streamSessionId': 'e41f13fffecd98b0-000028e4-0141f885-ae128c1beb420eec-93bdf611'}
Socket connected
Sent: b'{"command": "getTickPrices", "symbol": "EURUSD", "streamSessionId": "e41f13fffecd98b0-000028e4-0141f885-ae128c1beb420eec-93bdf611"}'
Received: {'command': 'tickPrices', 'data': {'symbol': 'EURUSD', 'ask': 0.99808, 'bid': 0.998, 'high': 0.99956, 'low': 0.99422, 'askVolume': 450000, 'bidVolume': 400000, 'timestamp': 1662108962570, 'level': 0, 'quoteId': 5, 'spreadTable': 0.8, 'spreadRaw': 8e-05}}
Stream received: {'command': 'tickPrices', 'data': {'symbol': 'EURUSD', 'ask': 0.99808, 'bid': 0.998, 'high': 0.99956, 'low': 0.99422, 'askVolume': 450000, 'bidVolume': 400000, 'timestamp': 1662108962570, 'level': 0, 'quoteId': 5, 'spreadTable': 0.8, 'spreadRaw': 8e-05}}
Received: {'command': 'tickPrices', 'data': {'symbol': 'EURUSD', 'ask': 0.99811, 'bid': 0.99797, 'high': 0.99956, 'low': 0.99422, 'askVolume': 1000000, 'bidVolume': 1000000, 'timestamp': 1662108962570, 'level': 1, 'quoteId': 5, 'spreadTable': 1.4, 'spreadRaw': 0.00014}}
Stream received: {'command': 'tickPrices', 'data': {'symbol': 'EURUSD', 'ask': 0.99811, 'bid': 0.99797, 'high': 0.99956, 'low': 0.99422, 'askVolume': 1000000, 'bidVolume': 1000000, 'timestamp': 1662108962570, 'level': 1, 'quoteId': 5, 'spreadTable': 1.4, 'spreadRaw': 0.00014}}
Received: {'command': 'tickPrices', 'data': {'symbol': 'EURUSD', 'ask': 0.99814, 'bid': 0.99794, 'high': 0.99956, 'low': 0.99422, 'askVolume': 900000, 'bidVolume': 1000000, 'timestamp': 1662108962570, 'level': 2, 'quoteId': 5, 'spreadTable': 2.0, 'spreadRaw': 0.0002}}
Stream received: {'command': 'tickPrices', 'data': {'symbol': 'EURUSD', 'ask': 0.99814, 'bid': 0.99794, 'high': 0.99956, 'low': 0.99422, 'askVolume': 900000, 'bidVolume': 1000000, 'timestamp': 1662108962570, 'level': 2, 'quoteId': 5, 'spreadTable': 2.0, 'spreadRaw': 0.0002}}
Received: {'command': 'tickPrices', 'data': {'symbol': 'EURUSD', 'ask': 0.9982, 'bid': 0.99788, 'high': 0.99956, 'low': 0.99422, 'askVolume': 4500000, 'bidVolume': 4500000, 'timestamp': 1662108962570, 'level': 3, 'quoteId': 5, 'spreadTable': 3.2, 'spreadRaw': 0.00032}}
Stream received: {'command': 'tickPrices', 'data': {'symbol': 'EURUSD', 'ask': 0.9982, 'bid': 0.99788, 'high': 0.99956, 'low': 0.99422, 'askVolume': 4500000, 'bidVolume': 4500000, 'timestamp': 1662108962570, 'level': 3, 'quoteId': 5, 'spreadTable': 3.2, 'spreadRaw': 0.00032}}
Received: {'command': 'tickPrices', 'data': {'symbol': 'EURUSD', 'ask': 0.9983, 'bid': 0.99778, 'high': 0.99956, 'low': 0.99422, 'askVolume': 4000000, 'bidVolume': 4500000, 'timestamp': 1662108962570, 'level': 4, 'quoteId': 5, 'spreadTable': 5.2, 'spreadRaw': 0.00052}}
Stream received: {'command': 'tickPrices', 'data': {'symbol': 'EURUSD', 'ask': 0.9983, 'bid': 0.99778, 'high': 0.99956, 'low': 0.99422, 'askVolume': 4000000, 'bidVolume': 4500000, 'timestamp': 1662108962570, 'level': 4, 'quoteId': 5, 'spreadTable': 5.2, 'spreadRaw': 0.00052}}
Received: {'command': 'tickPrices', 'data': {'symbol': 'EURUSD', 'ask': 0.9981, 'bid': 0.99801, 'high': 0.99956, 'low': 0.99422, 'askVolume': 450000, 'bidVolume': 300000, 'timestamp': 1662108963012, 'level': 0, 'quoteId': 5, 'spreadTable': 0.9, 'spreadRaw': 9e-05}}
Stream received: {'command': 'tickPrices', 'data': {'symbol': 'EURUSD', 'ask': 0.9981, 'bid': 0.99801, 'high': 0.99956, 'low': 0.99422, 'askVolume': 450000, 'bidVolume': 300000, 'timestamp': 1662108963012, 'level': 0, 'quoteId': 5, 'spreadTable': 0.9, 'spreadRaw': 9e-05}}
Received: {'command': 'tickPrices', 'data': {'symbol': 'EURUSD', 'ask': 0.99813, 'bid': 0.99798, 'high': 0.99956, 'low': 0.99422, 'askVolume': 1200000, 'bidVolume': 1000000, 'timestamp': 1662108963012, 'level': 1, 'quoteId': 5, 'spreadTable': 1.5, 'spreadRaw': 0.00015}}
Stream received: {'command': 'tickPrices', 'data': {'symbol': 'EURUSD', 'ask': 0.99813, 'bid': 0.99798, 'high': 0.99956, 'low': 0.99422, 'askVolume': 1200000, 'bidVolume': 1000000, 'timestamp': 1662108963012, 'level': 1, 'quoteId': 5, 'spreadTable': 1.5, 'spreadRaw': 0.00015}}
Received: {'command': 'tickPrices', 'data': {'symbol': 'EURUSD', 'ask': 0.99815, 'bid': 0.99796, 'high': 0.99956, 'low': 0.99422, 'askVolume': 900000, 'bidVolume': 1000000, 'timestamp': 1662108963012, 'level': 2, 'quoteId': 5, 'spreadTable': 1.9, 'spreadRaw': 0.00019}}
Stream received: {'command': 'tickPrices', 'data': {'symbol': 'EURUSD', 'ask': 0.99815, 'bid': 0.99796, 'high': 0.99956, 'low': 0.99422, 'askVolume': 900000, 'bidVolume': 1000000, 'timestamp': 1662108963012, 'level': 2, 'quoteId': 5, 'spreadTable': 1.9, 'spreadRaw': 0.00019}}
Received: {'command': 'tickPrices', 'data': {'symbol': 'EURUSD', 'ask': 0.99821, 'bid': 0.9979, 'high': 0.99956, 'low': 0.99422, 'askVolume': 3000000, 'bidVolume': 4000000, 'timestamp': 1662108963012, 'level': 3, 'quoteId': 5, 'spreadTable': 3.1, 'spreadRaw': 0.00031}}
Stream received: {'command': 'tickPrices', 'data': {'symbol': 'EURUSD', 'ask': 0.99821, 'bid': 0.9979, 'high': 0.99956, 'low': 0.99422, 'askVolume': 3000000, 'bidVolume': 4000000, 'timestamp': 1662108963012, 'level': 3, 'quoteId': 5, 'spreadTable': 3.1, 'spreadRaw': 0.00031}}
Received: {'command': 'tickPrices', 'data': {'symbol': 'EURUSD', 'ask': 0.99831, 'bid': 0.9978, 'high': 0.99956, 'low': 0.99422, 'askVolume': 4500000, 'bidVolume': 3000000, 'timestamp': 1662108963012, 'level': 4, 'quoteId': 5, 'spreadTable': 5.1, 'spreadRaw': 0.00051}}
Stream received: {'command': 'tickPrices', 'data': {'symbol': 'EURUSD', 'ask': 0.99831, 'bid': 0.9978, 'high': 0.99956, 'low': 0.99422, 'askVolume': 4500000, 'bidVolume': 3000000, 'timestamp': 1662108963012, 'level': 4, 'quoteId': 5, 'spreadTable': 5.1, 'spreadRaw': 0.00051}}
Received: {'command': 'tickPrices', 'data': {'symbol': 'EURUSD', 'ask': 0.9981, 'bid': 0.99802, 'high': 0.99956, 'low': 0.99422, 'askVolume': 350000, 'bidVolume': 350000, 'timestamp': 1662108963652, 'level': 0, 'quoteId': 5, 'spreadTable': 0.8, 'spreadRaw': 8e-05}}
Stream received: {'command': 'tickPrices', 'data': {'symbol': 'EURUSD', 'ask': 0.9981, 'bid': 0.99802, 'high': 0.99956, 'low': 0.99422, 'askVolume': 350000, 'bidVolume': 350000, 'timestamp': 1662108963652, 'level': 0, 'quoteId': 5, 'spreadTable': 0.8, 'spreadRaw': 8e-05}}
Received: {'command': 'tickPrices', 'data': {'symbol': 'EURUSD', 'ask': 0.99812, 'bid': 0.998, 'high': 0.99956, 'low': 0.99422, 'askVolume': 700000, 'bidVolume': 900000, 'timestamp': 1662108963652, 'level': 1, 'quoteId': 5, 'spreadTable': 1.2, 'spreadRaw': 0.00012}}
Stream received: {'command': 'tickPrices', 'data': {'symbol': 'EURUSD', 'ask': 0.99812, 'bid': 0.998, 'high': 0.99956, 'low': 0.99422, 'askVolume': 700000, 'bidVolume': 900000, 'timestamp': 1662108963652, 'level': 1, 'quoteId': 5, 'spreadTable': 1.2, 'spreadRaw': 0.00012}}
Received: {'command': 'tickPrices', 'data': {'symbol': 'EURUSD', 'ask': 0.99815, 'bid': 0.99797, 'high': 0.99956, 'low': 0.99422, 'askVolume': 800000, 'bidVolume': 900000, 'timestamp': 1662108963652, 'level': 2, 'quoteId': 5, 'spreadTable': 1.8, 'spreadRaw': 0.00018}}
Stream received: {'command': 'tickPrices', 'data': {'symbol': 'EURUSD', 'ask': 0.99815, 'bid': 0.99797, 'high': 0.99956, 'low': 0.99422, 'askVolume': 800000, 'bidVolume': 900000, 'timestamp': 1662108963652, 'level': 2, 'quoteId': 5, 'spreadTable': 1.8, 'spreadRaw': 0.00018}}
Received: {'command': 'tickPrices', 'data': {'symbol': 'EURUSD', 'ask': 0.99821, 'bid': 0.99791, 'high': 0.99956, 'low': 0.99422, 'askVolume': 3500000, 'bidVolume': 4500000, 'timestamp': 1662108963652, 'level': 3, 'quoteId': 5, 'spreadTable': 3.0, 'spreadRaw': 0.0003}}
Stream received: {'command': 'tickPrices', 'data': {'symbol': 'EURUSD', 'ask': 0.99821, 'bid': 0.99791, 'high': 0.99956, 'low': 0.99422, 'askVolume': 3500000, 'bidVolume': 4500000, 'timestamp': 1662108963652, 'level': 3, 'quoteId': 5, 'spreadTable': 3.0, 'spreadRaw': 0.0003}}
Closing socket
Closing socket
Socket connected
Sent: b'{"command": "login", "arguments": {"userId": 13755569, "password": "Nad115el", "appName": ""}}'
Received: {'status': True, 'streamSessionId': 'e41f13fffecd98b0-000028e4-0141fa91-4734f80ce34310bb-ec9c45bf'}
{'status': True, 'streamSessionId': 'e41f13fffecd98b0-000028e4-0141fa91-4734f80ce34310bb-ec9c45bf'}
Socket connected
Sent: b'{"command": "getTickPrices", "symbol": "EURUSD", "streamSessionId": "e41f13fffecd98b0-000028e4-0141fa91-4734f80ce34310bb-ec9c45bf"}'
Received: {'command': 'tickPrices', 'data': {'symbol': 'EURUSD', 'ask': 0.99798, 'bid': 0.9979, 'high': 0.99956, 'low': 0.99422, 'askVolume': 450000, 'bidVolume': 460000, 'timestamp': 1662109030643, 'level': 0, 'quoteId': 5, 'spreadTable': 0.8, 'spreadRaw': 8e-05}}
Stream received: {'command': 'tickPrices', 'data': {'symbol': 'EURUSD', 'ask': 0.99798, 'bid': 0.9979, 'high': 0.99956, 'low': 0.99422, 'askVolume': 450000, 'bidVolume': 460000, 'timestamp': 1662109030643, 'level': 0, 'quoteId': 5, 'spreadTable': 0.8, 'spreadRaw': 8e-05}}
Received: {'command': 'tickPrices', 'data': {'symbol': 'EURUSD', 'ask': 0.99799, 'bid': 0.99789, 'high': 0.99956, 'low': 0.99422, 'askVolume': 800000, 'bidVolume': 800000, 'timestamp': 1662109030643, 'level': 1, 'quoteId': 5, 'spreadTable': 1.0, 'spreadRaw': 0.0001}}
Stream received: {'command': 'tickPrices', 'data': {'symbol': 'EURUSD', 'ask': 0.99799, 'bid': 0.99789, 'high': 0.99956, 'low': 0.99422, 'askVolume': 800000, 'bidVolume': 800000, 'timestamp': 1662109030643, 'level': 1, 'quoteId': 5, 'spreadTable': 1.0, 'spreadRaw': 0.0001}}
Received: {'command': 'tickPrices', 'data': {'symbol': 'EURUSD', 'ask': 0.99801, 'bid': 0.99787, 'high': 0.99956, 'low': 0.99422, 'askVolume': 1000000, 'bidVolume': 1200000, 'timestamp': 1662109030643, 'level': 2, 'quoteId': 5, 'spreadTable': 1.4, 'spreadRaw': 0.00014}}
Stream received: {'command': 'tickPrices', 'data': {'symbol': 'EURUSD', 'ask': 0.99801, 'bid': 0.99787, 'high': 0.99956, 'low': 0.99422, 'askVolume': 1000000, 'bidVolume': 1200000, 'timestamp': 1662109030643, 'level': 2, 'quoteId': 5, 'spreadTable': 1.4, 'spreadRaw': 0.00014}}
Received: {'command': 'tickPrices', 'data': {'symbol': 'EURUSD', 'ask': 0.99807, 'bid': 0.99781, 'high': 0.99956, 'low': 0.99422, 'askVolume': 3500000, 'bidVolume': 4000000, 'timestamp': 1662109030643, 'level': 3, 'quoteId': 5, 'spreadTable': 2.6, 'spreadRaw': 0.00026}}
Stream received: {'command': 'tickPrices', 'data': {'symbol': 'EURUSD', 'ask': 0.99807, 'bid': 0.99781, 'high': 0.99956, 'low': 0.99422, 'askVolume': 3500000, 'bidVolume': 4000000, 'timestamp': 1662109030643, 'level': 3, 'quoteId': 5, 'spreadTable': 2.6, 'spreadRaw': 0.00026}}
Received: {'command': 'tickPrices', 'data': {'symbol': 'EURUSD', 'ask': 0.99815, 'bid': 0.99773, 'high': 0.99956, 'low': 0.99422, 'askVolume': 3500000, 'bidVolume': 5000000, 'timestamp': 1662109030643, 'level': 4, 'quoteId': 5, 'spreadTable': 4.2, 'spreadRaw': 0.00042}}
Stream received: {'command': 'tickPrices', 'data': {'symbol': 'EURUSD', 'ask': 0.99815, 'bid': 0.99773, 'high': 0.99956, 'low': 0.99422, 'askVolume': 3500000, 'bidVolume': 5000000, 'timestamp': 1662109030643, 'level': 4, 'quoteId': 5, 'spreadTable': 4.2, 'spreadRaw': 0.00042}}
Received: {'command': 'tickPrices', 'data': {'symbol': 'EURUSD', 'ask': 0.99799, 'bid': 0.9979, 'high': 0.99956, 'low': 0.99422, 'askVolume': 500000, 'bidVolume': 300000, 'timestamp': 1662109031830, 'level': 0, 'quoteId': 5, 'spreadTable': 0.9, 'spreadRaw': 9e-05}}
Stream received: {'command': 'tickPrices', 'data': {'symbol': 'EURUSD', 'ask': 0.99799, 'bid': 0.9979, 'high': 0.99956, 'low': 0.99422, 'askVolume': 500000, 'bidVolume': 300000, 'timestamp': 1662109031830, 'level': 0, 'quoteId': 5, 'spreadTable': 0.9, 'spreadRaw': 9e-05}}
Received: {'command': 'tickPrices', 'data': {'symbol': 'EURUSD', 'ask': 0.998, 'bid': 0.99789, 'high': 0.99956, 'low': 0.99422, 'askVolume': 900000, 'bidVolume': 900000, 'timestamp': 1662109031830, 'level': 1, 'quoteId': 5, 'spreadTable': 1.1, 'spreadRaw': 0.00011}}
Stream received: {'command': 'tickPrices', 'data': {'symbol': 'EURUSD', 'ask': 0.998, 'bid': 0.99789, 'high': 0.99956, 'low': 0.99422, 'askVolume': 900000, 'bidVolume': 900000, 'timestamp': 1662109031830, 'level': 1, 'quoteId': 5, 'spreadTable': 1.1, 'spreadRaw': 0.00011}}
Received: {'command': 'tickPrices', 'data': {'symbol': 'EURUSD', 'ask': 0.99803, 'bid': 0.99786, 'high': 0.99956, 'low': 0.99422, 'askVolume': 1000000, 'bidVolume': 900000, 'timestamp': 1662109031830, 'level': 2, 'quoteId': 5, 'spreadTable': 1.7, 'spreadRaw': 0.00017}}
Stream received: {'command': 'tickPrices', 'data': {'symbol': 'EURUSD', 'ask': 0.99803, 'bid': 0.99786, 'high': 0.99956, 'low': 0.99422, 'askVolume': 1000000, 'bidVolume': 900000, 'timestamp': 1662109031830, 'level': 2, 'quoteId': 5, 'spreadTable': 1.7, 'spreadRaw': 0.00017}}
Received: {'command': 'tickPrices', 'data': {'symbol': 'EURUSD', 'ask': 0.99809, 'bid': 0.9978, 'high': 0.99956, 'low': 0.99422, 'askVolume': 5000000, 'bidVolume': 3500000, 'timestamp': 1662109031830, 'level': 3, 'quoteId': 5, 'spreadTable': 2.9, 'spreadRaw': 0.00029}}
Stream received: {'command': 'tickPrices', 'data': {'symbol': 'EURUSD', 'ask': 0.99809, 'bid': 0.9978, 'high': 0.99956, 'low': 0.99422, 'askVolume': 5000000, 'bidVolume': 3500000, 'timestamp': 1662109031830, 'level': 3, 'quoteId': 5, 'spreadTable': 2.9, 'spreadRaw': 0.00029}}
Received: {'command': 'tickPrices', 'data': {'symbol': 'EURUSD', 'ask': 0.99819, 'bid': 0.9977, 'high': 0.99956, 'low': 0.99422, 'askVolume': 5000000, 'bidVolume': 5000000, 'timestamp': 1662109031830, 'level': 4, 'quoteId': 5, 'spreadTable': 4.9, 'spreadRaw': 0.00049}}
Stream received: {'command': 'tickPrices', 'data': {'symbol': 'EURUSD', 'ask': 0.99819, 'bid': 0.9977, 'high': 0.99956, 'low': 0.99422, 'askVolume': 5000000, 'bidVolume': 5000000, 'timestamp': 1662109031830, 'level': 4, 'quoteId': 5, 'spreadTable': 4.9, 'spreadRaw': 0.00049}}
Received: {'command': 'tickPrices', 'data': {'symbol': 'EURUSD', 'ask': 0.99798, 'bid': 0.9979, 'high': 0.99956, 'low': 0.99422, 'askVolume': 300000, 'bidVolume': 300000, 'timestamp': 1662109032790, 'level': 0, 'quoteId': 5, 'spreadTable': 0.8, 'spreadRaw': 8e-05}}
Stream received: {'command': 'tickPrices', 'data': {'symbol': 'EURUSD', 'ask': 0.99798, 'bid': 0.9979, 'high': 0.99956, 'low': 0.99422, 'askVolume': 300000, 'bidVolume': 300000, 'timestamp': 1662109032790, 'level': 0, 'quoteId': 5, 'spreadTable': 0.8, 'spreadRaw': 8e-05}}
Received: {'command': 'tickPrices', 'data': {'symbol': 'EURUSD', 'ask': 0.99799, 'bid': 0.99789, 'high': 0.99956, 'low': 0.99422, 'askVolume': 1000000, 'bidVolume': 1000000, 'timestamp': 1662109032790, 'level': 1, 'quoteId': 5, 'spreadTable': 1.0, 'spreadRaw': 0.0001}}
Stream received: {'command': 'tickPrices', 'data': {'symbol': 'EURUSD', 'ask': 0.99799, 'bid': 0.99789, 'high': 0.99956, 'low': 0.99422, 'askVolume': 1000000, 'bidVolume': 1000000, 'timestamp': 1662109032790, 'level': 1, 'quoteId': 5, 'spreadTable': 1.0, 'spreadRaw': 0.0001}}
Received: {'command': 'tickPrices', 'data': {'symbol': 'EURUSD', 'ask': 0.99802, 'bid': 0.99786, 'high': 0.99956, 'low': 0.99422, 'askVolume': 1000000, 'bidVolume': 900000, 'timestamp': 1662109032790, 'level': 2, 'quoteId': 5, 'spreadTable': 1.6, 'spreadRaw': 0.00016}}
Stream received: {'command': 'tickPrices', 'data': {'symbol': 'EURUSD', 'ask': 0.99802, 'bid': 0.99786, 'high': 0.99956, 'low': 0.99422, 'askVolume': 1000000, 'bidVolume': 900000, 'timestamp': 1662109032790, 'level': 2, 'quoteId': 5, 'spreadTable': 1.6, 'spreadRaw': 0.00016}}
Received: {'command': 'tickPrices', 'data': {'symbol': 'EURUSD', 'ask': 0.99808, 'bid': 0.9978, 'high': 0.99956, 'low': 0.99422, 'askVolume': 3500000, 'bidVolume': 3500000, 'timestamp': 1662109032790, 'level': 3, 'quoteId': 5, 'spreadTable': 2.8, 'spreadRaw': 0.00028}}
Stream received: {'command': 'tickPrices', 'data': {'symbol': 'EURUSD', 'ask': 0.99808, 'bid': 0.9978, 'high': 0.99956, 'low': 0.99422, 'askVolume': 3500000, 'bidVolume': 3500000, 'timestamp': 1662109032790, 'level': 3, 'quoteId': 5, 'spreadTable': 2.8, 'spreadRaw': 0.00028}}
Received: {'command': 'tickPrices', 'data': {'symbol': 'EURUSD', 'ask': 0.99818, 'bid': 0.9977, 'high': 0.99956, 'low': 0.99422, 'askVolume': 4000000, 'bidVolume': 4000000, 'timestamp': 1662109032790, 'level': 4, 'quoteId': 5, 'spreadTable': 4.8, 'spreadRaw': 0.00048}}
Stream received: {'command': 'tickPrices', 'data': {'symbol': 'EURUSD', 'ask': 0.99818, 'bid': 0.9977, 'high': 0.99956, 'low': 0.99422, 'askVolume': 4000000, 'bidVolume': 4000000, 'timestamp': 1662109032790, 'level': 4, 'quoteId': 5, 'spreadTable': 4.8, 'spreadRaw': 0.00048}}
Received: {'command': 'tickPrices', 'data': {'symbol': 'EURUSD', 'ask': 0.99798, 'bid': 0.99789, 'high': 0.99956, 'low': 0.99422, 'askVolume': 450000, 'bidVolume': 350000, 'timestamp': 1662109033224, 'level': 0, 'quoteId': 5, 'spreadTable': 0.9, 'spreadRaw': 9e-05}}
Stream received: {'command': 'tickPrices', 'data': {'symbol': 'EURUSD', 'ask': 0.99798, 'bid': 0.99789, 'high': 0.99956, 'low': 0.99422, 'askVolume': 450000, 'bidVolume': 350000, 'timestamp': 1662109033224, 'level': 0, 'quoteId': 5, 'spreadTable': 0.9, 'spreadRaw': 9e-05}}
Received: {'command': 'tickPrices', 'data': {'symbol': 'EURUSD', 'ask': 0.99801, 'bid': 0.99786, 'high': 0.99956, 'low': 0.99422, 'askVolume': 1000000, 'bidVolume': 1000000, 'timestamp': 1662109033224, 'level': 1, 'quoteId': 5, 'spreadTable': 1.5, 'spreadRaw': 0.00015}}
Stream received: {'command': 'tickPrices', 'data': {'symbol': 'EURUSD', 'ask': 0.99801, 'bid': 0.99786, 'high': 0.99956, 'low': 0.99422, 'askVolume': 1000000, 'bidVolume': 1000000, 'timestamp': 1662109033224, 'level': 1, 'quoteId': 5, 'spreadTable': 1.5, 'spreadRaw': 0.00015}}
Received: {'command': 'tickPrices', 'data': {'symbol': 'EURUSD', 'ask': 0.99804, 'bid': 0.99783, 'high': 0.99956, 'low': 0.99422, 'askVolume': 800000, 'bidVolume': 800000, 'timestamp': 1662109033224, 'level': 2, 'quoteId': 5, 'spreadTable': 2.1, 'spreadRaw': 0.00021}}
Stream received: {'command': 'tickPrices', 'data': {'symbol': 'EURUSD', 'ask': 0.99804, 'bid': 0.99783, 'high': 0.99956, 'low': 0.99422, 'askVolume': 800000, 'bidVolume': 800000, 'timestamp': 1662109033224, 'level': 2, 'quoteId': 5, 'spreadTable': 2.1, 'spreadRaw': 0.00021}}
Closing socket
Closing socket
